../BSP/bsp_sd_sdmmc.c:23:1:BSP_SD_SDMMC_Init	16	static
../BSP/bsp_sd_sdmmc.c:49:1:BSP_SD_SDMMC_ITConfig	4	static
../BSP/bsp_sd_sdmmc.c:72:1:BSP_SD_SDMMC_ReadBlocks	40	static
../BSP/bsp_sd_sdmmc.c:101:1:BSP_SD_SDMMC_WriteBlocks	40	static
../BSP/bsp_sd_sdmmc.c:129:1:BSP_SD_SDMMC_ReadBlocks_DMA	32	static
../BSP/bsp_sd_sdmmc.c:156:1:BSP_SD_SDMMC_WriteBlocks_DMA	32	static
../BSP/bsp_sd_sdmmc.c:182:1:BSP_SD_SDMMC_Erase	24	static
../BSP/bsp_sd_sdmmc.c:207:1:BSP_SD_SDMMC_GetCardState	8	static
../BSP/bsp_sd_sdmmc.c:220:1:BSP_SD_SDMMC_GetCardInfo	16	static
../BSP/bsp_sd_sdmmc.c:235:1:HAL_SD_AbortCallback	16	static
../BSP/bsp_sd_sdmmc.c:246:1:HAL_SD_TxCpltCallback	16	static
../BSP/bsp_sd_sdmmc.c:257:1:HAL_SD_RxCpltCallback	16	static
../BSP/bsp_sd_sdmmc.c:269:1:BSP_SD_SDMMC_AbortCallback	4	static
../BSP/bsp_sd_sdmmc.c:279:1:BSP_SD_SDMMC_WriteCpltCallback	4	static
../BSP/bsp_sd_sdmmc.c:289:1:BSP_SD_SDMMC_ReadCpltCallback	4	static
../BSP/bsp_sd_sdmmc.c:299:1:BSP_SD_SDMMC_IsDetected	16	static
