Archive member included to satisfy reference by file (symbol)

C:/ST/STM32CubeIDE_1.16.0/STM32CubeIDE/plugins/com.st.stm32cube.ide.mcu.externaltools.gnu-tools-for-stm32.12.3.rel1.win32_1.0.200.202406191623/tools/bin/../lib/gcc/arm-none-eabi/12.3.1/../../../../arm-none-eabi/lib/thumb/v7e-m+fp/hard\libc_nano.a(libc_a-exit.o)
                              C:/ST/STM32CubeIDE_1.16.0/STM32CubeIDE/plugins/com.st.stm32cube.ide.mcu.externaltools.gnu-tools-for-stm32.12.3.rel1.win32_1.0.200.202406191623/tools/bin/../lib/gcc/arm-none-eabi/12.3.1/../../../../arm-none-eabi/lib/thumb/v7e-m+fp/hard/crt0.o (exit)
C:/ST/STM32CubeIDE_1.16.0/STM32CubeIDE/plugins/com.st.stm32cube.ide.mcu.externaltools.gnu-tools-for-stm32.12.3.rel1.win32_1.0.200.202406191623/tools/bin/../lib/gcc/arm-none-eabi/12.3.1/../../../../arm-none-eabi/lib/thumb/v7e-m+fp/hard\libc_nano.a(libc_a-malloc.o)
                              ./Middlewares/ST/STM32_USB_Device_Library/Class/MSC/Src/usbd_msc.o (malloc)
C:/ST/STM32CubeIDE_1.16.0/STM32CubeIDE/plugins/com.st.stm32cube.ide.mcu.externaltools.gnu-tools-for-stm32.12.3.rel1.win32_1.0.200.202406191623/tools/bin/../lib/gcc/arm-none-eabi/12.3.1/../../../../arm-none-eabi/lib/thumb/v7e-m+fp/hard\libc_nano.a(libc_a-mallocr.o)
                              C:/ST/STM32CubeIDE_1.16.0/STM32CubeIDE/plugins/com.st.stm32cube.ide.mcu.externaltools.gnu-tools-for-stm32.12.3.rel1.win32_1.0.200.202406191623/tools/bin/../lib/gcc/arm-none-eabi/12.3.1/../../../../arm-none-eabi/lib/thumb/v7e-m+fp/hard\libc_nano.a(libc_a-malloc.o) (_malloc_r)
C:/ST/STM32CubeIDE_1.16.0/STM32CubeIDE/plugins/com.st.stm32cube.ide.mcu.externaltools.gnu-tools-for-stm32.12.3.rel1.win32_1.0.200.202406191623/tools/bin/../lib/gcc/arm-none-eabi/12.3.1/../../../../arm-none-eabi/lib/thumb/v7e-m+fp/hard\libc_nano.a(libc_a-mlock.o)
                              C:/ST/STM32CubeIDE_1.16.0/STM32CubeIDE/plugins/com.st.stm32cube.ide.mcu.externaltools.gnu-tools-for-stm32.12.3.rel1.win32_1.0.200.202406191623/tools/bin/../lib/gcc/arm-none-eabi/12.3.1/../../../../arm-none-eabi/lib/thumb/v7e-m+fp/hard\libc_nano.a(libc_a-mallocr.o) (__malloc_lock)
C:/ST/STM32CubeIDE_1.16.0/STM32CubeIDE/plugins/com.st.stm32cube.ide.mcu.externaltools.gnu-tools-for-stm32.12.3.rel1.win32_1.0.200.202406191623/tools/bin/../lib/gcc/arm-none-eabi/12.3.1/../../../../arm-none-eabi/lib/thumb/v7e-m+fp/hard\libc_nano.a(libc_a-findfp.o)
                              C:/ST/STM32CubeIDE_1.16.0/STM32CubeIDE/plugins/com.st.stm32cube.ide.mcu.externaltools.gnu-tools-for-stm32.12.3.rel1.win32_1.0.200.202406191623/tools/bin/../lib/gcc/arm-none-eabi/12.3.1/../../../../arm-none-eabi/lib/thumb/v7e-m+fp/hard\libc_nano.a(libc_a-exit.o) (__stdio_exit_handler)
C:/ST/STM32CubeIDE_1.16.0/STM32CubeIDE/plugins/com.st.stm32cube.ide.mcu.externaltools.gnu-tools-for-stm32.12.3.rel1.win32_1.0.200.202406191623/tools/bin/../lib/gcc/arm-none-eabi/12.3.1/../../../../arm-none-eabi/lib/thumb/v7e-m+fp/hard\libc_nano.a(libc_a-fwalk.o)
                              C:/ST/STM32CubeIDE_1.16.0/STM32CubeIDE/plugins/com.st.stm32cube.ide.mcu.externaltools.gnu-tools-for-stm32.12.3.rel1.win32_1.0.200.202406191623/tools/bin/../lib/gcc/arm-none-eabi/12.3.1/../../../../arm-none-eabi/lib/thumb/v7e-m+fp/hard\libc_nano.a(libc_a-findfp.o) (_fwalk_sglue)
C:/ST/STM32CubeIDE_1.16.0/STM32CubeIDE/plugins/com.st.stm32cube.ide.mcu.externaltools.gnu-tools-for-stm32.12.3.rel1.win32_1.0.200.202406191623/tools/bin/../lib/gcc/arm-none-eabi/12.3.1/../../../../arm-none-eabi/lib/thumb/v7e-m+fp/hard\libc_nano.a(libc_a-stdio.o)
                              C:/ST/STM32CubeIDE_1.16.0/STM32CubeIDE/plugins/com.st.stm32cube.ide.mcu.externaltools.gnu-tools-for-stm32.12.3.rel1.win32_1.0.200.202406191623/tools/bin/../lib/gcc/arm-none-eabi/12.3.1/../../../../arm-none-eabi/lib/thumb/v7e-m+fp/hard\libc_nano.a(libc_a-findfp.o) (__sread)
C:/ST/STM32CubeIDE_1.16.0/STM32CubeIDE/plugins/com.st.stm32cube.ide.mcu.externaltools.gnu-tools-for-stm32.12.3.rel1.win32_1.0.200.202406191623/tools/bin/../lib/gcc/arm-none-eabi/12.3.1/../../../../arm-none-eabi/lib/thumb/v7e-m+fp/hard\libc_nano.a(libc_a-memset.o)
                              C:/ST/STM32CubeIDE_1.16.0/STM32CubeIDE/plugins/com.st.stm32cube.ide.mcu.externaltools.gnu-tools-for-stm32.12.3.rel1.win32_1.0.200.202406191623/tools/bin/../lib/gcc/arm-none-eabi/12.3.1/../../../../arm-none-eabi/lib/thumb/v7e-m+fp/hard/crt0.o (memset)
C:/ST/STM32CubeIDE_1.16.0/STM32CubeIDE/plugins/com.st.stm32cube.ide.mcu.externaltools.gnu-tools-for-stm32.12.3.rel1.win32_1.0.200.202406191623/tools/bin/../lib/gcc/arm-none-eabi/12.3.1/../../../../arm-none-eabi/lib/thumb/v7e-m+fp/hard\libc_nano.a(libc_a-closer.o)
                              C:/ST/STM32CubeIDE_1.16.0/STM32CubeIDE/plugins/com.st.stm32cube.ide.mcu.externaltools.gnu-tools-for-stm32.12.3.rel1.win32_1.0.200.202406191623/tools/bin/../lib/gcc/arm-none-eabi/12.3.1/../../../../arm-none-eabi/lib/thumb/v7e-m+fp/hard\libc_nano.a(libc_a-stdio.o) (_close_r)
[...]
Memory Configuration

Name             Origin             Length             Attributes
RAM              0x20000000         0x00050000         xrw
FLASH            0x08000000         0x00100000         xr
*default*        0x00000000         0xffffffff

Linker script and memory map

LOAD C:/ST/STM32CubeIDE_1.16.0/STM32CubeIDE/plugins/com.st.stm32cube.ide.mcu.externaltools.gnu-tools-for-stm32.12.3.rel1.win32_1.0.200.202406191623/tools/bin/../lib/gcc/arm-none-eabi/12.3.1/thumb/v7e-m+fp/hard/crti.o
LOAD C:/ST/STM32CubeIDE_1.16.0/STM32CubeIDE/plugins/com.st.stm32cube.ide.mcu.externaltools.gnu-tools-for-stm32.12.3.rel1.win32_1.0.200.202406191623/tools/bin/../lib/gcc/arm-none-eabi/12.3.1/thumb/v7e-m+fp/hard/crtbegin.o
LOAD C:/ST/STM32CubeIDE_1.16.0/STM32CubeIDE/plugins/com.st.stm32cube.ide.mcu.externaltools.gnu-tools-for-stm32.12.3.rel1.win32_1.0.200.202406191623/tools/bin/../lib/gcc/arm-none-eabi/12.3.1/../../../../arm-none-eabi/lib/thumb/v7e-m+fp/hard/crt0.o
LOAD ./Core/Src/main.o
LOAD ./Core/Src/stm32f7xx_hal_msp.o
LOAD ./Core/Src/stm32f7xx_it.o
LOAD ./Core/Src/syscalls.o
LOAD ./Core/Src/sysmem.o
LOAD ./Core/Src/system_stm32f7xx.o
LOAD ./Core/Startup/startup_stm32f746nghx.o
LOAD ./Drivers/STM32F7xx_HAL_Driver/Src/stm32f7xx_hal.o
LOAD ./Drivers/STM32F7xx_HAL_Driver/Src/stm32f7xx_hal_cortex.o
LOAD ./Drivers/STM32F7xx_HAL_Driver/Src/stm32f7xx_hal_dma.o
LOAD ./Drivers/STM32F7xx_HAL_Driver/Src/stm32f7xx_hal_dma_ex.o
LOAD ./Drivers/STM32F7xx_HAL_Driver/Src/stm32f7xx_hal_exti.o
LOAD ./Drivers/STM32F7xx_HAL_Driver/Src/stm32f7xx_hal_flash.o
LOAD ./Drivers/STM32F7xx_HAL_Driver/Src/stm32f7xx_hal_flash_ex.o
LOAD ./Drivers/STM32F7xx_HAL_Driver/Src/stm32f7xx_hal_gpio.o
LOAD ./Drivers/STM32F7xx_HAL_Driver/Src/stm32f7xx_hal_i2c.o
LOAD ./Drivers/STM32F7xx_HAL_Driver/Src/stm32f7xx_hal_i2c_ex.o
LOAD ./Drivers/STM32F7xx_HAL_Driver/Src/stm32f7xx_hal_pcd.o
LOAD ./Drivers/STM32F7xx_HAL_Driver/Src/stm32f7xx_hal_pcd_ex.o
LOAD ./Drivers/STM32F7xx_HAL_Driver/Src/stm32f7xx_hal_pwr.o
LOAD ./Drivers/STM32F7xx_HAL_Driver/Src/stm32f7xx_hal_pwr_ex.o
LOAD ./Drivers/STM32F7xx_HAL_Driver/Src/stm32f7xx_hal_rcc.o
LOAD ./Drivers/STM32F7xx_HAL_Driver/Src/stm32f7xx_hal_rcc_ex.o
LOAD ./Drivers/STM32F7xx_HAL_Driver/Src/stm32f7xx_hal_sd.o
LOAD ./Drivers/STM32F7xx_HAL_Driver/Src/stm32f7xx_hal_tim.o
LOAD ./Drivers/STM32F7xx_HAL_Driver/Src/stm32f7xx_hal_tim_ex.o
LOAD ./Drivers/STM32F7xx_HAL_Driver/Src/stm32f7xx_ll_sdmmc.o
LOAD ./Drivers/STM32F7xx_HAL_Driver/Src/stm32f7xx_ll_usb.o
LOAD ./FATFS/App/fatfs.o
LOAD ./FATFS/Target/bsp_driver_sd.o
LOAD ./FATFS/Target/sd_diskio.o
LOAD ./Middlewares/ST/STM32_USB_Device_Library/Class/MSC/Src/usbd_msc.o
LOAD ./Middlewares/ST/STM32_USB_Device_Library/Class/MSC/Src/usbd_msc_bot.o
LOAD ./Middlewares/ST/STM32_USB_Device_Library/Class/MSC/Src/usbd_msc_data.o
LOAD ./Middlewares/ST/STM32_USB_Device_Library/Class/MSC/Src/usbd_msc_scsi.o
LOAD ./Middlewares/ST/STM32_USB_Device_Library/Core/Src/usbd_core.o
LOAD ./Middlewares/ST/STM32_USB_Device_Library/Core/Src/usbd_ctlreq.o
LOAD ./Middlewares/ST/STM32_USB_Device_Library/Core/Src/usbd_ioreq.o
LOAD ./Middlewares/Third_Party/FatFs/src/diskio.o
LOAD ./Middlewares/Third_Party/FatFs/src/ff.o
LOAD ./Middlewares/Third_Party/FatFs/src/ff_gen_drv.o
LOAD ./Middlewares/Third_Party/FatFs/src/option/syscall.o
LOAD ./USB_DEVICE/App/usb_device.o
LOAD ./USB_DEVICE/App/usbd_desc.o
LOAD ./USB_DEVICE/App/usbd_storage_if.o
LOAD ./USB_DEVICE/Target/usbd_conf.o
START GROUP
LOAD C:/ST/STM32CubeIDE_1.16.0/STM32CubeIDE/plugins/com.st.stm32cube.ide.mcu.externaltools.gnu-tools-for-stm32.12.3.rel1.win32_1.0.200.202406191623/tools/bin/../lib/gcc/arm-none-eabi/12.3.1/../../../../arm-none-eabi/lib/thumb/v7e-m+fp/hard\libc_nano.a
LOAD C:/ST/STM32CubeIDE_1.16.0/STM32CubeIDE/plugins/com.st.stm32cube.ide.mcu.externaltools.gnu-tools-for-stm32.12.3.rel1.win32_1.0.200.202406191623/tools/bin/../lib/gcc/arm-none-eabi/12.3.1/../../../../arm-none-eabi/lib/thumb/v7e-m+fp/hard\libm.a
END GROUP
START GROUP
LOAD C:/ST/STM32CubeIDE_1.16.0/STM32CubeIDE/plugins/com.st.stm32cube.ide.mcu.externaltools.gnu-tools-for-stm32.12.3.rel1.win32_1.0.200.202406191623/tools/bin/../lib/gcc/arm-none-eabi/12.3.1/thumb/v7e-m+fp/hard\libgcc.a
LOAD C:/ST/STM32CubeIDE_1.16.0/STM32CubeIDE/plugins/com.st.stm32cube.ide.mcu.externaltools.gnu-tools-for-stm32.12.3.rel1.win32_1.0.200.202406191623/tools/bin/../lib/gcc/arm-none-eabi/12.3.1/../../../../arm-none-eabi/lib/thumb/v7e-m+fp/hard\libc_nano.a
END GROUP
START GROUP
LOAD C:/ST/STM32CubeIDE_1.16.0/STM32CubeIDE/plugins/com.st.stm32cube.ide.mcu.externaltools.gnu-tools-for-stm32.12.3.rel1.win32_1.0.200.202406191623/tools/bin/../lib/gcc/arm-none-eabi/12.3.1/thumb/v7e-m+fp/hard\libgcc.a
LOAD C:/ST/STM32CubeIDE_1.16.0/STM32CubeIDE/plugins/com.st.stm32cube.ide.mcu.externaltools.gnu-tools-for-stm32.12.3.rel1.win32_1.0.200.202406191623/tools/bin/../lib/gcc/arm-none-eabi/12.3.1/../../../../arm-none-eabi/lib/thumb/v7e-m+fp/hard\libc_nano.a
LOAD C:/ST/STM32CubeIDE_1.16.0/STM32CubeIDE/plugins/com.st.stm32cube.ide.mcu.externaltools.gnu-tools-for-stm32.12.3.rel1.win32_1.0.200.202406191623/tools/bin/../lib/gcc/arm-none-eabi/12.3.1/../../../../arm-none-eabi/lib/thumb/v7e-m+fp/hard\libnosys.a
END GROUP
START GROUP
LOAD C:/ST/STM32CubeIDE_1.16.0/STM32CubeIDE/plugins/com.st.stm32cube.ide.mcu.externaltools.gnu-tools-for-stm32.12.3.rel1.win32_1.0.200.202406191623/tools/bin/../lib/gcc/arm-none-eabi/12.3.1/thumb/v7e-m+fp/hard\libgcc.a
LOAD C:/ST/STM32CubeIDE_1.16.0/STM32CubeIDE/plugins/com.st.stm32cube.ide.mcu.externaltools.gnu-tools-for-stm32.12.3.rel1.win32_1.0.200.202406191623/tools/bin/../lib/gcc/arm-none-eabi/12.3.1/../../../../arm-none-eabi/lib/thumb/v7e-m+fp/hard\libc_nano.a
LOAD C:/ST/STM32CubeIDE_1.16.0/STM32CubeIDE/plugins/com.st.stm32cube.ide.mcu.externaltools.gnu-tools-for-stm32.12.3.rel1.win32_1.0.200.202406191623/tools/bin/../lib/gcc/arm-none-eabi/12.3.1/../../../../arm-none-eabi/lib/thumb/v7e-m+fp/hard\libnosys.a
END GROUP
LOAD C:/ST/STM32CubeIDE_1.16.0/STM32CubeIDE/plugins/com.st.stm32cube.ide.mcu.externaltools.gnu-tools-for-stm32.12.3.rel1.win32_1.0.200.202406191623/tools/bin/../lib/gcc/arm-none-eabi/12.3.1/thumb/v7e-m+fp/hard/crtend.o
LOAD C:/ST/STM32CubeIDE_1.16.0/STM32CubeIDE/plugins/com.st.stm32cube.ide.mcu.externaltools.gnu-tools-for-stm32.12.3.rel1.win32_1.0.200.202406191623/tools/bin/../lib/gcc/arm-none-eabi/12.3.1/thumb/v7e-m+fp/hard/crtn.o
                0x20050000                        _estack = (ORIGIN (RAM) + LENGTH (RAM))
                0x00000200                        _Min_Heap_Size = 0x200
                0x00000400                        _Min_Stack_Size = 0x400

.isr_vector     0x08000000      0x1c8
                0x08000000                        . = ALIGN (0x4)
 *(.isr_vector)
 .isr_vector    0x08000000      0x1c8 ./Core/Startup/startup_stm32f746nghx.o
                0x08000000                g_pfnVectors
                0x080001c8                        . = ALIGN (0x4)

.text           0x080001c8     0xc2ac
                0x080001c8                        . = ALIGN (0x4)
 *(.text)
 .text          0x080001c8       0x40 C:/ST/STM32CubeIDE_1.16.0/STM32CubeIDE/plugins/com.st.stm32cube.ide.mcu.externaltools.gnu-tools-for-stm32.12.3.rel1.win32_1.0.200.202406191623/tools/bin/../lib/gcc/arm-none-eabi/12.3.1/thumb/v7e-m+fp/hard/crtbegin.o
 .text          0x08000208       0x30 C:/ST/STM32CubeIDE_1.16.0/STM32CubeIDE/plugins/com.st.stm32cube.ide.mcu.externaltools.gnu-tools-for-stm32.12.3.rel1.win32_1.0.200.202406191623/tools/bin/../lib/gcc/arm-none-eabi/12.3.1/thumb/v7e-m+fp/hard\libgcc.a(_aeabi_uldivmod.o)
                0x08000208                __aeabi_uldivmod
 .text          0x08000238      0x2bc C:/ST/STM32CubeIDE_1.16.0/STM32CubeIDE/plugins/com.st.stm32cube.ide.mcu.externaltools.gnu-tools-for-stm32.12.3.rel1.win32_1.0.200.202406191623/tools/bin/../lib/gcc/arm-none-eabi/12.3.1/thumb/v7e-m+fp/hard\libgcc.a(_udivmoddi4.o)
                0x08000238                __udivmoddi4
 .text          0x080004f4        0x4 C:/ST/STM32CubeIDE_1.16.0/STM32CubeIDE/plugins/com.st.stm32cube.ide.mcu.externaltools.gnu-tools-for-stm32.12.3.rel1.win32_1.0.200.202406191623/tools/bin/../lib/gcc/arm-none-eabi/12.3.1/thumb/v7e-m+fp/hard\libgcc.a(_dvmd_tls.o)
                0x080004f4                __aeabi_idiv0
                0x080004f4                __aeabi_ldiv0
 *(.text*)
 .text.main     0x080004f8       0x74 ./Core/Src/main.o
                0x080004f8                main
 .text.SystemClock_Config
                0x0800056c       0xdc ./Core/Src/main.o
                0x0800056c                SystemClock_Config
 .text.MX_SDMMC1_SD_Init
                0x08000648       0x40 ./Core/Src/main.o
 .text.MX_DMA_Init
                0x08000688       0x4c ./Core/Src/main.o
 .text.MX_GPIO_Init
                0x080006d4       0x78 ./Core/Src/main.o
 .text.MPU_Config
                0x0800074c       0x58 ./Core/Src/main.o
 .text.Error_Handler
                0x080007a4        0xc ./Core/Src/main.o
                0x080007a4                Error_Handler
 .text.HAL_MspInit
                0x080007b0       0x48 ./Core/Src/stm32f7xx_hal_msp.o
                0x080007b0                HAL_MspInit
 .text.HAL_SD_MspInit
                0x080007f8      0x20c ./Core/Src/stm32f7xx_hal_msp.o
                0x080007f8                HAL_SD_MspInit
 .text.NMI_Handler
                0x08000a04        0x8 ./Core/Src/stm32f7xx_it.o
                0x08000a04                NMI_Handler
 .text.HardFault_Handler
                0x08000a0c        0x8 ./Core/Src/stm32f7xx_it.o
                0x08000a0c                HardFault_Handler
 .text.MemManage_Handler
                0x08000a14        0x8 ./Core/Src/stm32f7xx_it.o
                0x08000a14                MemManage_Handler
 .text.BusFault_Handler
                0x08000a1c        0x8 ./Core/Src/stm32f7xx_it.o
                0x08000a1c                BusFault_Handler
 .text.UsageFault_Handler
                0x08000a24        0x8 ./Core/Src/stm32f7xx_it.o
                0x08000a24                UsageFault_Handler
 .text.SVC_Handler
                0x08000a2c        0xe ./Core/Src/stm32f7xx_it.o
                0x08000a2c                SVC_Handler
 .text.DebugMon_Handler
                0x08000a3a        0xe ./Core/Src/stm32f7xx_it.o
                0x08000a3a                DebugMon_Handler
 .text.PendSV_Handler
                0x08000a48        0xe ./Core/Src/stm32f7xx_it.o
                0x08000a48                PendSV_Handler
 .text.SysTick_Handler
                0x08000a56        0xc ./Core/Src/stm32f7xx_it.o
                0x08000a56                SysTick_Handler
 *fill*         0x08000a62        0x2 
 .text.DMA2_Stream3_IRQHandler
                0x08000a64       0x14 ./Core/Src/stm32f7xx_it.o
                0x08000a64                DMA2_Stream3_IRQHandler
 .text.OTG_FS_IRQHandler
                0x08000a78       0x14 ./Core/Src/stm32f7xx_it.o
                0x08000a78                OTG_FS_IRQHandler
 .text.DMA2_Stream6_IRQHandler
                0x08000a8c       0x14 ./Core/Src/stm32f7xx_it.o
                0x08000a8c                DMA2_Stream6_IRQHandler
 .text._sbrk    0x08000aa0       0x6c ./Core/Src/sysmem.o
                0x08000aa0                _sbrk
 .text.SystemInit
                0x08000b0c       0x24 ./Core/Src/system_stm32f7xx.o
                0x08000b0c                SystemInit
 .text.Reset_Handler
                0x08000b30       0x50 ./Core/Startup/startup_stm32f746nghx.o
                0x08000b30                Reset_Handler
 .text.Default_Handler
                0x08000b80        0x2 ./Core/Startup/startup_stm32f746nghx.o
                0x08000b80                RTC_Alarm_IRQHandler
                0x08000b80                EXTI2_IRQHandler
                0x08000b80                TIM8_CC_IRQHandler
                0x08000b80                UART8_IRQHandler
                0x08000b80                SPI4_IRQHandler
                0x08000b80                TIM1_CC_IRQHandler
                0x08000b80                DMA2_Stream5_IRQHandler
                0x08000b80                DMA1_Stream5_IRQHandler
                0x08000b80                PVD_IRQHandler
                0x08000b80                TAMP_STAMP_IRQHandler
                0x08000b80                CAN2_RX1_IRQHandler
                0x08000b80                EXTI3_IRQHandler
                0x08000b80                TIM8_TRG_COM_TIM14_IRQHandler
                0x08000b80                TIM1_UP_TIM10_IRQHandler
                0x08000b80                TIM8_UP_TIM13_IRQHandler
                0x08000b80                I2C3_ER_IRQHandler
                0x08000b80                EXTI0_IRQHandler
                0x08000b80                I2C2_EV_IRQHandler
                0x08000b80                DMA1_Stream2_IRQHandler
                0x08000b80                CAN1_RX0_IRQHandler
                0x08000b80                FPU_IRQHandler
                0x08000b80                OTG_HS_WKUP_IRQHandler
                0x08000b80                LTDC_ER_IRQHandler
                0x08000b80                CAN2_SCE_IRQHandler
                0x08000b80                DMA2_Stream2_IRQHandler
                0x08000b80                SPI1_IRQHandler
                0x08000b80                TIM6_DAC_IRQHandler
                0x08000b80                TIM1_BRK_TIM9_IRQHandler
                0x08000b80                DCMI_IRQHandler
                0x08000b80                CAN2_RX0_IRQHandler
                0x08000b80                SAI2_IRQHandler
                0x08000b80                USART6_IRQHandler
                0x08000b80                USART3_IRQHandler
                0x08000b80                CAN1_RX1_IRQHandler
                0x08000b80                UART5_IRQHandler
                0x08000b80                DMA2_Stream0_IRQHandler
                0x08000b80                TIM4_IRQHandler
                0x08000b80                QUADSPI_IRQHandler
                0x08000b80                I2C1_EV_IRQHandler
                0x08000b80                DMA1_Stream6_IRQHandler
                0x08000b80                DMA1_Stream1_IRQHandler
                0x08000b80                UART4_IRQHandler
                0x08000b80                TIM3_IRQHandler
                0x08000b80                RCC_IRQHandler
                0x08000b80                TIM8_BRK_TIM12_IRQHandler
                0x08000b80                Default_Handler
                0x08000b80                CEC_IRQHandler
                0x08000b80                EXTI15_10_IRQHandler
                0x08000b80                ADC_IRQHandler
                0x08000b80                DMA1_Stream7_IRQHandler
                0x08000b80                SPI5_IRQHandler
                0x08000b80                TIM7_IRQHandler
                0x08000b80                SDMMC1_IRQHandler
                0x08000b80                CAN2_TX_IRQHandler
                0x08000b80                TIM5_IRQHandler
                0x08000b80                DMA2_Stream7_IRQHandler
                0x08000b80                I2C3_EV_IRQHandler
                0x08000b80                EXTI9_5_IRQHandler
                0x08000b80                RTC_WKUP_IRQHandler
                0x08000b80                LTDC_IRQHandler
                0x08000b80                ETH_WKUP_IRQHandler
                0x08000b80                SPDIF_RX_IRQHandler
                0x08000b80                SPI2_IRQHandler
                0x08000b80                OTG_HS_EP1_IN_IRQHandler
                0x08000b80                DMA1_Stream0_IRQHandler
                0x08000b80                CAN1_TX_IRQHandler
                0x08000b80                EXTI4_IRQHandler
                0x08000b80                RNG_IRQHandler
                0x08000b80                ETH_IRQHandler
                0x08000b80                OTG_HS_EP1_OUT_IRQHandler
                0x08000b80                WWDG_IRQHandler
                0x08000b80                SPI6_IRQHandler
                0x08000b80                I2C4_EV_IRQHandler
                0x08000b80                TIM2_IRQHandler
                0x08000b80                OTG_FS_WKUP_IRQHandler
                0x08000b80                TIM1_TRG_COM_TIM11_IRQHandler
                0x08000b80                OTG_HS_IRQHandler
                0x08000b80                DMA2D_IRQHandler
                0x08000b80                EXTI1_IRQHandler
                0x08000b80                UART7_IRQHandler
                0x08000b80                USART2_IRQHandler
                0x08000b80                I2C2_ER_IRQHandler
                0x08000b80                DMA2_Stream1_IRQHandler
                0x08000b80                CAN1_SCE_IRQHandler
                0x08000b80                FLASH_IRQHandler
                0x08000b80                DMA2_Stream4_IRQHandler
                0x08000b80                USART1_IRQHandler
                0x08000b80                SPI3_IRQHandler
                0x08000b80                DMA1_Stream4_IRQHandler
                0x08000b80                I2C1_ER_IRQHandler
                0x08000b80                FMC_IRQHandler
                0x08000b80                LPTIM1_IRQHandler
                0x08000b80                I2C4_ER_IRQHandler
                0x08000b80                SAI1_IRQHandler
                0x08000b80                DMA1_Stream3_IRQHandler
 .text.HAL_Init
                0x08000b82       0x1a ./Drivers/STM32F7xx_HAL_Driver/Src/stm32f7xx_hal.o
                0x08000b82                HAL_Init
 .text.HAL_InitTick
                0x08000b9c       0x60 ./Drivers/STM32F7xx_HAL_Driver/Src/stm32f7xx_hal.o
                0x08000b9c                HAL_InitTick
 .text.HAL_IncTick
                0x08000bfc       0x28 ./Drivers/STM32F7xx_HAL_Driver/Src/stm32f7xx_hal.o
                0x08000bfc                HAL_IncTick
 .text.HAL_GetTick
                0x08000c24       0x18 ./Drivers/STM32F7xx_HAL_Driver/Src/stm32f7xx_hal.o
                0x08000c24                HAL_GetTick
 .text.HAL_Delay
                0x08000c3c       0x48 ./Drivers/STM32F7xx_HAL_Driver/Src/stm32f7xx_hal.o
                0x08000c3c                HAL_Delay
 .text.__NVIC_SetPriorityGrouping
                0x08000c84       0x48 ./Drivers/STM32F7xx_HAL_Driver/Src/stm32f7xx_hal_cortex.o
 .text.__NVIC_GetPriorityGrouping
                0x08000ccc       0x1c ./Drivers/STM32F7xx_HAL_Driver/Src/stm32f7xx_hal_cortex.o
 .text.__NVIC_EnableIRQ
                0x08000ce8       0x3c ./Drivers/STM32F7xx_HAL_Driver/Src/stm32f7xx_hal_cortex.o
 .text.__NVIC_SetPriority
                0x08000d24       0x54 ./Drivers/STM32F7xx_HAL_Driver/Src/stm32f7xx_hal_cortex.o
 .text.NVIC_EncodePriority
                0x08000d78       0x66 ./Drivers/STM32F7xx_HAL_Driver/Src/stm32f7xx_hal_cortex.o
 *fill*         0x08000dde        0x2 
 .text.SysTick_Config
                0x08000de0       0x44 ./Drivers/STM32F7xx_HAL_Driver/Src/stm32f7xx_hal_cortex.o
 .text.HAL_NVIC_SetPriorityGrouping
                0x08000e24       0x16 ./Drivers/STM32F7xx_HAL_Driver/Src/stm32f7xx_hal_cortex.o
                0x08000e24                HAL_NVIC_SetPriorityGrouping
 .text.HAL_NVIC_SetPriority
                0x08000e3a       0x38 ./Drivers/STM32F7xx_HAL_Driver/Src/stm32f7xx_hal_cortex.o
                0x08000e3a                HAL_NVIC_SetPriority
 .text.HAL_NVIC_EnableIRQ
                0x08000e72       0x1c ./Drivers/STM32F7xx_HAL_Driver/Src/stm32f7xx_hal_cortex.o
                0x08000e72                HAL_NVIC_EnableIRQ
 .text.HAL_SYSTICK_Config
                0x08000e8e       0x18 ./Drivers/STM32F7xx_HAL_Driver/Src/stm32f7xx_hal_cortex.o
                0x08000e8e                HAL_SYSTICK_Config
 *fill*         0x08000ea6        0x2 
 .text.HAL_MPU_Disable
                0x08000ea8       0x30 ./Drivers/STM32F7xx_HAL_Driver/Src/stm32f7xx_hal_cortex.o
                0x08000ea8                HAL_MPU_Disable
 .text.HAL_MPU_Enable
                0x08000ed8       0x40 ./Drivers/STM32F7xx_HAL_Driver/Src/stm32f7xx_hal_cortex.o
                0x08000ed8                HAL_MPU_Enable
 .text.HAL_MPU_ConfigRegion
                0x08000f18       0x80 ./Drivers/STM32F7xx_HAL_Driver/Src/stm32f7xx_hal_cortex.o
                0x08000f18                HAL_MPU_ConfigRegion
 .text.HAL_DMA_Init
                0x08000f98      0x15c ./Drivers/STM32F7xx_HAL_Driver/Src/stm32f7xx_hal_dma.o
                0x08000f98                HAL_DMA_Init
 .text.HAL_DMA_Start_IT
                0x080010f4       0xc0 ./Drivers/STM32F7xx_HAL_Driver/Src/stm32f7xx_hal_dma.o
                0x080010f4                HAL_DMA_Start_IT
 .text.HAL_DMA_IRQHandler
                0x080011b4      0x314 ./Drivers/STM32F7xx_HAL_Driver/Src/stm32f7xx_hal_dma.o
                0x080011b4                HAL_DMA_IRQHandler
 .text.HAL_DMA_GetError
                0x080014c8       0x18 ./Drivers/STM32F7xx_HAL_Driver/Src/stm32f7xx_hal_dma.o
                0x080014c8                HAL_DMA_GetError
 .text.DMA_SetConfig
                0x080014e0       0x5c ./Drivers/STM32F7xx_HAL_Driver/Src/stm32f7xx_hal_dma.o
 .text.DMA_CalcBaseAndBitshift
                0x0800153c       0x6c ./Drivers/STM32F7xx_HAL_Driver/Src/stm32f7xx_hal_dma.o
 .text.DMA_CheckFifoParam
                0x080015a8       0xf8 ./Drivers/STM32F7xx_HAL_Driver/Src/stm32f7xx_hal_dma.o
 .text.HAL_GPIO_Init
                0x080016a0      0x358 ./Drivers/STM32F7xx_HAL_Driver/Src/stm32f7xx_hal_gpio.o
                0x080016a0                HAL_GPIO_Init
 .text.HAL_PCD_Init
                0x080019f8      0x22c ./Drivers/STM32F7xx_HAL_Driver/Src/stm32f7xx_hal_pcd.o
                0x080019f8                HAL_PCD_Init
 .text.HAL_PCD_Start
                0x08001c24       0x44 ./Drivers/STM32F7xx_HAL_Driver/Src/stm32f7xx_hal_pcd.o
                0x08001c24                HAL_PCD_Start
 .text.HAL_PCD_IRQHandler
                0x08001c68      0x99c ./Drivers/STM32F7xx_HAL_Driver/Src/stm32f7xx_hal_pcd.o
                0x08001c68                HAL_PCD_IRQHandler
 .text.HAL_PCD_SetAddress
                0x08002604       0x48 ./Drivers/STM32F7xx_HAL_Driver/Src/stm32f7xx_hal_pcd.o
                0x08002604                HAL_PCD_SetAddress
 .text.HAL_PCD_EP_Open
                0x0800264c       0xd0 ./Drivers/STM32F7xx_HAL_Driver/Src/stm32f7xx_hal_pcd.o
                0x0800264c                HAL_PCD_EP_Open
 .text.HAL_PCD_EP_Close
                0x0800271c       0x94 ./Drivers/STM32F7xx_HAL_Driver/Src/stm32f7xx_hal_pcd.o
                0x0800271c                HAL_PCD_EP_Close
 .text.HAL_PCD_EP_Receive
                0x080027b0       0x76 ./Drivers/STM32F7xx_HAL_Driver/Src/stm32f7xx_hal_pcd.o
                0x080027b0                HAL_PCD_EP_Receive
 .text.HAL_PCD_EP_GetRxCount
                0x08002826       0x30 ./Drivers/STM32F7xx_HAL_Driver/Src/stm32f7xx_hal_pcd.o
                0x08002826                HAL_PCD_EP_GetRxCount
 .text.HAL_PCD_EP_Transmit
                0x08002856       0x74 ./Drivers/STM32F7xx_HAL_Driver/Src/stm32f7xx_hal_pcd.o
                0x08002856                HAL_PCD_EP_Transmit
 .text.HAL_PCD_EP_SetStall
                0x080028ca       0xc6 ./Drivers/STM32F7xx_HAL_Driver/Src/stm32f7xx_hal_pcd.o
                0x080028ca                HAL_PCD_EP_SetStall
 .text.HAL_PCD_EP_ClrStall
                0x08002990       0xac ./Drivers/STM32F7xx_HAL_Driver/Src/stm32f7xx_hal_pcd.o
                0x08002990                HAL_PCD_EP_ClrStall
 .text.HAL_PCD_EP_Abort
                0x08002a3c       0x62 ./Drivers/STM32F7xx_HAL_Driver/Src/stm32f7xx_hal_pcd.o
                0x08002a3c                HAL_PCD_EP_Abort
 .text.HAL_PCD_EP_Flush
                0x08002a9e       0x5a ./Drivers/STM32F7xx_HAL_Driver/Src/stm32f7xx_hal_pcd.o
                0x08002a9e                HAL_PCD_EP_Flush
 .text.PCD_WriteEmptyTxFifo
                0x08002af8      0x118 ./Drivers/STM32F7xx_HAL_Driver/Src/stm32f7xx_hal_pcd.o
 .text.PCD_EP_OutXfrComplete_int
                0x08002c10      0x1d0 ./Drivers/STM32F7xx_HAL_Driver/Src/stm32f7xx_hal_pcd.o
 .text.PCD_EP_OutSetupPacket_int
                0x08002de0       0x8c ./Drivers/STM32F7xx_HAL_Driver/Src/stm32f7xx_hal_pcd.o
 .text.HAL_PCDEx_SetTxFiFo
                0x08002e6c       0x8e ./Drivers/STM32F7xx_HAL_Driver/Src/stm32f7xx_hal_pcd_ex.o
                0x08002e6c                HAL_PCDEx_SetTxFiFo
 .text.HAL_PCDEx_SetRxFiFo
                0x08002efa       0x22 ./Drivers/STM32F7xx_HAL_Driver/Src/stm32f7xx_hal_pcd_ex.o
                0x08002efa                HAL_PCDEx_SetRxFiFo
 .text.HAL_PCDEx_ActivateLPM
                0x08002f1c       0x48 ./Drivers/STM32F7xx_HAL_Driver/Src/stm32f7xx_hal_pcd_ex.o
                0x08002f1c                HAL_PCDEx_ActivateLPM
 .text.HAL_PWREx_EnableOverDrive
                0x08002f64       0xa0 ./Drivers/STM32F7xx_HAL_Driver/Src/stm32f7xx_hal_pwr_ex.o
                0x08002f64                HAL_PWREx_EnableOverDrive
 .text.HAL_RCC_OscConfig
                0x08003004      0x548 ./Drivers/STM32F7xx_HAL_Driver/Src/stm32f7xx_hal_rcc.o
                0x08003004                HAL_RCC_OscConfig
 .text.HAL_RCC_ClockConfig
                0x0800354c      0x1d8 ./Drivers/STM32F7xx_HAL_Driver/Src/stm32f7xx_hal_rcc.o
                0x0800354c                HAL_RCC_ClockConfig
 .text.HAL_RCC_GetSysClockFreq
                0x08003724      0x18c ./Drivers/STM32F7xx_HAL_Driver/Src/stm32f7xx_hal_rcc.o
                0x08003724                HAL_RCC_GetSysClockFreq
 .text.HAL_RCC_GetHCLKFreq
                0x080038b0       0x18 ./Drivers/STM32F7xx_HAL_Driver/Src/stm32f7xx_hal_rcc.o
                0x080038b0                HAL_RCC_GetHCLKFreq
 .text.HAL_RCCEx_PeriphCLKConfig
                0x080038c8      0x7e0 ./Drivers/STM32F7xx_HAL_Driver/Src/stm32f7xx_hal_rcc_ex.o
                0x080038c8                HAL_RCCEx_PeriphCLKConfig
 .text.HAL_SD_Init
                0x080040a8       0x60 ./Drivers/STM32F7xx_HAL_Driver/Src/stm32f7xx_hal_sd.o
                0x080040a8                HAL_SD_Init
 .text.HAL_SD_InitCard
                0x08004108      0x110 ./Drivers/STM32F7xx_HAL_Driver/Src/stm32f7xx_hal_sd.o
                0x08004108                HAL_SD_InitCard
 .text.HAL_SD_ReadBlocks_DMA
                0x08004218      0x1c4 ./Drivers/STM32F7xx_HAL_Driver/Src/stm32f7xx_hal_sd.o
                0x08004218                HAL_SD_ReadBlocks_DMA
 .text.HAL_SD_WriteBlocks_DMA
                0x080043dc      0x1cc ./Drivers/STM32F7xx_HAL_Driver/Src/stm32f7xx_hal_sd.o
                0x080043dc                HAL_SD_WriteBlocks_DMA
 .text.HAL_SD_ErrorCallback
                0x080045a8       0x14 ./Drivers/STM32F7xx_HAL_Driver/Src/stm32f7xx_hal_sd.o
                0x080045a8                HAL_SD_ErrorCallback
 .text.HAL_SD_GetCardCSD
                0x080045bc      0x348 ./Drivers/STM32F7xx_HAL_Driver/Src/stm32f7xx_hal_sd.o
                0x080045bc                HAL_SD_GetCardCSD
 .text.HAL_SD_GetCardInfo
                0x08004904       0x58 ./Drivers/STM32F7xx_HAL_Driver/Src/stm32f7xx_hal_sd.o
                0x08004904                HAL_SD_GetCardInfo
 .text.HAL_SD_ConfigWideBusOperation
                0x0800495c      0x134 ./Drivers/STM32F7xx_HAL_Driver/Src/stm32f7xx_hal_sd.o
                0x0800495c                HAL_SD_ConfigWideBusOperation
 .text.HAL_SD_GetCardState
                0x08004a90       0x40 ./Drivers/STM32F7xx_HAL_Driver/Src/stm32f7xx_hal_sd.o
                0x08004a90                HAL_SD_GetCardState
 .text.SD_DMATransmitCplt
                0x08004ad0       0x2a ./Drivers/STM32F7xx_HAL_Driver/Src/stm32f7xx_hal_sd.o
 .text.SD_DMAReceiveCplt
                0x08004afa       0x70 ./Drivers/STM32F7xx_HAL_Driver/Src/stm32f7xx_hal_sd.o
 *fill*         0x08004b6a        0x2 
 .text.SD_DMAError
                0x08004b6c       0xa4 ./Drivers/STM32F7xx_HAL_Driver/Src/stm32f7xx_hal_sd.o
 .text.SD_InitCard
                0x08004c10      0x19c ./Drivers/STM32F7xx_HAL_Driver/Src/stm32f7xx_hal_sd.o
 .text.SD_PowerON
                0x08004dac      0x11c ./Drivers/STM32F7xx_HAL_Driver/Src/stm32f7xx_hal_sd.o
 .text.SD_SendStatus
                0x08004ec8       0x50 ./Drivers/STM32F7xx_HAL_Driver/Src/stm32f7xx_hal_sd.o
 .text.SD_WideBus_Enable
                0x08004f18       0x96 ./Drivers/STM32F7xx_HAL_Driver/Src/stm32f7xx_hal_sd.o
 .text.SD_WideBus_Disable
                0x08004fae       0x96 ./Drivers/STM32F7xx_HAL_Driver/Src/stm32f7xx_hal_sd.o
 .text.SD_FindSCR
                0x08005044      0x1a6 ./Drivers/STM32F7xx_HAL_Driver/Src/stm32f7xx_hal_sd.o
 *fill*         0x080051ea        0x2 
 .text.SDMMC_Init
                0x080051ec       0x58 ./Drivers/STM32F7xx_HAL_Driver/Src/stm32f7xx_ll_sdmmc.o
                0x080051ec                SDMMC_Init
 .text.SDMMC_ReadFIFO
                0x08005244       0x1a ./Drivers/STM32F7xx_HAL_Driver/Src/stm32f7xx_ll_sdmmc.o
                0x08005244                SDMMC_ReadFIFO
 .text.SDMMC_PowerState_ON
                0x0800525e       0x1c ./Drivers/STM32F7xx_HAL_Driver/Src/stm32f7xx_ll_sdmmc.o
                0x0800525e                SDMMC_PowerState_ON
 .text.SDMMC_GetPowerState
                0x0800527a       0x1c ./Drivers/STM32F7xx_HAL_Driver/Src/stm32f7xx_ll_sdmmc.o
                0x0800527a                SDMMC_GetPowerState
 *fill*         0x08005296        0x2 
 .text.SDMMC_SendCommand
                0x08005298       0x54 ./Drivers/STM32F7xx_HAL_Driver/Src/stm32f7xx_ll_sdmmc.o
                0x08005298                SDMMC_SendCommand
 .text.SDMMC_GetCommandResponse
                0x080052ec       0x1a ./Drivers/STM32F7xx_HAL_Driver/Src/stm32f7xx_ll_sdmmc.o
                0x080052ec                SDMMC_GetCommandResponse
 .text.SDMMC_GetResponse
                0x08005306       0x26 ./Drivers/STM32F7xx_HAL_Driver/Src/stm32f7xx_ll_sdmmc.o
                0x08005306                SDMMC_GetResponse
 .text.SDMMC_ConfigData
                0x0800532c       0x58 ./Drivers/STM32F7xx_HAL_Driver/Src/stm32f7xx_ll_sdmmc.o
                0x0800532c                SDMMC_ConfigData
 .text.SDMMC_CmdBlockLength
                0x08005384       0x44 ./Drivers/STM32F7xx_HAL_Driver/Src/stm32f7xx_ll_sdmmc.o
                0x08005384                SDMMC_CmdBlockLength
 .text.SDMMC_CmdReadSingleBlock
                0x080053c8       0x44 ./Drivers/STM32F7xx_HAL_Driver/Src/stm32f7xx_ll_sdmmc.o
                0x080053c8                SDMMC_CmdReadSingleBlock
 .text.SDMMC_CmdReadMultiBlock
                0x0800540c       0x44 ./Drivers/STM32F7xx_HAL_Driver/Src/stm32f7xx_ll_sdmmc.o
                0x0800540c                SDMMC_CmdReadMultiBlock
 .text.SDMMC_CmdWriteSingleBlock
                0x08005450       0x44 ./Drivers/STM32F7xx_HAL_Driver/Src/stm32f7xx_ll_sdmmc.o
                0x08005450                SDMMC_CmdWriteSingleBlock
 .text.SDMMC_CmdWriteMultiBlock
                0x08005494       0x44 ./Drivers/STM32F7xx_HAL_Driver/Src/stm32f7xx_ll_sdmmc.o
                0x08005494                SDMMC_CmdWriteMultiBlock
 .text.SDMMC_CmdStopTransfer
                0x080054d8       0x44 ./Drivers/STM32F7xx_HAL_Driver/Src/stm32f7xx_ll_sdmmc.o
                0x080054d8                SDMMC_CmdStopTransfer
 .text.SDMMC_CmdSelDesel
                0x0800551c       0x46 ./Drivers/STM32F7xx_HAL_Driver/Src/stm32f7xx_ll_sdmmc.o
                0x0800551c                SDMMC_CmdSelDesel
 .text.SDMMC_CmdGoIdleState
                0x08005562       0x3c ./Drivers/STM32F7xx_HAL_Driver/Src/stm32f7xx_ll_sdmmc.o
                0x08005562                SDMMC_CmdGoIdleState
 .text.SDMMC_CmdOperCond
                0x0800559e       0x3e ./Drivers/STM32F7xx_HAL_Driver/Src/stm32f7xx_ll_sdmmc.o
                0x0800559e                SDMMC_CmdOperCond
 .text.SDMMC_CmdAppCommand
                0x080055dc       0x44 ./Drivers/STM32F7xx_HAL_Driver/Src/stm32f7xx_ll_sdmmc.o
                0x080055dc                SDMMC_CmdAppCommand
 .text.SDMMC_CmdAppOperCommand
                0x08005620       0x48 ./Drivers/STM32F7xx_HAL_Driver/Src/stm32f7xx_ll_sdmmc.o
                0x08005620                SDMMC_CmdAppOperCommand
 .text.SDMMC_CmdBusWidth
                0x08005668       0x44 ./Drivers/STM32F7xx_HAL_Driver/Src/stm32f7xx_ll_sdmmc.o
                0x08005668                SDMMC_CmdBusWidth
 .text.SDMMC_CmdSendSCR
                0x080056ac       0x42 ./Drivers/STM32F7xx_HAL_Driver/Src/stm32f7xx_ll_sdmmc.o
                0x080056ac                SDMMC_CmdSendSCR
 .text.SDMMC_CmdSendCID
                0x080056ee       0x3c ./Drivers/STM32F7xx_HAL_Driver/Src/stm32f7xx_ll_sdmmc.o
                0x080056ee                SDMMC_CmdSendCID
 .text.SDMMC_CmdSendCSD
                0x0800572a       0x3e ./Drivers/STM32F7xx_HAL_Driver/Src/stm32f7xx_ll_sdmmc.o
                0x0800572a                SDMMC_CmdSendCSD
 .text.SDMMC_CmdSetRelAdd
                0x08005768       0x42 ./Drivers/STM32F7xx_HAL_Driver/Src/stm32f7xx_ll_sdmmc.o
                0x08005768                SDMMC_CmdSetRelAdd
 .text.SDMMC_CmdSendStatus
                0x080057aa       0x44 ./Drivers/STM32F7xx_HAL_Driver/Src/stm32f7xx_ll_sdmmc.o
                0x080057aa                SDMMC_CmdSendStatus
 *fill*         0x080057ee        0x2 
 .text.SDMMC_GetCmdResp1
                0x080057f0      0x1dc ./Drivers/STM32F7xx_HAL_Driver/Src/stm32f7xx_ll_sdmmc.o
                0x080057f0                SDMMC_GetCmdResp1
 .text.SDMMC_GetCmdResp2
                0x080059cc       0x90 ./Drivers/STM32F7xx_HAL_Driver/Src/stm32f7xx_ll_sdmmc.o
                0x080059cc                SDMMC_GetCmdResp2
 .text.SDMMC_GetCmdResp3
                0x08005a5c       0x7c ./Drivers/STM32F7xx_HAL_Driver/Src/stm32f7xx_ll_sdmmc.o
                0x08005a5c                SDMMC_GetCmdResp3
 .text.SDMMC_GetCmdResp6
                0x08005ad8       0xec ./Drivers/STM32F7xx_HAL_Driver/Src/stm32f7xx_ll_sdmmc.o
                0x08005ad8                SDMMC_GetCmdResp6
 .text.SDMMC_GetCmdResp7
                0x08005bc4       0x9c ./Drivers/STM32F7xx_HAL_Driver/Src/stm32f7xx_ll_sdmmc.o
                0x08005bc4                SDMMC_GetCmdResp7
 .text.SDMMC_GetCmdError
                0x08005c60       0x58 ./Drivers/STM32F7xx_HAL_Driver/Src/stm32f7xx_ll_sdmmc.o
 .text.USB_CoreInit
                0x08005cb8       0xb4 ./Drivers/STM32F7xx_HAL_Driver/Src/stm32f7xx_ll_usb.o
                0x08005cb8                USB_CoreInit
 .text.USB_SetTurnaroundTime
                0x08005d6c      0x144 ./Drivers/STM32F7xx_HAL_Driver/Src/stm32f7xx_ll_usb.o
                0x08005d6c                USB_SetTurnaroundTime
 .text.USB_EnableGlobalInt
                0x08005eb0       0x22 ./Drivers/STM32F7xx_HAL_Driver/Src/stm32f7xx_ll_usb.o
                0x08005eb0                USB_EnableGlobalInt
 .text.USB_DisableGlobalInt
                0x08005ed2       0x22 ./Drivers/STM32F7xx_HAL_Driver/Src/stm32f7xx_ll_usb.o
                0x08005ed2                USB_DisableGlobalInt
 .text.USB_SetCurrentMode
                0x08005ef4       0x98 ./Drivers/STM32F7xx_HAL_Driver/Src/stm32f7xx_ll_usb.o
                0x08005ef4                USB_SetCurrentMode
 .text.USB_DevInit
                0x08005f8c      0x2bc ./Drivers/STM32F7xx_HAL_Driver/Src/stm32f7xx_ll_usb.o
                0x08005f8c                USB_DevInit
 .text.USB_FlushTxFifo
                0x08006248       0x64 ./Drivers/STM32F7xx_HAL_Driver/Src/stm32f7xx_ll_usb.o
                0x08006248                USB_FlushTxFifo
 .text.USB_FlushRxFifo
                0x080062ac       0x5c ./Drivers/STM32F7xx_HAL_Driver/Src/stm32f7xx_ll_usb.o
                0x080062ac                USB_FlushRxFifo
 .text.USB_SetDevSpeed
                0x08006308       0x32 ./Drivers/STM32F7xx_HAL_Driver/Src/stm32f7xx_ll_usb.o
                0x08006308                USB_SetDevSpeed
 .text.USB_GetDevSpeed
                0x0800633a       0x4a ./Drivers/STM32F7xx_HAL_Driver/Src/stm32f7xx_ll_usb.o
                0x0800633a                USB_GetDevSpeed
 .text.USB_ActivateEndpoint
                0x08006384      0x110 ./Drivers/STM32F7xx_HAL_Driver/Src/stm32f7xx_ll_usb.o
                0x08006384                USB_ActivateEndpoint
 .text.USB_DeactivateEndpoint
                0x08006494      0x1b8 ./Drivers/STM32F7xx_HAL_Driver/Src/stm32f7xx_ll_usb.o
                0x08006494                USB_DeactivateEndpoint
 .text.USB_EPStartXfer
                0x0800664c      0x540 ./Drivers/STM32F7xx_HAL_Driver/Src/stm32f7xx_ll_usb.o
                0x0800664c                USB_EPStartXfer
 .text.USB_EPStopXfer
                0x08006b8c      0x154 ./Drivers/STM32F7xx_HAL_Driver/Src/stm32f7xx_ll_usb.o
                0x08006b8c                USB_EPStopXfer
 .text.USB_WritePacket
                0x08006ce0       0x7c ./Drivers/STM32F7xx_HAL_Driver/Src/stm32f7xx_ll_usb.o
                0x08006ce0                USB_WritePacket
 .text.USB_ReadPacket
                0x08006d5c       0xb0 ./Drivers/STM32F7xx_HAL_Driver/Src/stm32f7xx_ll_usb.o
                0x08006d5c                USB_ReadPacket
 .text.USB_EPSetStall
                0x08006e0c       0xdc ./Drivers/STM32F7xx_HAL_Driver/Src/stm32f7xx_ll_usb.o
                0x08006e0c                USB_EPSetStall
 .text.USB_EPClearStall
                0x08006ee8       0xcc ./Drivers/STM32F7xx_HAL_Driver/Src/stm32f7xx_ll_usb.o
                0x08006ee8                USB_EPClearStall
 .text.USB_SetDevAddress
                0x08006fb4       0x4c ./Drivers/STM32F7xx_HAL_Driver/Src/stm32f7xx_ll_usb.o
                0x08006fb4                USB_SetDevAddress
 .text.USB_DevConnect
                0x08007000       0x42 ./Drivers/STM32F7xx_HAL_Driver/Src/stm32f7xx_ll_usb.o
                0x08007000                USB_DevConnect
 .text.USB_DevDisconnect
                0x08007042       0x42 ./Drivers/STM32F7xx_HAL_Driver/Src/stm32f7xx_ll_usb.o
                0x08007042                USB_DevDisconnect
 .text.USB_ReadInterrupts
                0x08007084       0x26 ./Drivers/STM32F7xx_HAL_Driver/Src/stm32f7xx_ll_usb.o
                0x08007084                USB_ReadInterrupts
 .text.USB_ReadDevAllOutEpInterrupt
                0x080070aa       0x34 ./Drivers/STM32F7xx_HAL_Driver/Src/stm32f7xx_ll_usb.o
                0x080070aa                USB_ReadDevAllOutEpInterrupt
 .text.USB_ReadDevAllInEpInterrupt
                0x080070de       0x34 ./Drivers/STM32F7xx_HAL_Driver/Src/stm32f7xx_ll_usb.o
                0x080070de                USB_ReadDevAllInEpInterrupt
 .text.USB_ReadDevOutEPInterrupt
                0x08007112       0x3c ./Drivers/STM32F7xx_HAL_Driver/Src/stm32f7xx_ll_usb.o
                0x08007112                USB_ReadDevOutEPInterrupt
 .text.USB_ReadDevInEPInterrupt
                0x0800714e       0x5c ./Drivers/STM32F7xx_HAL_Driver/Src/stm32f7xx_ll_usb.o
                0x0800714e                USB_ReadDevInEPInterrupt
 .text.USB_GetMode
                0x080071aa       0x1c ./Drivers/STM32F7xx_HAL_Driver/Src/stm32f7xx_ll_usb.o
                0x080071aa                USB_GetMode
 *fill*         0x080071c6        0x2 
 .text.USB_ActivateSetup
                0x080071c8       0x48 ./Drivers/STM32F7xx_HAL_Driver/Src/stm32f7xx_ll_usb.o
                0x080071c8                USB_ActivateSetup
 .text.USB_EP0_OutStart
                0x08007210       0xbc ./Drivers/STM32F7xx_HAL_Driver/Src/stm32f7xx_ll_usb.o
                0x08007210                USB_EP0_OutStart
 .text.USB_CoreReset
                0x080072cc       0x62 ./Drivers/STM32F7xx_HAL_Driver/Src/stm32f7xx_ll_usb.o
 *fill*         0x0800732e        0x2 
 .text.MX_FATFS_Init
                0x08007330       0x24 ./FATFS/App/fatfs.o
                0x08007330                MX_FATFS_Init
 .text.BSP_SD_Init
                0x08007354       0x30 ./FATFS/Target/bsp_driver_sd.o
                0x08007354                BSP_SD_Init
 .text.BSP_SD_ReadBlocks_DMA
                0x08007384       0x34 ./FATFS/Target/bsp_driver_sd.o
                0x08007384                BSP_SD_ReadBlocks_DMA
 .text.BSP_SD_WriteBlocks_DMA
                0x080073b8       0x34 ./FATFS/Target/bsp_driver_sd.o
                0x080073b8                BSP_SD_WriteBlocks_DMA
 .text.BSP_SD_GetCardState
                0x080073ec       0x20 ./FATFS/Target/bsp_driver_sd.o
                0x080073ec                BSP_SD_GetCardState
 .text.BSP_SD_GetCardInfo
                0x0800740c       0x1c ./FATFS/Target/bsp_driver_sd.o
                0x0800740c                BSP_SD_GetCardInfo
 .text.HAL_SD_RxCpltCallback
                0x08007428       0x14 ./FATFS/Target/bsp_driver_sd.o
                0x08007428                HAL_SD_RxCpltCallback
 .text.BSP_SD_IsDetected
                0x0800743c       0x1a ./FATFS/Target/bsp_driver_sd.o
                0x0800743c                BSP_SD_IsDetected
 .text.SD_CheckStatusWithTimeout
                0x08007456       0x3a ./FATFS/Target/sd_diskio.o
 .text.SD_CheckStatus
                0x08007490       0x3c ./FATFS/Target/sd_diskio.o
 .text.SD_initialize
                0x080074cc       0x38 ./FATFS/Target/sd_diskio.o
                0x080074cc                SD_initialize
 .text.SD_status
                0x08007504       0x1c ./FATFS/Target/sd_diskio.o
                0x08007504                SD_status
 .text.SD_read  0x08007520       0xac ./FATFS/Target/sd_diskio.o
                0x08007520                SD_read
 .text.SD_write
                0x080075cc       0xac ./FATFS/Target/sd_diskio.o
                0x080075cc                SD_write
 .text.SD_ioctl
                0x08007678       0xb0 ./FATFS/Target/sd_diskio.o
                0x08007678                SD_ioctl
 .text.BSP_SD_ReadCpltCallback
                0x08007728       0x18 ./FATFS/Target/sd_diskio.o
                0x08007728                BSP_SD_ReadCpltCallback
 .text.USBD_MSC_Init
                0x08007740      0x120 ./Middlewares/ST/STM32_USB_Device_Library/Class/MSC/Src/usbd_msc.o
                0x08007740                USBD_MSC_Init
 .text.USBD_MSC_DeInit
                0x08007860       0xb0 ./Middlewares/ST/STM32_USB_Device_Library/Class/MSC/Src/usbd_msc.o
                0x08007860                USBD_MSC_DeInit
 .text.USBD_MSC_Setup
                0x08007910      0x1f8 ./Middlewares/ST/STM32_USB_Device_Library/Class/MSC/Src/usbd_msc.o
                0x08007910                USBD_MSC_Setup
 .text.USBD_MSC_DataIn
                0x08007b08       0x20 ./Middlewares/ST/STM32_USB_Device_Library/Class/MSC/Src/usbd_msc.o
                0x08007b08                USBD_MSC_DataIn
 .text.USBD_MSC_DataOut
                0x08007b28       0x20 ./Middlewares/ST/STM32_USB_Device_Library/Class/MSC/Src/usbd_msc.o
                0x08007b28                USBD_MSC_DataOut
 .text.USBD_MSC_GetHSCfgDesc
                0x08007b48       0x58 ./Middlewares/ST/STM32_USB_Device_Library/Class/MSC/Src/usbd_msc.o
                0x08007b48                USBD_MSC_GetHSCfgDesc
 .text.USBD_MSC_GetFSCfgDesc
                0x08007ba0       0x58 ./Middlewares/ST/STM32_USB_Device_Library/Class/MSC/Src/usbd_msc.o
                0x08007ba0                USBD_MSC_GetFSCfgDesc
 .text.USBD_MSC_GetOtherSpeedCfgDesc
                0x08007bf8       0x58 ./Middlewares/ST/STM32_USB_Device_Library/Class/MSC/Src/usbd_msc.o
                0x08007bf8                USBD_MSC_GetOtherSpeedCfgDesc
 .text.USBD_MSC_GetDeviceQualifierDescriptor
                0x08007c50       0x20 ./Middlewares/ST/STM32_USB_Device_Library/Class/MSC/Src/usbd_msc.o
                0x08007c50                USBD_MSC_GetDeviceQualifierDescriptor
 .text.USBD_MSC_RegisterStorage
                0x08007c70       0x34 ./Middlewares/ST/STM32_USB_Device_Library/Class/MSC/Src/usbd_msc.o
                0x08007c70                USBD_MSC_RegisterStorage
 .text.MSC_BOT_Init
                0x08007ca4       0x94 ./Middlewares/ST/STM32_USB_Device_Library/Class/MSC/Src/usbd_msc_bot.o
                0x08007ca4                MSC_BOT_Init
 .text.MSC_BOT_Reset
                0x08007d38       0x68 ./Middlewares/ST/STM32_USB_Device_Library/Class/MSC/Src/usbd_msc_bot.o
                0x08007d38                MSC_BOT_Reset
 .text.MSC_BOT_DeInit
                0x08007da0       0x30 ./Middlewares/ST/STM32_USB_Device_Library/Class/MSC/Src/usbd_msc_bot.o
                0x08007da0                MSC_BOT_DeInit
 .text.MSC_BOT_DataIn
                0x08007dd0       0x74 ./Middlewares/ST/STM32_USB_Device_Library/Class/MSC/Src/usbd_msc_bot.o
                0x08007dd0                MSC_BOT_DataIn
 .text.MSC_BOT_DataOut
                0x08007e44       0x68 ./Middlewares/ST/STM32_USB_Device_Library/Class/MSC/Src/usbd_msc_bot.o
                0x08007e44                MSC_BOT_DataOut
 .text.MSC_BOT_CBW_Decode
                0x08007eac      0x128 ./Middlewares/ST/STM32_USB_Device_Library/Class/MSC/Src/usbd_msc_bot.o
 .text.MSC_BOT_SendData
                0x08007fd4       0x6c ./Middlewares/ST/STM32_USB_Device_Library/Class/MSC/Src/usbd_msc_bot.o
 .text.MSC_BOT_SendCSW
                0x08008040       0x74 ./Middlewares/ST/STM32_USB_Device_Library/Class/MSC/Src/usbd_msc_bot.o
                0x08008040                MSC_BOT_SendCSW
 .text.MSC_BOT_Abort
                0x080080b4       0x84 ./Middlewares/ST/STM32_USB_Device_Library/Class/MSC/Src/usbd_msc_bot.o
 .text.MSC_BOT_CplClrFeature
                0x08008138       0x74 ./Middlewares/ST/STM32_USB_Device_Library/Class/MSC/Src/usbd_msc_bot.o
                0x08008138                MSC_BOT_CplClrFeature
 .text.SCSI_ProcessCmd
                0x080081ac      0x304 ./Middlewares/ST/STM32_USB_Device_Library/Class/MSC/Src/usbd_msc_scsi.o
                0x080081ac                SCSI_ProcessCmd
 .text.SCSI_TestUnitReady
                0x080084b0       0xb2 ./Middlewares/ST/STM32_USB_Device_Library/Class/MSC/Src/usbd_msc_scsi.o
 *fill*         0x08008562        0x2 
 .text.SCSI_Inquiry
                0x08008564       0xf8 ./Middlewares/ST/STM32_USB_Device_Library/Class/MSC/Src/usbd_msc_scsi.o
 .text.SCSI_ReadCapacity10
                0x0800865c       0xfc ./Middlewares/ST/STM32_USB_Device_Library/Class/MSC/Src/usbd_msc_scsi.o
 .text.SCSI_ReadCapacity16
                0x08008758      0x168 ./Middlewares/ST/STM32_USB_Device_Library/Class/MSC/Src/usbd_msc_scsi.o
 .text.SCSI_ReadFormatCapacity
                0x080088c0       0xf6 ./Middlewares/ST/STM32_USB_Device_Library/Class/MSC/Src/usbd_msc_scsi.o
 *fill*         0x080089b6        0x2 
 .text.SCSI_ModeSense6
                0x080089b8       0x8c ./Middlewares/ST/STM32_USB_Device_Library/Class/MSC/Src/usbd_msc_scsi.o
 .text.SCSI_ModeSense10
                0x08008a44       0x8c ./Middlewares/ST/STM32_USB_Device_Library/Class/MSC/Src/usbd_msc_scsi.o
 .text.SCSI_RequestSense
                0x08008ad0      0x106 ./Middlewares/ST/STM32_USB_Device_Library/Class/MSC/Src/usbd_msc_scsi.o
 .text.SCSI_SenseCode
                0x08008bd6       0x96 ./Middlewares/ST/STM32_USB_Device_Library/Class/MSC/Src/usbd_msc_scsi.o
                0x08008bd6                SCSI_SenseCode
 .text.SCSI_StartStopUnit
                0x08008c6c       0xaa ./Middlewares/ST/STM32_USB_Device_Library/Class/MSC/Src/usbd_msc_scsi.o
 .text.SCSI_AllowPreventRemovable
                0x08008d16       0x5a ./Middlewares/ST/STM32_USB_Device_Library/Class/MSC/Src/usbd_msc_scsi.o
 .text.SCSI_Read10
                0x08008d70      0x154 ./Middlewares/ST/STM32_USB_Device_Library/Class/MSC/Src/usbd_msc_scsi.o
 .text.SCSI_Read12
                0x08008ec4      0x168 ./Middlewares/ST/STM32_USB_Device_Library/Class/MSC/Src/usbd_msc_scsi.o
 .text.SCSI_Write10
                0x0800902c      0x1ac ./Middlewares/ST/STM32_USB_Device_Library/Class/MSC/Src/usbd_msc_scsi.o
 .text.SCSI_Write12
                0x080091d8      0x1cc ./Middlewares/ST/STM32_USB_Device_Library/Class/MSC/Src/usbd_msc_scsi.o
 .text.SCSI_Verify10
                0x080093a4       0x7a ./Middlewares/ST/STM32_USB_Device_Library/Class/MSC/Src/usbd_msc_scsi.o
 .text.SCSI_CheckAddressRange
                0x0800941e       0x58 ./Middlewares/ST/STM32_USB_Device_Library/Class/MSC/Src/usbd_msc_scsi.o
 *fill*         0x08009476        0x2 
 .text.SCSI_ProcessRead
                0x08009478      0x10c ./Middlewares/ST/STM32_USB_Device_Library/Class/MSC/Src/usbd_msc_scsi.o
 .text.SCSI_ProcessWrite
                0x08009584      0x12c ./Middlewares/ST/STM32_USB_Device_Library/Class/MSC/Src/usbd_msc_scsi.o
 .text.SCSI_UpdateBotData
                0x080096b0       0x52 ./Middlewares/ST/STM32_USB_Device_Library/Class/MSC/Src/usbd_msc_scsi.o
 .text.USBD_Init
                0x08009702       0x60 ./Middlewares/ST/STM32_USB_Device_Library/Core/Src/usbd_core.o
                0x08009702                USBD_Init
 .text.USBD_RegisterClass
                0x08009762       0x6c ./Middlewares/ST/STM32_USB_Device_Library/Core/Src/usbd_core.o
                0x08009762                USBD_RegisterClass
 .text.USBD_Start
                0x080097ce       0x18 ./Middlewares/ST/STM32_USB_Device_Library/Core/Src/usbd_core.o
                0x080097ce                USBD_Start
 .text.USBD_RunTestMode
                0x080097e6       0x16 ./Middlewares/ST/STM32_USB_Device_Library/Core/Src/usbd_core.o
                0x080097e6                USBD_RunTestMode
 .text.USBD_SetClassConfig
                0x080097fc       0x38 ./Middlewares/ST/STM32_USB_Device_Library/Core/Src/usbd_core.o
                0x080097fc                USBD_SetClassConfig
 .text.USBD_ClrClassConfig
                0x08009834       0x34 ./Middlewares/ST/STM32_USB_Device_Library/Core/Src/usbd_core.o
                0x08009834                USBD_ClrClassConfig
 .text.USBD_LL_SetupStage
                0x08009868       0xaa ./Middlewares/ST/STM32_USB_Device_Library/Core/Src/usbd_core.o
                0x08009868                USBD_LL_SetupStage
 .text.USBD_LL_DataOutStage
                0x08009912      0x166 ./Middlewares/ST/STM32_USB_Device_Library/Core/Src/usbd_core.o
                0x08009912                USBD_LL_DataOutStage
 .text.USBD_LL_DataInStage
                0x08009a78      0x164 ./Middlewares/ST/STM32_USB_Device_Library/Core/Src/usbd_core.o
                0x08009a78                USBD_LL_DataInStage
 .text.USBD_LL_Reset
                0x08009bdc       0xa4 ./Middlewares/ST/STM32_USB_Device_Library/Core/Src/usbd_core.o
                0x08009bdc                USBD_LL_Reset
 .text.USBD_LL_SetSpeed
                0x08009c80       0x20 ./Middlewares/ST/STM32_USB_Device_Library/Core/Src/usbd_core.o
                0x08009c80                USBD_LL_SetSpeed
 .text.USBD_LL_Suspend
                0x08009ca0       0x38 ./Middlewares/ST/STM32_USB_Device_Library/Core/Src/usbd_core.o
                0x08009ca0                USBD_LL_Suspend
 .text.USBD_LL_Resume
                0x08009cd8       0x30 ./Middlewares/ST/STM32_USB_Device_Library/Core/Src/usbd_core.o
                0x08009cd8                USBD_LL_Resume
 .text.USBD_LL_SOF
                0x08009d08       0x40 ./Middlewares/ST/STM32_USB_Device_Library/Core/Src/usbd_core.o
                0x08009d08                USBD_LL_SOF
 .text.USBD_LL_IsoINIncomplete
                0x08009d48       0x64 ./Middlewares/ST/STM32_USB_Device_Library/Core/Src/usbd_core.o
                0x08009d48                USBD_LL_IsoINIncomplete
 .text.USBD_LL_IsoOUTIncomplete
                0x08009dac       0x64 ./Middlewares/ST/STM32_USB_Device_Library/Core/Src/usbd_core.o
                0x08009dac                USBD_LL_IsoOUTIncomplete
 .text.USBD_LL_DevConnected
                0x08009e10       0x16 ./Middlewares/ST/STM32_USB_Device_Library/Core/Src/usbd_core.o
                0x08009e10                USBD_LL_DevConnected
 .text.USBD_LL_DevDisconnected
                0x08009e26       0x46 ./Middlewares/ST/STM32_USB_Device_Library/Core/Src/usbd_core.o
                0x08009e26                USBD_LL_DevDisconnected
 .text.USBD_CoreFindIF
                0x08009e6c       0x1a ./Middlewares/ST/STM32_USB_Device_Library/Core/Src/usbd_core.o
                0x08009e6c                USBD_CoreFindIF
 .text.USBD_CoreFindEP
                0x08009e86       0x1a ./Middlewares/ST/STM32_USB_Device_Library/Core/Src/usbd_core.o
                0x08009e86                USBD_CoreFindEP
 .text.USBD_GetEpDesc
                0x08009ea0       0x70 ./Middlewares/ST/STM32_USB_Device_Library/Core/Src/usbd_core.o
                0x08009ea0                USBD_GetEpDesc
 .text.USBD_GetNextDesc
                0x08009f10       0x38 ./Middlewares/ST/STM32_USB_Device_Library/Core/Src/usbd_core.o
                0x08009f10                USBD_GetNextDesc
 .text.SWAPBYTE
                0x08009f48       0x3c ./Middlewares/ST/STM32_USB_Device_Library/Core/Src/usbd_ctlreq.o
 .text.USBD_StdDevReq
                0x08009f84       0xe4 ./Middlewares/ST/STM32_USB_Device_Library/Core/Src/usbd_ctlreq.o
                0x08009f84                USBD_StdDevReq
 .text.USBD_StdItfReq
                0x0800a068       0xd8 ./Middlewares/ST/STM32_USB_Device_Library/Core/Src/usbd_ctlreq.o
                0x0800a068                USBD_StdItfReq
 .text.USBD_StdEPReq
                0x0800a140      0x33a ./Middlewares/ST/STM32_USB_Device_Library/Core/Src/usbd_ctlreq.o
                0x0800a140                USBD_StdEPReq
 *fill*         0x0800a47a        0x2 
 .text.USBD_GetDescriptor
                0x0800a47c      0x328 ./Middlewares/ST/STM32_USB_Device_Library/Core/Src/usbd_ctlreq.o
 .text.USBD_SetAddress
                0x0800a7a4       0x88 ./Middlewares/ST/STM32_USB_Device_Library/Core/Src/usbd_ctlreq.o
 .text.USBD_SetConfig
                0x0800a82c      0x154 ./Middlewares/ST/STM32_USB_Device_Library/Core/Src/usbd_ctlreq.o
 .text.USBD_GetConfig
                0x0800a980       0x6c ./Middlewares/ST/STM32_USB_Device_Library/Core/Src/usbd_ctlreq.o
 .text.USBD_GetStatus
                0x0800a9ec       0x68 ./Middlewares/ST/STM32_USB_Device_Library/Core/Src/usbd_ctlreq.o
 .text.USBD_SetFeature
                0x0800aa54       0x52 ./Middlewares/ST/STM32_USB_Device_Library/Core/Src/usbd_ctlreq.o
 .text.USBD_ClrFeature
                0x0800aaa6       0x44 ./Middlewares/ST/STM32_USB_Device_Library/Core/Src/usbd_ctlreq.o
 .text.USBD_ParseSetupRequest
                0x0800aaea       0x74 ./Middlewares/ST/STM32_USB_Device_Library/Core/Src/usbd_ctlreq.o
                0x0800aaea                USBD_ParseSetupRequest
 .text.USBD_CtlError
                0x0800ab5e       0x22 ./Middlewares/ST/STM32_USB_Device_Library/Core/Src/usbd_ctlreq.o
                0x0800ab5e                USBD_CtlError
 .text.USBD_GetString
                0x0800ab80       0xa4 ./Middlewares/ST/STM32_USB_Device_Library/Core/Src/usbd_ctlreq.o
                0x0800ab80                USBD_GetString
 .text.USBD_GetLen
                0x0800ac24       0x34 ./Middlewares/ST/STM32_USB_Device_Library/Core/Src/usbd_ctlreq.o
 .text.USBD_CtlSendData
                0x0800ac58       0x36 ./Middlewares/ST/STM32_USB_Device_Library/Core/Src/usbd_ioreq.o
                0x0800ac58                USBD_CtlSendData
 .text.USBD_CtlContinueSendData
                0x0800ac8e       0x22 ./Middlewares/ST/STM32_USB_Device_Library/Core/Src/usbd_ioreq.o
                0x0800ac8e                USBD_CtlContinueSendData
 .text.USBD_CtlContinueRx
                0x0800acb0       0x22 ./Middlewares/ST/STM32_USB_Device_Library/Core/Src/usbd_ioreq.o
                0x0800acb0                USBD_CtlContinueRx
 .text.USBD_CtlSendStatus
                0x0800acd2       0x26 ./Middlewares/ST/STM32_USB_Device_Library/Core/Src/usbd_ioreq.o
                0x0800acd2                USBD_CtlSendStatus
 .text.USBD_CtlReceiveStatus
                0x0800acf8       0x26 ./Middlewares/ST/STM32_USB_Device_Library/Core/Src/usbd_ioreq.o
                0x0800acf8                USBD_CtlReceiveStatus
 *fill*         0x0800ad1e        0x2 
 .text.disk_status
                0x0800ad20       0x34 ./Middlewares/Third_Party/FatFs/src/diskio.o
                0x0800ad20                disk_status
 .text.disk_initialize
                0x0800ad54       0x4c ./Middlewares/Third_Party/FatFs/src/diskio.o
                0x0800ad54                disk_initialize
 .text.disk_read
                0x0800ada0       0x40 ./Middlewares/Third_Party/FatFs/src/diskio.o
                0x0800ada0                disk_read
 .text.disk_write
                0x0800ade0       0x40 ./Middlewares/Third_Party/FatFs/src/diskio.o
                0x0800ade0                disk_write
 .text.ld_word  0x0800ae20       0x30 ./Middlewares/Third_Party/FatFs/src/ff.o
 .text.ld_dword
                0x0800ae50       0x46 ./Middlewares/Third_Party/FatFs/src/ff.o
 *fill*         0x0800ae96        0x2 
 .text.clear_lock
                0x0800ae98       0x48 ./Middlewares/Third_Party/FatFs/src/ff.o
 .text.sync_window
                0x0800aee0       0x88 ./Middlewares/Third_Party/FatFs/src/ff.o
 .text.move_window
                0x0800af68       0x5a ./Middlewares/Third_Party/FatFs/src/ff.o
 .text.get_ldnumber
                0x0800afc2       0x88 ./Middlewares/Third_Party/FatFs/src/ff.o
 *fill*         0x0800b04a        0x2 
 .text.check_fs
                0x0800b04c       0xac ./Middlewares/Third_Party/FatFs/src/ff.o
 .text.find_volume
                0x0800b0f8      0x498 ./Middlewares/Third_Party/FatFs/src/ff.o
 .text.f_mount  0x0800b590       0x8c ./Middlewares/Third_Party/FatFs/src/ff.o
                0x0800b590                f_mount
 .text.FATFS_LinkDriverEx
                0x0800b61c       0x98 ./Middlewares/Third_Party/FatFs/src/ff_gen_drv.o
                0x0800b61c                FATFS_LinkDriverEx
 .text.FATFS_LinkDriver
                0x0800b6b4       0x1e ./Middlewares/Third_Party/FatFs/src/ff_gen_drv.o
                0x0800b6b4                FATFS_LinkDriver
 *fill*         0x0800b6d2        0x2 
 .text.MX_USB_DEVICE_Init
                0x0800b6d4       0x60 ./USB_DEVICE/App/usb_device.o
                0x0800b6d4                MX_USB_DEVICE_Init
 .text.USBD_FS_DeviceDescriptor
                0x0800b734       0x24 ./USB_DEVICE/App/usbd_desc.o
                0x0800b734                USBD_FS_DeviceDescriptor
 .text.USBD_FS_LangIDStrDescriptor
                0x0800b758       0x24 ./USB_DEVICE/App/usbd_desc.o
                0x0800b758                USBD_FS_LangIDStrDescriptor
 .text.USBD_FS_ProductStrDescriptor
                0x0800b77c       0x3c ./USB_DEVICE/App/usbd_desc.o
                0x0800b77c                USBD_FS_ProductStrDescriptor
 .text.USBD_FS_ManufacturerStrDescriptor
                0x0800b7b8       0x28 ./USB_DEVICE/App/usbd_desc.o
                0x0800b7b8                USBD_FS_ManufacturerStrDescriptor
 .text.USBD_FS_SerialStrDescriptor
                0x0800b7e0       0x24 ./USB_DEVICE/App/usbd_desc.o
                0x0800b7e0                USBD_FS_SerialStrDescriptor
 .text.USBD_FS_ConfigStrDescriptor
                0x0800b804       0x3c ./USB_DEVICE/App/usbd_desc.o
                0x0800b804                USBD_FS_ConfigStrDescriptor
 .text.USBD_FS_InterfaceStrDescriptor
                0x0800b840       0x3c ./USB_DEVICE/App/usbd_desc.o
                0x0800b840                USBD_FS_InterfaceStrDescriptor
 .text.USBD_FS_USR_BOSDescriptor
                0x0800b87c       0x24 ./USB_DEVICE/App/usbd_desc.o
                0x0800b87c                USBD_FS_USR_BOSDescriptor
 .text.Get_SerialNum
                0x0800b8a0       0x58 ./USB_DEVICE/App/usbd_desc.o
 .text.IntToUnicode
                0x0800b8f8       0x7e ./USB_DEVICE/App/usbd_desc.o
 .text.STORAGE_Init_FS
                0x0800b976       0x18 ./USB_DEVICE/App/usbd_storage_if.o
 *fill*         0x0800b98e        0x2 
 .text.STORAGE_GetCapacity_FS
                0x0800b990       0x48 ./USB_DEVICE/App/usbd_storage_if.o
 .text.STORAGE_IsReady_FS
                0x0800b9d8       0x18 ./USB_DEVICE/App/usbd_storage_if.o
 .text.STORAGE_IsWriteProtected_FS
                0x0800b9f0       0x18 ./USB_DEVICE/App/usbd_storage_if.o
 .text.STORAGE_Read_FS
                0x0800ba08       0x48 ./USB_DEVICE/App/usbd_storage_if.o
 .text.STORAGE_Write_FS
                0x0800ba50       0x48 ./USB_DEVICE/App/usbd_storage_if.o
 .text.STORAGE_GetMaxLun_FS
                0x0800ba98       0x10 ./USB_DEVICE/App/usbd_storage_if.o
 .text.HAL_PCD_MspInit
                0x0800baa8       0xe4 ./USB_DEVICE/Target/usbd_conf.o
                0x0800baa8                HAL_PCD_MspInit
 .text.HAL_PCD_SetupStageCallback
                0x0800bb8c       0x24 ./USB_DEVICE/Target/usbd_conf.o
                0x0800bb8c                HAL_PCD_SetupStageCallback
 .text.HAL_PCD_DataOutStageCallback
                0x0800bbb0       0x36 ./USB_DEVICE/Target/usbd_conf.o
                0x0800bbb0                HAL_PCD_DataOutStageCallback
 .text.HAL_PCD_DataInStageCallback
                0x0800bbe6       0x34 ./USB_DEVICE/Target/usbd_conf.o
                0x0800bbe6                HAL_PCD_DataInStageCallback
 .text.HAL_PCD_SOFCallback
                0x0800bc1a       0x1c ./USB_DEVICE/Target/usbd_conf.o
                0x0800bc1a                HAL_PCD_SOFCallback
 .text.HAL_PCD_ResetCallback
                0x0800bc36       0x50 ./USB_DEVICE/Target/usbd_conf.o
                0x0800bc36                HAL_PCD_ResetCallback
 *fill*         0x0800bc86        0x2 
 .text.HAL_PCD_SuspendCallback
                0x0800bc88       0x4c ./USB_DEVICE/Target/usbd_conf.o
                0x0800bc88                HAL_PCD_SuspendCallback
 .text.HAL_PCD_ResumeCallback
                0x0800bcd4       0x1c ./USB_DEVICE/Target/usbd_conf.o
                0x0800bcd4                HAL_PCD_ResumeCallback
 .text.HAL_PCD_ISOOUTIncompleteCallback
                0x0800bcf0       0x24 ./USB_DEVICE/Target/usbd_conf.o
                0x0800bcf0                HAL_PCD_ISOOUTIncompleteCallback
 .text.HAL_PCD_ISOINIncompleteCallback
                0x0800bd14       0x24 ./USB_DEVICE/Target/usbd_conf.o
                0x0800bd14                HAL_PCD_ISOINIncompleteCallback
 .text.HAL_PCD_ConnectCallback
                0x0800bd38       0x1c ./USB_DEVICE/Target/usbd_conf.o
                0x0800bd38                HAL_PCD_ConnectCallback
 .text.HAL_PCD_DisconnectCallback
                0x0800bd54       0x1c ./USB_DEVICE/Target/usbd_conf.o
                0x0800bd54                HAL_PCD_DisconnectCallback
 .text.USBD_LL_Init
                0x0800bd70       0x98 ./USB_DEVICE/Target/usbd_conf.o
                0x0800bd70                USBD_LL_Init
 .text.USBD_LL_Start
                0x0800be08       0x36 ./USB_DEVICE/Target/usbd_conf.o
                0x0800be08                USBD_LL_Start
 .text.USBD_LL_OpenEP
                0x0800be3e       0x4c ./USB_DEVICE/Target/usbd_conf.o
                0x0800be3e                USBD_LL_OpenEP
 .text.USBD_LL_CloseEP
                0x0800be8a       0x3e ./USB_DEVICE/Target/usbd_conf.o
                0x0800be8a                USBD_LL_CloseEP
 .text.USBD_LL_FlushEP
                0x0800bec8       0x3e ./USB_DEVICE/Target/usbd_conf.o
                0x0800bec8                USBD_LL_FlushEP
 .text.USBD_LL_StallEP
                0x0800bf06       0x3e ./USB_DEVICE/Target/usbd_conf.o
                0x0800bf06                USBD_LL_StallEP
 .text.USBD_LL_ClearStallEP
                0x0800bf44       0x3e ./USB_DEVICE/Target/usbd_conf.o
                0x0800bf44                USBD_LL_ClearStallEP
 .text.USBD_LL_IsStallEP
                0x0800bf82       0x58 ./USB_DEVICE/Target/usbd_conf.o
                0x0800bf82                USBD_LL_IsStallEP
 .text.USBD_LL_SetUSBAddress
                0x0800bfda       0x3e ./USB_DEVICE/Target/usbd_conf.o
                0x0800bfda                USBD_LL_SetUSBAddress
 .text.USBD_LL_Transmit
                0x0800c018       0x42 ./USB_DEVICE/Target/usbd_conf.o
                0x0800c018                USBD_LL_Transmit
 .text.USBD_LL_PrepareReceive
                0x0800c05a       0x42 ./USB_DEVICE/Target/usbd_conf.o
                0x0800c05a                USBD_LL_PrepareReceive
 .text.USBD_LL_GetRxDataSize
                0x0800c09c       0x26 ./USB_DEVICE/Target/usbd_conf.o
                0x0800c09c                USBD_LL_GetRxDataSize
 *fill*         0x0800c0c2        0x2 
 .text.HAL_PCDEx_LPM_Callback
                0x0800c0c4       0x9c ./USB_DEVICE/Target/usbd_conf.o
                0x0800c0c4                HAL_PCDEx_LPM_Callback
 .text.SystemClockConfig_Resume
                0x0800c160        0xc ./USB_DEVICE/Target/usbd_conf.o
 .text.USBD_Get_USB_Status
                0x0800c16c       0x58 ./USB_DEVICE/Target/usbd_conf.o
                0x0800c16c                USBD_Get_USB_Status
 .text.malloc   0x0800c1c4       0x10 C:/ST/STM32CubeIDE_1.16.0/STM32CubeIDE/plugins/com.st.stm32cube.ide.mcu.externaltools.gnu-tools-for-stm32.12.3.rel1.win32_1.0.200.202406191623/tools/bin/../lib/gcc/arm-none-eabi/12.3.1/../../../../arm-none-eabi/lib/thumb/v7e-m+fp/hard\libc_nano.a(libc_a-malloc.o)
                0x0800c1c4                malloc
 .text.free     0x0800c1d4       0x10 C:/ST/STM32CubeIDE_1.16.0/STM32CubeIDE/plugins/com.st.stm32cube.ide.mcu.externaltools.gnu-tools-for-stm32.12.3.rel1.win32_1.0.200.202406191623/tools/bin/../lib/gcc/arm-none-eabi/12.3.1/../../../../arm-none-eabi/lib/thumb/v7e-m+fp/hard\libc_nano.a(libc_a-malloc.o)
                0x0800c1d4                free
 .text.sbrk_aligned
                0x0800c1e4       0x44 C:/ST/STM32CubeIDE_1.16.0/STM32CubeIDE/plugins/com.st.stm32cube.ide.mcu.externaltools.gnu-tools-for-stm32.12.3.rel1.win32_1.0.200.202406191623/tools/bin/../lib/gcc/arm-none-eabi/12.3.1/../../../../arm-none-eabi/lib/thumb/v7e-m+fp/hard\libc_nano.a(libc_a-mallocr.o)
 .text._malloc_r
                0x0800c228      0x100 C:/ST/STM32CubeIDE_1.16.0/STM32CubeIDE/plugins/com.st.stm32cube.ide.mcu.externaltools.gnu-tools-for-stm32.12.3.rel1.win32_1.0.200.202406191623/tools/bin/../lib/gcc/arm-none-eabi/12.3.1/../../../../arm-none-eabi/lib/thumb/v7e-m+fp/hard\libc_nano.a(libc_a-mallocr.o)
                0x0800c228                _malloc_r
 .text.__malloc_lock
                0x0800c328        0xc C:/ST/STM32CubeIDE_1.16.0/STM32CubeIDE/plugins/com.st.stm32cube.ide.mcu.externaltools.gnu-tools-for-stm32.12.3.rel1.win32_1.0.200.202406191623/tools/bin/../lib/gcc/arm-none-eabi/12.3.1/../../../../arm-none-eabi/lib/thumb/v7e-m+fp/hard\libc_nano.a(libc_a-mlock.o)
                0x0800c328                __malloc_lock
 .text.__malloc_unlock
                0x0800c334        0xc C:/ST/STM32CubeIDE_1.16.0/STM32CubeIDE/plugins/com.st.stm32cube.ide.mcu.externaltools.gnu-tools-for-stm32.12.3.rel1.win32_1.0.200.202406191623/tools/bin/../lib/gcc/arm-none-eabi/12.3.1/../../../../arm-none-eabi/lib/thumb/v7e-m+fp/hard\libc_nano.a(libc_a-mlock.o)
                0x0800c334                __malloc_unlock
 .text.memset   0x0800c340       0x10 C:/ST/STM32CubeIDE_1.16.0/STM32CubeIDE/plugins/com.st.stm32cube.ide.mcu.externaltools.gnu-tools-for-stm32.12.3.rel1.win32_1.0.200.202406191623/tools/bin/../lib/gcc/arm-none-eabi/12.3.1/../../../../arm-none-eabi/lib/thumb/v7e-m+fp/hard\libc_nano.a(libc_a-memset.o)
                0x0800c340                memset
 .text._sbrk_r  0x0800c350       0x20 C:/ST/STM32CubeIDE_1.16.0/STM32CubeIDE/plugins/com.st.stm32cube.ide.mcu.externaltools.gnu-tools-for-stm32.12.3.rel1.win32_1.0.200.202406191623/tools/bin/../lib/gcc/arm-none-eabi/12.3.1/../../../../arm-none-eabi/lib/thumb/v7e-m+fp/hard\libc_nano.a(libc_a-sbrkr.o)
                0x0800c350                _sbrk_r
 .text.__errno  0x0800c370        0xc C:/ST/STM32CubeIDE_1.16.0/STM32CubeIDE/plugins/com.st.stm32cube.ide.mcu.externaltools.gnu-tools-for-stm32.12.3.rel1.win32_1.0.200.202406191623/tools/bin/../lib/gcc/arm-none-eabi/12.3.1/../../../../arm-none-eabi/lib/thumb/v7e-m+fp/hard\libc_nano.a(libc_a-errno.o)
                0x0800c370                __errno
 .text.__libc_init_array
                0x0800c37c       0x48 C:/ST/STM32CubeIDE_1.16.0/STM32CubeIDE/plugins/com.st.stm32cube.ide.mcu.externaltools.gnu-tools-for-stm32.12.3.rel1.win32_1.0.200.202406191623/tools/bin/../lib/gcc/arm-none-eabi/12.3.1/../../../../arm-none-eabi/lib/thumb/v7e-m+fp/hard\libc_nano.a(libc_a-init.o)
                0x0800c37c                __libc_init_array
 .text.__retarget_lock_acquire_recursive
                0x0800c3c4        0x2 C:/ST/STM32CubeIDE_1.16.0/STM32CubeIDE/plugins/com.st.stm32cube.ide.mcu.externaltools.gnu-tools-for-stm32.12.3.rel1.win32_1.0.200.202406191623/tools/bin/../lib/gcc/arm-none-eabi/12.3.1/../../../../arm-none-eabi/lib/thumb/v7e-m+fp/hard\libc_nano.a(libc_a-lock.o)
                0x0800c3c4                __retarget_lock_acquire_recursive
 .text.__retarget_lock_release_recursive
                0x0800c3c6        0x2 C:/ST/STM32CubeIDE_1.16.0/STM32CubeIDE/plugins/com.st.stm32cube.ide.mcu.externaltools.gnu-tools-for-stm32.12.3.rel1.win32_1.0.200.202406191623/tools/bin/../lib/gcc/arm-none-eabi/12.3.1/../../../../arm-none-eabi/lib/thumb/v7e-m+fp/hard\libc_nano.a(libc_a-lock.o)
                0x0800c3c6                __retarget_lock_release_recursive
 .text._free_r  0x0800c3c8       0x94 C:/ST/STM32CubeIDE_1.16.0/STM32CubeIDE/plugins/com.st.stm32cube.ide.mcu.externaltools.gnu-tools-for-stm32.12.3.rel1.win32_1.0.200.202406191623/tools/bin/../lib/gcc/arm-none-eabi/12.3.1/../../../../arm-none-eabi/lib/thumb/v7e-m+fp/hard\libc_nano.a(libc_a-freer.o)
                0x0800c3c8                _free_r
 *(.glue_7)
 .glue_7        0x0800c45c        0x0 linker stubs
 *(.glue_7t)
 .glue_7t       0x0800c45c        0x0 linker stubs
 *(.eh_frame)
 .eh_frame      0x0800c45c        0x0 C:/ST/STM32CubeIDE_1.16.0/STM32CubeIDE/plugins/com.st.stm32cube.ide.mcu.externaltools.gnu-tools-for-stm32.12.3.rel1.win32_1.0.200.202406191623/tools/bin/../lib/gcc/arm-none-eabi/12.3.1/thumb/v7e-m+fp/hard/crtbegin.o
 *(.init)
 .init          0x0800c45c        0x4 C:/ST/STM32CubeIDE_1.16.0/STM32CubeIDE/plugins/com.st.stm32cube.ide.mcu.externaltools.gnu-tools-for-stm32.12.3.rel1.win32_1.0.200.202406191623/tools/bin/../lib/gcc/arm-none-eabi/12.3.1/thumb/v7e-m+fp/hard/crti.o
                0x0800c45c                _init
 .init          0x0800c460        0x8 C:/ST/STM32CubeIDE_1.16.0/STM32CubeIDE/plugins/com.st.stm32cube.ide.mcu.externaltools.gnu-tools-for-stm32.12.3.rel1.win32_1.0.200.202406191623/tools/bin/../lib/gcc/arm-none-eabi/12.3.1/thumb/v7e-m+fp/hard/crtn.o
 *(.fini)
 .fini          0x0800c468        0x4 C:/ST/STM32CubeIDE_1.16.0/STM32CubeIDE/plugins/com.st.stm32cube.ide.mcu.externaltools.gnu-tools-for-stm32.12.3.rel1.win32_1.0.200.202406191623/tools/bin/../lib/gcc/arm-none-eabi/12.3.1/thumb/v7e-m+fp/hard/crti.o
                0x0800c468                _fini
 .fini          0x0800c46c        0x8 C:/ST/STM32CubeIDE_1.16.0/STM32CubeIDE/plugins/com.st.stm32cube.ide.mcu.externaltools.gnu-tools-for-stm32.12.3.rel1.win32_1.0.200.202406191623/tools/bin/../lib/gcc/arm-none-eabi/12.3.1/thumb/v7e-m+fp/hard/crtn.o
                0x0800c474                        . = ALIGN (0x4)
                0x0800c474                        _etext = .

.vfp11_veneer   0x0800c474        0x0
 .vfp11_veneer  0x0800c474        0x0 linker stubs

.v4_bx          0x0800c474        0x0
 .v4_bx         0x0800c474        0x0 linker stubs

.iplt           0x0800c474        0x0
 .iplt          0x0800c474        0x0 C:/ST/STM32CubeIDE_1.16.0/STM32CubeIDE/plugins/com.st.stm32cube.ide.mcu.externaltools.gnu-tools-for-stm32.12.3.rel1.win32_1.0.200.202406191623/tools/bin/../lib/gcc/arm-none-eabi/12.3.1/thumb/v7e-m+fp/hard/crtbegin.o

.rodata         0x0800c474       0x98
                0x0800c474                        . = ALIGN (0x4)
 *(.rodata)
 .rodata        0x0800c474        0x1 ./Core/Src/main.o
 *fill*         0x0800c475        0x3 
 .rodata        0x0800c478       0x42 ./USB_DEVICE/App/usbd_desc.o
 *(.rodata*)
 *fill*         0x0800c4ba        0x2 
 .rodata.AHBPrescTable
                0x0800c4bc       0x10 ./Core/Src/system_stm32f7xx.o
                0x0800c4bc                AHBPrescTable
 .rodata.flagBitshiftOffset.0
                0x0800c4cc        0x8 ./Drivers/STM32F7xx_HAL_Driver/Src/stm32f7xx_hal_dma.o
 .rodata.SD_Driver
                0x0800c4d4       0x14 ./FATFS/Target/sd_diskio.o
                0x0800c4d4                SD_Driver
 .rodata.STORAGE_Inquirydata_FS
                0x0800c4e8       0x24 ./USB_DEVICE/App/usbd_storage_if.o
                0x0800c4e8                STORAGE_Inquirydata_FS
                0x0800c50c                        . = ALIGN (0x4)

.ARM.extab      0x0800c50c        0x0
                0x0800c50c                        . = ALIGN (0x4)
 *(.ARM.extab* .gnu.linkonce.armextab.*)
                0x0800c50c                        . = ALIGN (0x4)

.ARM            0x0800c50c        0x8
                0x0800c50c                        . = ALIGN (0x4)
                0x0800c50c                        __exidx_start = .
 *(.ARM.exidx*)
 .ARM.exidx     0x0800c50c        0x8 C:/ST/STM32CubeIDE_1.16.0/STM32CubeIDE/plugins/com.st.stm32cube.ide.mcu.externaltools.gnu-tools-for-stm32.12.3.rel1.win32_1.0.200.202406191623/tools/bin/../lib/gcc/arm-none-eabi/12.3.1/thumb/v7e-m+fp/hard\libgcc.a(_udivmoddi4.o)
                0x0800c514                        __exidx_end = .
                0x0800c514                        . = ALIGN (0x4)

.preinit_array  0x0800c514        0x0
                0x0800c514                        . = ALIGN (0x4)
                0x0800c514                        PROVIDE (__preinit_array_start = .)
 *(.preinit_array*)
                0x0800c514                        PROVIDE (__preinit_array_end = .)
                0x0800c514                        . = ALIGN (0x4)

.init_array     0x0800c514        0x4
                0x0800c514                        . = ALIGN (0x4)
                0x0800c514                        PROVIDE (__init_array_start = .)
 *(SORT_BY_NAME(.init_array.*))
 *(.init_array*)
 .init_array    0x0800c514        0x4 C:/ST/STM32CubeIDE_1.16.0/STM32CubeIDE/plugins/com.st.stm32cube.ide.mcu.externaltools.gnu-tools-for-stm32.12.3.rel1.win32_1.0.200.202406191623/tools/bin/../lib/gcc/arm-none-eabi/12.3.1/thumb/v7e-m+fp/hard/crtbegin.o
                0x0800c518                        PROVIDE (__init_array_end = .)
                0x0800c518                        . = ALIGN (0x4)

.fini_array     0x0800c518        0x4
                0x0800c518                        . = ALIGN (0x4)
                [!provide]                        PROVIDE (__fini_array_start = .)
 *(SORT_BY_NAME(.fini_array.*))
 *(.fini_array*)
 .fini_array    0x0800c518        0x4 C:/ST/STM32CubeIDE_1.16.0/STM32CubeIDE/plugins/com.st.stm32cube.ide.mcu.externaltools.gnu-tools-for-stm32.12.3.rel1.win32_1.0.200.202406191623/tools/bin/../lib/gcc/arm-none-eabi/12.3.1/thumb/v7e-m+fp/hard/crtbegin.o
                [!provide]                        PROVIDE (__fini_array_end = .)
                0x0800c51c                        . = ALIGN (0x4)
                0x0800c51c                        _sidata = LOADADDR (.data)

.rel.dyn        0x0800c51c        0x0
 .rel.iplt      0x0800c51c        0x0 C:/ST/STM32CubeIDE_1.16.0/STM32CubeIDE/plugins/com.st.stm32cube.ide.mcu.externaltools.gnu-tools-for-stm32.12.3.rel1.win32_1.0.200.202406191623/tools/bin/../lib/gcc/arm-none-eabi/12.3.1/thumb/v7e-m+fp/hard/crtbegin.o

.data           0x20000000      0x160 load address 0x0800c51c
                0x20000000                        . = ALIGN (0x4)
                0x20000000                        _sdata = .
 *(.data)
 *(.data*)
 .data.fr       0x20000000        0x1 ./Core/Src/main.o
                0x20000000                fr
 *fill*         0x20000001        0x3 
 .data.SystemCoreClock
                0x20000004        0x4 ./Core/Src/system_stm32f7xx.o
                0x20000004                SystemCoreClock
 .data.uwTickPrio
                0x20000008        0x4 ./Drivers/STM32F7xx_HAL_Driver/Src/stm32f7xx_hal.o
                0x20000008                uwTickPrio
 .data.uwTickFreq
                0x2000000c        0x1 ./Drivers/STM32F7xx_HAL_Driver/Src/stm32f7xx_hal.o
                0x2000000c                uwTickFreq
 .data.Stat     0x2000000d        0x1 ./FATFS/Target/sd_diskio.o
 *fill*         0x2000000e        0x2 
 .data.USBD_MSC
                0x20000010       0x38 ./Middlewares/ST/STM32_USB_Device_Library/Class/MSC/Src/usbd_msc.o
                0x20000010                USBD_MSC
 .data.USBD_MSC_CfgDesc
                0x20000048       0x20 ./Middlewares/ST/STM32_USB_Device_Library/Class/MSC/Src/usbd_msc.o
 .data.USBD_MSC_DeviceQualifierDesc
                0x20000068        0xa ./Middlewares/ST/STM32_USB_Device_Library/Class/MSC/Src/usbd_msc.o
 .data.MSCInEpAdd
                0x20000072        0x1 ./Middlewares/ST/STM32_USB_Device_Library/Class/MSC/Src/usbd_msc.o
                0x20000072                MSCInEpAdd
 .data.MSCOutEpAdd
                0x20000073        0x1 ./Middlewares/ST/STM32_USB_Device_Library/Class/MSC/Src/usbd_msc.o
                0x20000073                MSCOutEpAdd
 .data.MSC_Page00_Inquiry_Data
                0x20000074        0x6 ./Middlewares/ST/STM32_USB_Device_Library/Class/MSC/Src/usbd_msc_data.o
                0x20000074                MSC_Page00_Inquiry_Data
 *fill*         0x2000007a        0x2 
 .data.MSC_Page80_Inquiry_Data
                0x2000007c        0x8 ./Middlewares/ST/STM32_USB_Device_Library/Class/MSC/Src/usbd_msc_data.o
                0x2000007c                MSC_Page80_Inquiry_Data
 .data.MSC_Mode_Sense6_data
                0x20000084        0x4 ./Middlewares/ST/STM32_USB_Device_Library/Class/MSC/Src/usbd_msc_data.o
                0x20000084                MSC_Mode_Sense6_data
 .data.MSC_Mode_Sense10_data
                0x20000088        0x8 ./Middlewares/ST/STM32_USB_Device_Library/Class/MSC/Src/usbd_msc_data.o
                0x20000088                MSC_Mode_Sense10_data
 .data.FS_Desc  0x20000090       0x20 ./USB_DEVICE/App/usbd_desc.o
                0x20000090                FS_Desc
 .data.USBD_FS_DeviceDesc
                0x200000b0       0x12 ./USB_DEVICE/App/usbd_desc.o
                0x200000b0                USBD_FS_DeviceDesc
 *fill*         0x200000c2        0x2 
 .data.USBD_FS_BOSDesc
                0x200000c4        0xc ./USB_DEVICE/App/usbd_desc.o
                0x200000c4                USBD_FS_BOSDesc
 .data.USBD_LangIDDesc
                0x200000d0        0x4 ./USB_DEVICE/App/usbd_desc.o
                0x200000d0                USBD_LangIDDesc
 .data.USBD_StringSerial
                0x200000d4       0x1a ./USB_DEVICE/App/usbd_desc.o
                0x200000d4                USBD_StringSerial
 *fill*         0x200000ee        0x2 
 .data.USBD_Storage_Interface_fops_FS
                0x200000f0       0x20 ./USB_DEVICE/App/usbd_storage_if.o
                0x200000f0                USBD_Storage_Interface_fops_FS
 .data._impure_ptr
                0x20000110        0x4 C:/ST/STM32CubeIDE_1.16.0/STM32CubeIDE/plugins/com.st.stm32cube.ide.mcu.externaltools.gnu-tools-for-stm32.12.3.rel1.win32_1.0.200.202406191623/tools/bin/../lib/gcc/arm-none-eabi/12.3.1/../../../../arm-none-eabi/lib/thumb/v7e-m+fp/hard\libc_nano.a(libc_a-impure.o)
                0x20000110                _impure_ptr
 .data._impure_data
                0x20000114       0x4c C:/ST/STM32CubeIDE_1.16.0/STM32CubeIDE/plugins/com.st.stm32cube.ide.mcu.externaltools.gnu-tools-for-stm32.12.3.rel1.win32_1.0.200.202406191623/tools/bin/../lib/gcc/arm-none-eabi/12.3.1/../../../../arm-none-eabi/lib/thumb/v7e-m+fp/hard\libc_nano.a(libc_a-impure.o)
                0x20000114                _impure_data
 *(.RamFunc)
 *(.RamFunc*)
                0x20000160                        . = ALIGN (0x4)
                0x20000160                        _edata = .

.igot.plt       0x20000160        0x0 load address 0x0800c67c
 .igot.plt      0x20000160        0x0 C:/ST/STM32CubeIDE_1.16.0/STM32CubeIDE/plugins/com.st.stm32cube.ide.mcu.externaltools.gnu-tools-for-stm32.12.3.rel1.win32_1.0.200.202406191623/tools/bin/../lib/gcc/arm-none-eabi/12.3.1/thumb/v7e-m+fp/hard/crtbegin.o
                0x20000160                        . = ALIGN (0x4)

.bss            0x20000160      0xee4 load address 0x0800c67c
                0x20000160                        _sbss = .
                0x20000160                        __bss_start__ = _sbss
 *(.bss)
 .bss           0x20000160       0x1c C:/ST/STM32CubeIDE_1.16.0/STM32CubeIDE/plugins/com.st.stm32cube.ide.mcu.externaltools.gnu-tools-for-stm32.12.3.rel1.win32_1.0.200.202406191623/tools/bin/../lib/gcc/arm-none-eabi/12.3.1/thumb/v7e-m+fp/hard/crtbegin.o
 *(.bss*)
 .bss.hsd1      0x2000017c       0x84 ./Core/Src/main.o
                0x2000017c                hsd1
 .bss.hdma_sdmmc1_rx
                0x20000200       0x60 ./Core/Src/main.o
                0x20000200                hdma_sdmmc1_rx
 .bss.hdma_sdmmc1_tx
                0x20000260       0x60 ./Core/Src/main.o
                0x20000260                hdma_sdmmc1_tx
 .bss.SDFatFs_main
                0x200002c0      0x230 ./Core/Src/main.o
                0x200002c0                SDFatFs_main
 .bss.__sbrk_heap_end
                0x200004f0        0x4 ./Core/Src/sysmem.o
 .bss.uwTick    0x200004f4        0x4 ./Drivers/STM32F7xx_HAL_Driver/Src/stm32f7xx_hal.o
                0x200004f4                uwTick
 .bss.retSD     0x200004f8        0x1 ./FATFS/App/fatfs.o
                0x200004f8                retSD
 *fill*         0x200004f9        0x3 
 .bss.SDPath    0x200004fc        0x4 ./FATFS/App/fatfs.o
                0x200004fc                SDPath
 .bss.WriteStatus
                0x20000500        0x4 ./FATFS/Target/sd_diskio.o
 .bss.ReadStatus
                0x20000504        0x4 ./FATFS/Target/sd_diskio.o
 .bss.cfgidx.0  0x20000508        0x1 ./Middlewares/ST/STM32_USB_Device_Library/Core/Src/usbd_ctlreq.o
 *fill*         0x20000509        0x3 
 .bss.FatFs     0x2000050c        0x4 ./Middlewares/Third_Party/FatFs/src/ff.o
 .bss.Fsid      0x20000510        0x2 ./Middlewares/Third_Party/FatFs/src/ff.o
 *fill*         0x20000512        0x2 
 .bss.Files     0x20000514       0x20 ./Middlewares/Third_Party/FatFs/src/ff.o
 .bss.disk      0x20000534        0xc ./Middlewares/Third_Party/FatFs/src/ff_gen_drv.o
                0x20000534                disk
 .bss.hUsbDeviceFS
                0x20000540      0x2dc ./USB_DEVICE/App/usb_device.o
                0x20000540                hUsbDeviceFS
 .bss.USBD_StrDesc
                0x2000081c      0x200 ./USB_DEVICE/App/usbd_desc.o
                0x2000081c                USBD_StrDesc
 .bss.hpcd_USB_OTG_FS
                0x20000a1c      0x4e0 ./USB_DEVICE/Target/usbd_conf.o
                0x20000a1c                hpcd_USB_OTG_FS
 .bss.__malloc_sbrk_start
                0x20000efc        0x4 C:/ST/STM32CubeIDE_1.16.0/STM32CubeIDE/plugins/com.st.stm32cube.ide.mcu.externaltools.gnu-tools-for-stm32.12.3.rel1.win32_1.0.200.202406191623/tools/bin/../lib/gcc/arm-none-eabi/12.3.1/../../../../arm-none-eabi/lib/thumb/v7e-m+fp/hard\libc_nano.a(libc_a-mallocr.o)
                0x20000efc                __malloc_sbrk_start
 .bss.__malloc_free_list
                0x20000f00        0x4 C:/ST/STM32CubeIDE_1.16.0/STM32CubeIDE/plugins/com.st.stm32cube.ide.mcu.externaltools.gnu-tools-for-stm32.12.3.rel1.win32_1.0.200.202406191623/tools/bin/../lib/gcc/arm-none-eabi/12.3.1/../../../../arm-none-eabi/lib/thumb/v7e-m+fp/hard\libc_nano.a(libc_a-mallocr.o)
                0x20000f00                __malloc_free_list
 .bss.__sf      0x20000f04      0x138 C:/ST/STM32CubeIDE_1.16.0/STM32CubeIDE/plugins/com.st.stm32cube.ide.mcu.externaltools.gnu-tools-for-stm32.12.3.rel1.win32_1.0.200.202406191623/tools/bin/../lib/gcc/arm-none-eabi/12.3.1/../../../../arm-none-eabi/lib/thumb/v7e-m+fp/hard\libc_nano.a(libc_a-findfp.o)
                0x20000f04                __sf
 .bss.errno     0x2000103c        0x4 C:/ST/STM32CubeIDE_1.16.0/STM32CubeIDE/plugins/com.st.stm32cube.ide.mcu.externaltools.gnu-tools-for-stm32.12.3.rel1.win32_1.0.200.202406191623/tools/bin/../lib/gcc/arm-none-eabi/12.3.1/../../../../arm-none-eabi/lib/thumb/v7e-m+fp/hard\libc_nano.a(libc_a-reent.o)
                0x2000103c                errno
 .bss.__lock___malloc_recursive_mutex
                0x20001040        0x1 C:/ST/STM32CubeIDE_1.16.0/STM32CubeIDE/plugins/com.st.stm32cube.ide.mcu.externaltools.gnu-tools-for-stm32.12.3.rel1.win32_1.0.200.202406191623/tools/bin/../lib/gcc/arm-none-eabi/12.3.1/../../../../arm-none-eabi/lib/thumb/v7e-m+fp/hard\libc_nano.a(libc_a-lock.o)
                0x20001040                __lock___malloc_recursive_mutex
 *(COMMON)
                0x20001044                        . = ALIGN (0x4)
 *fill*         0x20001041        0x3 
                0x20001044                        _ebss = .
                0x20001044                        __bss_end__ = _ebss

._user_heap_stack
                0x20001044      0x604 load address 0x0800c67c
                0x20001048                        . = ALIGN (0x8)
 *fill*         0x20001044        0x4 
                [!provide]                        PROVIDE (end = .)
                0x20001048                        PROVIDE (_end = .)
                0x20001248                        . = (. + _Min_Heap_Size)
 *fill*         0x20001048      0x200 
                0x20001648                        . = (. + _Min_Stack_Size)
 *fill*         0x20001248      0x400 
                0x20001648                        . = ALIGN (0x8)

/DISCARD/
 libc.a(*)
 libm.a(*)
 libgcc.a(*)

.ARM.attributes
                0x00000000       0x30
 *(.ARM.attributes)
 .ARM.attributes
                0x00000000       0x22 C:/ST/STM32CubeIDE_1.16.0/STM32CubeIDE/plugins/com.st.stm32cube.ide.mcu.externaltools.gnu-tools-for-stm32.12.3.rel1.win32_1.0.200.202406191623/tools/bin/../lib/gcc/arm-none-eabi/12.3.1/thumb/v7e-m+fp/hard/crti.o
 .ARM.attributes
                0x00000022       0x34 C:/ST/STM32CubeIDE_1.16.0/STM32CubeIDE/plugins/com.st.stm32cube.ide.mcu.externaltools.gnu-tools-for-stm32.12.3.rel1.win32_1.0.200.202406191623/tools/bin/../lib/gcc/arm-none-eabi/12.3.1/thumb/v7e-m+fp/hard/crtbegin.o
 .ARM.attributes
                0x00000056       0x34 ./Core/Src/main.o
 .ARM.attributes
                0x0000008a       0x34 ./Core/Src/stm32f7xx_hal_msp.o
 .ARM.attributes
                0x000000be       0x34 ./Core/Src/stm32f7xx_it.o
 .ARM.attributes
                0x000000f2       0x34 ./Core/Src/sysmem.o
 .ARM.attributes
                0x00000126       0x34 ./Core/Src/system_stm32f7xx.o
 .ARM.attributes
                0x0000015a       0x21 ./Core/Startup/startup_stm32f746nghx.o
 .ARM.attributes
                0x0000017b       0x34 ./Drivers/STM32F7xx_HAL_Driver/Src/stm32f7xx_hal.o
 .ARM.attributes
                0x000001af       0x34 ./Drivers/STM32F7xx_HAL_Driver/Src/stm32f7xx_hal_cortex.o
 .ARM.attributes
                0x000001e3       0x34 ./Drivers/STM32F7xx_HAL_Driver/Src/stm32f7xx_hal_dma.o
 .ARM.attributes
                0x00000217       0x34 ./Drivers/STM32F7xx_HAL_Driver/Src/stm32f7xx_hal_gpio.o
 .ARM.attributes
                0x0000024b       0x34 ./Drivers/STM32F7xx_HAL_Driver/Src/stm32f7xx_hal_pcd.o
 .ARM.attributes
                0x0000027f       0x34 ./Drivers/STM32F7xx_HAL_Driver/Src/stm32f7xx_hal_pcd_ex.o
 .ARM.attributes
                0x000002b3       0x34 ./Drivers/STM32F7xx_HAL_Driver/Src/stm32f7xx_hal_pwr_ex.o
 .ARM.attributes
                0x000002e7       0x34 ./Drivers/STM32F7xx_HAL_Driver/Src/stm32f7xx_hal_rcc.o
 .ARM.attributes
                0x0000031b       0x34 ./Drivers/STM32F7xx_HAL_Driver/Src/stm32f7xx_hal_rcc_ex.o
 .ARM.attributes
                0x0000034f       0x34 ./Drivers/STM32F7xx_HAL_Driver/Src/stm32f7xx_hal_sd.o
 .ARM.attributes
                0x00000383       0x34 ./Drivers/STM32F7xx_HAL_Driver/Src/stm32f7xx_ll_sdmmc.o
 .ARM.attributes
                0x000003b7       0x34 ./Drivers/STM32F7xx_HAL_Driver/Src/stm32f7xx_ll_usb.o
 .ARM.attributes
                0x000003eb       0x34 ./FATFS/App/fatfs.o
 .ARM.attributes
                0x0000041f       0x34 ./FATFS/Target/bsp_driver_sd.o
 .ARM.attributes
                0x00000453       0x34 ./FATFS/Target/sd_diskio.o
 .ARM.attributes
                0x00000487       0x34 ./Middlewares/ST/STM32_USB_Device_Library/Class/MSC/Src/usbd_msc.o
 .ARM.attributes
                0x000004bb       0x34 ./Middlewares/ST/STM32_USB_Device_Library/Class/MSC/Src/usbd_msc_bot.o
 .ARM.attributes
                0x000004ef       0x34 ./Middlewares/ST/STM32_USB_Device_Library/Class/MSC/Src/usbd_msc_data.o
 .ARM.attributes
                0x00000523       0x34 ./Middlewares/ST/STM32_USB_Device_Library/Class/MSC/Src/usbd_msc_scsi.o
 .ARM.attributes
                0x00000557       0x34 ./Middlewares/ST/STM32_USB_Device_Library/Core/Src/usbd_core.o
 .ARM.attributes
                0x0000058b       0x34 ./Middlewares/ST/STM32_USB_Device_Library/Core/Src/usbd_ctlreq.o
 .ARM.attributes
                0x000005bf       0x34 ./Middlewares/ST/STM32_USB_Device_Library/Core/Src/usbd_ioreq.o
 .ARM.attributes
                0x000005f3       0x34 ./Middlewares/Third_Party/FatFs/src/diskio.o
 .ARM.attributes
                0x00000627       0x34 ./Middlewares/Third_Party/FatFs/src/ff.o
 .ARM.attributes
                0x0000065b       0x34 ./Middlewares/Third_Party/FatFs/src/ff_gen_drv.o
 .ARM.attributes
                0x0000068f       0x34 ./USB_DEVICE/App/usb_device.o
 .ARM.attributes
                0x000006c3       0x34 ./USB_DEVICE/App/usbd_desc.o
 .ARM.attributes
                0x000006f7       0x34 ./USB_DEVICE/App/usbd_storage_if.o
 .ARM.attributes
                0x0000072b       0x34 ./USB_DEVICE/Target/usbd_conf.o
 .ARM.attributes
                0x0000075f       0x34 C:/ST/STM32CubeIDE_1.16.0/STM32CubeIDE/plugins/com.st.stm32cube.ide.mcu.externaltools.gnu-tools-for-stm32.12.3.rel1.win32_1.0.200.202406191623/tools/bin/../lib/gcc/arm-none-eabi/12.3.1/../../../../arm-none-eabi/lib/thumb/v7e-m+fp/hard\libc_nano.a(libc_a-malloc.o)
 .ARM.attributes
                0x00000793       0x34 C:/ST/STM32CubeIDE_1.16.0/STM32CubeIDE/plugins/com.st.stm32cube.ide.mcu.externaltools.gnu-tools-for-stm32.12.3.rel1.win32_1.0.200.202406191623/tools/bin/../lib/gcc/arm-none-eabi/12.3.1/../../../../arm-none-eabi/lib/thumb/v7e-m+fp/hard\libc_nano.a(libc_a-mallocr.o)
 .ARM.attributes
                0x000007c7       0x34 C:/ST/STM32CubeIDE_1.16.0/STM32CubeIDE/plugins/com.st.stm32cube.ide.mcu.externaltools.gnu-tools-for-stm32.12.3.rel1.win32_1.0.200.202406191623/tools/bin/../lib/gcc/arm-none-eabi/12.3.1/../../../../arm-none-eabi/lib/thumb/v7e-m+fp/hard\libc_nano.a(libc_a-mlock.o)
 .ARM.attributes
                0x000007fb       0x34 C:/ST/STM32CubeIDE_1.16.0/STM32CubeIDE/plugins/com.st.stm32cube.ide.mcu.externaltools.gnu-tools-for-stm32.12.3.rel1.win32_1.0.200.202406191623/tools/bin/../lib/gcc/arm-none-eabi/12.3.1/../../../../arm-none-eabi/lib/thumb/v7e-m+fp/hard\libc_nano.a(libc_a-findfp.o)
 .ARM.attributes
                0x0000082f       0x34 C:/ST/STM32CubeIDE_1.16.0/STM32CubeIDE/plugins/com.st.stm32cube.ide.mcu.externaltools.gnu-tools-for-stm32.12.3.rel1.win32_1.0.200.202406191623/tools/bin/../lib/gcc/arm-none-eabi/12.3.1/../../../../arm-none-eabi/lib/thumb/v7e-m+fp/hard\libc_nano.a(libc_a-memset.o)
 .ARM.attributes
                0x00000863       0x34 C:/ST/STM32CubeIDE_1.16.0/STM32CubeIDE/plugins/com.st.stm32cube.ide.mcu.externaltools.gnu-tools-for-stm32.12.3.rel1.win32_1.0.200.202406191623/tools/bin/../lib/gcc/arm-none-eabi/12.3.1/../../../../arm-none-eabi/lib/thumb/v7e-m+fp/hard\libc_nano.a(libc_a-reent.o)
 .ARM.attributes
                0x00000897       0x34 C:/ST/STM32CubeIDE_1.16.0/STM32CubeIDE/plugins/com.st.stm32cube.ide.mcu.externaltools.gnu-tools-for-stm32.12.3.rel1.win32_1.0.200.202406191623/tools/bin/../lib/gcc/arm-none-eabi/12.3.1/../../../../arm-none-eabi/lib/thumb/v7e-m+fp/hard\libc_nano.a(libc_a-impure.o)
 .ARM.attributes
                0x000008cb       0x34 C:/ST/STM32CubeIDE_1.16.0/STM32CubeIDE/plugins/com.st.stm32cube.ide.mcu.externaltools.gnu-tools-for-stm32.12.3.rel1.win32_1.0.200.202406191623/tools/bin/../lib/gcc/arm-none-eabi/12.3.1/../../../../arm-none-eabi/lib/thumb/v7e-m+fp/hard\libc_nano.a(libc_a-sbrkr.o)
 .ARM.attributes
                0x000008ff       0x34 C:/ST/STM32CubeIDE_1.16.0/STM32CubeIDE/plugins/com.st.stm32cube.ide.mcu.externaltools.gnu-tools-for-stm32.12.3.rel1.win32_1.0.200.202406191623/tools/bin/../lib/gcc/arm-none-eabi/12.3.1/../../../../arm-none-eabi/lib/thumb/v7e-m+fp/hard\libc_nano.a(libc_a-errno.o)
 .ARM.attributes
                0x00000933       0x34 C:/ST/STM32CubeIDE_1.16.0/STM32CubeIDE/plugins/com.st.stm32cube.ide.mcu.externaltools.gnu-tools-for-stm32.12.3.rel1.win32_1.0.200.202406191623/tools/bin/../lib/gcc/arm-none-eabi/12.3.1/../../../../arm-none-eabi/lib/thumb/v7e-m+fp/hard\libc_nano.a(libc_a-init.o)
 .ARM.attributes
                0x00000967       0x34 C:/ST/STM32CubeIDE_1.16.0/STM32CubeIDE/plugins/com.st.stm32cube.ide.mcu.externaltools.gnu-tools-for-stm32.12.3.rel1.win32_1.0.200.202406191623/tools/bin/../lib/gcc/arm-none-eabi/12.3.1/../../../../arm-none-eabi/lib/thumb/v7e-m+fp/hard\libc_nano.a(libc_a-lock.o)
 .ARM.attributes
                0x0000099b       0x34 C:/ST/STM32CubeIDE_1.16.0/STM32CubeIDE/plugins/com.st.stm32cube.ide.mcu.externaltools.gnu-tools-for-stm32.12.3.rel1.win32_1.0.200.202406191623/tools/bin/../lib/gcc/arm-none-eabi/12.3.1/../../../../arm-none-eabi/lib/thumb/v7e-m+fp/hard\libc_nano.a(libc_a-freer.o)
 .ARM.attributes
                0x000009cf       0x22 C:/ST/STM32CubeIDE_1.16.0/STM32CubeIDE/plugins/com.st.stm32cube.ide.mcu.externaltools.gnu-tools-for-stm32.12.3.rel1.win32_1.0.200.202406191623/tools/bin/../lib/gcc/arm-none-eabi/12.3.1/thumb/v7e-m+fp/hard\libgcc.a(_aeabi_uldivmod.o)
 .ARM.attributes
                0x000009f1       0x34 C:/ST/STM32CubeIDE_1.16.0/STM32CubeIDE/plugins/com.st.stm32cube.ide.mcu.externaltools.gnu-tools-for-stm32.12.3.rel1.win32_1.0.200.202406191623/tools/bin/../lib/gcc/arm-none-eabi/12.3.1/thumb/v7e-m+fp/hard\libgcc.a(_udivmoddi4.o)
 .ARM.attributes
                0x00000a25       0x22 C:/ST/STM32CubeIDE_1.16.0/STM32CubeIDE/plugins/com.st.stm32cube.ide.mcu.externaltools.gnu-tools-for-stm32.12.3.rel1.win32_1.0.200.202406191623/tools/bin/../lib/gcc/arm-none-eabi/12.3.1/thumb/v7e-m+fp/hard\libgcc.a(_dvmd_tls.o)
 .ARM.attributes
                0x00000a47       0x22 C:/ST/STM32CubeIDE_1.16.0/STM32CubeIDE/plugins/com.st.stm32cube.ide.mcu.externaltools.gnu-tools-for-stm32.12.3.rel1.win32_1.0.200.202406191623/tools/bin/../lib/gcc/arm-none-eabi/12.3.1/thumb/v7e-m+fp/hard/crtn.o
OUTPUT(USB_MSC_F7.elf elf32-littlearm)
LOAD linker stubs