../Drivers/STM32F7xx_HAL_Driver/Inc/stm32f7xx_ll_rcc.h:1952:22:LL_RCC_HSE_EnableBypass	1
../Drivers/STM32F7xx_HAL_Driver/Inc/stm32f7xx_ll_rcc.h:1972:22:LL_RCC_HSE_Enable	1
../Drivers/STM32F7xx_HAL_Driver/Inc/stm32f7xx_ll_rcc.h:1992:26:LL_RCC_HSE_IsReady	1
../Drivers/STM32F7xx_HAL_Driver/Inc/stm32f7xx_ll_rcc.h:2214:22:LL_RCC_SetSysClkSource	1
../Drivers/STM32F7xx_HAL_Driver/Inc/stm32f7xx_ll_rcc.h:2227:26:LL_RCC_GetSysClkSource	1
../Drivers/STM32F7xx_HAL_Driver/Inc/stm32f7xx_ll_rcc.h:2247:22:LL_RCC_SetAHBPrescaler	1
../Drivers/STM32F7xx_HAL_Driver/Inc/stm32f7xx_ll_rcc.h:2263:22:LL_RCC_SetAPB1Prescaler	1
../Drivers/STM32F7xx_HAL_Driver/Inc/stm32f7xx_ll_rcc.h:2279:22:LL_RCC_SetAPB2Prescaler	1
../Drivers/STM32F7xx_HAL_Driver/Inc/stm32f7xx_ll_rcc.h:3102:22:LL_RCC_SetTIMPrescaler	1
../Drivers/STM32F7xx_HAL_Driver/Inc/stm32f7xx_ll_rcc.h:3132:22:LL_RCC_PLL_Enable	1
../Drivers/STM32F7xx_HAL_Driver/Inc/stm32f7xx_ll_rcc.h:3153:26:LL_RCC_PLL_IsReady	1
../Drivers/STM32F7xx_HAL_Driver/Inc/stm32f7xx_ll_rcc.h:3241:22:LL_RCC_PLL_ConfigDomain_SYS	1
../Drivers/STM32F7xx_HAL_Driver/Inc/stm32f7xx_ll_rcc.h:4159:22:LL_RCC_PLLSAI_Enable	1
../Drivers/STM32F7xx_HAL_Driver/Inc/stm32f7xx_ll_rcc.h:4179:26:LL_RCC_PLLSAI_IsReady	1
../Drivers/STM32F7xx_HAL_Driver/Inc/stm32f7xx_ll_rcc.h:4403:22:LL_RCC_PLLSAI_ConfigDomain_48M	1
../Drivers/STM32F7xx_HAL_Driver/Inc/stm32f7xx_ll_bus.h:309:22:LL_AHB1_GRP1_EnableClock	1
../Drivers/STM32F7xx_HAL_Driver/Inc/stm32f7xx_ll_system.h:891:22:LL_FLASH_SetLatency	1
../Drivers/STM32F7xx_HAL_Driver/Inc/stm32f7xx_ll_system.h:917:26:LL_FLASH_GetLatency	1
../Drivers/STM32F7xx_HAL_Driver/Inc/stm32f7xx_ll_cortex.h:491:22:LL_MPU_Enable	1
../Drivers/STM32F7xx_HAL_Driver/Inc/stm32f7xx_ll_cortex.h:506:22:LL_MPU_Disable	1
../Drivers/STM32F7xx_HAL_Driver/Inc/stm32f7xx_ll_cortex.h:584:22:LL_MPU_ConfigRegion	1
../Drivers/STM32F7xx_HAL_Driver/Inc/stm32f7xx_ll_pwr.h:263:22:LL_PWR_EnableOverDriveMode	1
../Drivers/STM32F7xx_HAL_Driver/Inc/stm32f7xx_ll_pwr.h:297:22:LL_PWR_SetRegulVoltageScaling	1
../Drivers/STM32F7xx_HAL_Driver/Inc/stm32f7xx_ll_pwr.h:868:26:LL_PWR_IsActiveFlag_VOS	1
../Core/Src/main.c:83:5:bufsize	2
../Core/Src/main.c:95:5:main	4
../Core/Src/main.c:177:6:SystemClock_Config	7
../Core/Src/main.c:230:6:PeriphCommonClock_Config	2
../Core/Src/main.c:247:13:MX_SDMMC1_SD_Init	1
../Core/Src/main.c:273:13:MX_DMA_Init	1
../Core/Src/main.c:294:13:MX_GPIO_Init	1
../Core/Src/main.c:321:6:MPU_Config	1
../Core/Src/main.c:339:6:Error_Handler	1
