Archive member included to satisfy reference by file (symbol)

C:/ST/STM32CubeIDE_1.16.0/STM32CubeIDE/plugins/com.st.stm32cube.ide.mcu.externaltools.gnu-tools-for-stm32.12.3.rel1.win32_1.0.200.202406191623/tools/bin/../lib/gcc/arm-none-eabi/12.3.1/../../../../arm-none-eabi/lib/thumb/v7e-m+fp/hard\libc_nano.a(libc_a-exit.o)
                              C:/ST/STM32CubeIDE_1.16.0/STM32CubeIDE/plugins/com.st.stm32cube.ide.mcu.externaltools.gnu-tools-for-stm32.12.3.rel1.win32_1.0.200.202406191623/tools/bin/../lib/gcc/arm-none-eabi/12.3.1/../../../../arm-none-eabi/lib/thumb/v7e-m+fp/hard/crt0.o (exit)
C:/ST/STM32CubeIDE_1.16.0/STM32CubeIDE/plugins/com.st.stm32cube.ide.mcu.externaltools.gnu-tools-for-stm32.12.3.rel1.win32_1.0.200.202406191623/tools/bin/../lib/gcc/arm-none-eabi/12.3.1/../../../../arm-none-eabi/lib/thumb/v7e-m+fp/hard\libc_nano.a(libc_a-findfp.o)
                              C:/ST/STM32CubeIDE_1.16.0/STM32CubeIDE/plugins/com.st.stm32cube.ide.mcu.externaltools.gnu-tools-for-stm32.12.3.rel1.win32_1.0.200.202406191623/tools/bin/../lib/gcc/arm-none-eabi/12.3.1/../../../../arm-none-eabi/lib/thumb/v7e-m+fp/hard\libc_nano.a(libc_a-exit.o) (__stdio_exit_handler)
C:/ST/STM32CubeIDE_1.16.0/STM32CubeIDE/plugins/com.st.stm32cube.ide.mcu.externaltools.gnu-tools-for-stm32.12.3.rel1.win32_1.0.200.202406191623/tools/bin/../lib/gcc/arm-none-eabi/12.3.1/../../../../arm-none-eabi/lib/thumb/v7e-m+fp/hard\libc_nano.a(libc_a-fwalk.o)
                              C:/ST/STM32CubeIDE_1.16.0/STM32CubeIDE/plugins/com.st.stm32cube.ide.mcu.externaltools.gnu-tools-for-stm32.12.3.rel1.win32_1.0.200.202406191623/tools/bin/../lib/gcc/arm-none-eabi/12.3.1/../../../../arm-none-eabi/lib/thumb/v7e-m+fp/hard\libc_nano.a(libc_a-findfp.o) (_fwalk_sglue)
C:/ST/STM32CubeIDE_1.16.0/STM32CubeIDE/plugins/com.st.stm32cube.ide.mcu.externaltools.gnu-tools-for-stm32.12.3.rel1.win32_1.0.200.202406191623/tools/bin/../lib/gcc/arm-none-eabi/12.3.1/../../../../arm-none-eabi/lib/thumb/v7e-m+fp/hard\libc_nano.a(libc_a-stdio.o)
                              C:/ST/STM32CubeIDE_1.16.0/STM32CubeIDE/plugins/com.st.stm32cube.ide.mcu.externaltools.gnu-tools-for-stm32.12.3.rel1.win32_1.0.200.202406191623/tools/bin/../lib/gcc/arm-none-eabi/12.3.1/../../../../arm-none-eabi/lib/thumb/v7e-m+fp/hard\libc_nano.a(libc_a-findfp.o) (__sread)
C:/ST/STM32CubeIDE_1.16.0/STM32CubeIDE/plugins/com.st.stm32cube.ide.mcu.externaltools.gnu-tools-for-stm32.12.3.rel1.win32_1.0.200.202406191623/tools/bin/../lib/gcc/arm-none-eabi/12.3.1/../../../../arm-none-eabi/lib/thumb/v7e-m+fp/hard\libc_nano.a(libc_a-memcmp.o)
                              ./FATFS/ff.o (memcmp)
C:/ST/STM32CubeIDE_1.16.0/STM32CubeIDE/plugins/com.st.stm32cube.ide.mcu.externaltools.gnu-tools-for-stm32.12.3.rel1.win32_1.0.200.202406191623/tools/bin/../lib/gcc/arm-none-eabi/12.3.1/../../../../arm-none-eabi/lib/thumb/v7e-m+fp/hard\libc_nano.a(libc_a-memset.o)
                              C:/ST/STM32CubeIDE_1.16.0/STM32CubeIDE/plugins/com.st.stm32cube.ide.mcu.externaltools.gnu-tools-for-stm32.12.3.rel1.win32_1.0.200.202406191623/tools/bin/../lib/gcc/arm-none-eabi/12.3.1/../../../../arm-none-eabi/lib/thumb/v7e-m+fp/hard/crt0.o (memset)
C:/ST/STM32CubeIDE_1.16.0/STM32CubeIDE/plugins/com.st.stm32cube.ide.mcu.externaltools.gnu-tools-for-stm32.12.3.rel1.win32_1.0.200.202406191623/tools/bin/../lib/gcc/arm-none-eabi/12.3.1/../../../../arm-none-eabi/lib/thumb/v7e-m+fp/hard\libc_nano.a(libc_a-strchr.o)
                              ./FATFS/ff.o (strchr)
C:/ST/STM32CubeIDE_1.16.0/STM32CubeIDE/plugins/com.st.stm32cube.ide.mcu.externaltools.gnu-tools-for-stm32.12.3.rel1.win32_1.0.200.202406191623/tools/bin/../lib/gcc/arm-none-eabi/12.3.1/../../../../arm-none-eabi/lib/thumb/v7e-m+fp/hard\libc_nano.a(libc_a-closer.o)
                              C:/ST/STM32CubeIDE_1.16.0/STM32CubeIDE/plugins/com.st.stm32cube.ide.mcu.externaltools.gnu-tools-for-stm32.12.3.rel1.win32_1.0.200.202406191623/tools/bin/../lib/gcc/arm-none-eabi/12.3.1/../../../../arm-none-eabi/lib/thumb/v7e-m+fp/hard\libc_nano.a(libc_a-stdio.o) (_close_r)
C:/ST/STM32CubeIDE_1.16.0/STM32CubeIDE/plugins/com.st.stm32cube.ide.mcu.externaltools.gnu-tools-for-stm32.12.3.rel1.win32_1.0.200.202406191623/tools/bin/../lib/gcc/arm-none-eabi/12.3.1/../../../../arm-none-eabi/lib/thumb/v7e-m+fp/hard\libc_nano.a(libc_a-reent.o)
                              C:/ST/STM32CubeIDE_1.16.0/STM32CubeIDE/plugins/com.st.stm32cube.ide.mcu.externaltools.gnu-tools-for-stm32.12.3.rel1.win32_1.0.200.202406191623/tools/bin/../lib/gcc/arm-none-eabi/12.3.1/../../../../arm-none-eabi/lib/thumb/v7e-m+fp/hard\libc_nano.a(libc_a-closer.o) (errno)
C:/ST/STM32CubeIDE_1.16.0/STM32CubeIDE/plugins/com.st.stm32cube.ide.mcu.externaltools.gnu-tools-for-stm32.12.3.rel1.win32_1.0.200.202406191623/tools/bin/../lib/gcc/arm-none-eabi/12.3.1/../../../../arm-none-eabi/lib/thumb/v7e-m+fp/hard\libc_nano.a(libc_a-impure.o)
[...]
Memory Configuration

Name             Origin             Length             Attributes
RAM              0x20000000         0x00050000         xrw
FLASH            0x08000000         0x00100000         xr
*default*        0x00000000         0xffffffff

Linker script and memory map

LOAD C:/ST/STM32CubeIDE_1.16.0/STM32CubeIDE/plugins/com.st.stm32cube.ide.mcu.externaltools.gnu-tools-for-stm32.12.3.rel1.win32_1.0.200.202406191623/tools/bin/../lib/gcc/arm-none-eabi/12.3.1/thumb/v7e-m+fp/hard/crti.o
LOAD C:/ST/STM32CubeIDE_1.16.0/STM32CubeIDE/plugins/com.st.stm32cube.ide.mcu.externaltools.gnu-tools-for-stm32.12.3.rel1.win32_1.0.200.202406191623/tools/bin/../lib/gcc/arm-none-eabi/12.3.1/thumb/v7e-m+fp/hard/crtbegin.o
LOAD C:/ST/STM32CubeIDE_1.16.0/STM32CubeIDE/plugins/com.st.stm32cube.ide.mcu.externaltools.gnu-tools-for-stm32.12.3.rel1.win32_1.0.200.202406191623/tools/bin/../lib/gcc/arm-none-eabi/12.3.1/../../../../arm-none-eabi/lib/thumb/v7e-m+fp/hard/crt0.o
LOAD ./BSP/SD/bsp_sd_sdmmc.o
LOAD ./BSP/SD/bsp_sd_spi.o
LOAD ./Core/Src/main.o
LOAD ./Core/Src/stm32f7xx_hal_msp.o
LOAD ./Core/Src/stm32f7xx_it.o
LOAD ./Core/Src/syscalls.o
LOAD ./Core/Src/sysmem.o
LOAD ./Core/Src/system_stm32f7xx.o
LOAD ./Core/Startup/startup_stm32f746nghx.o
LOAD ./Drivers/STM32F7xx_HAL_Driver/Src/stm32f7xx_hal.o
LOAD ./Drivers/STM32F7xx_HAL_Driver/Src/stm32f7xx_hal_cortex.o
LOAD ./Drivers/STM32F7xx_HAL_Driver/Src/stm32f7xx_hal_dma.o
LOAD ./Drivers/STM32F7xx_HAL_Driver/Src/stm32f7xx_hal_dma_ex.o
LOAD ./Drivers/STM32F7xx_HAL_Driver/Src/stm32f7xx_hal_exti.o
LOAD ./Drivers/STM32F7xx_HAL_Driver/Src/stm32f7xx_hal_flash.o
LOAD ./Drivers/STM32F7xx_HAL_Driver/Src/stm32f7xx_hal_flash_ex.o
LOAD ./Drivers/STM32F7xx_HAL_Driver/Src/stm32f7xx_hal_gpio.o
LOAD ./Drivers/STM32F7xx_HAL_Driver/Src/stm32f7xx_hal_i2c.o
LOAD ./Drivers/STM32F7xx_HAL_Driver/Src/stm32f7xx_hal_i2c_ex.o
LOAD ./Drivers/STM32F7xx_HAL_Driver/Src/stm32f7xx_hal_pwr.o
LOAD ./Drivers/STM32F7xx_HAL_Driver/Src/stm32f7xx_hal_pwr_ex.o
LOAD ./Drivers/STM32F7xx_HAL_Driver/Src/stm32f7xx_hal_rcc.o
LOAD ./Drivers/STM32F7xx_HAL_Driver/Src/stm32f7xx_hal_rcc_ex.o
LOAD ./Drivers/STM32F7xx_HAL_Driver/Src/stm32f7xx_hal_sd.o
LOAD ./Drivers/STM32F7xx_HAL_Driver/Src/stm32f7xx_hal_spi.o
LOAD ./Drivers/STM32F7xx_HAL_Driver/Src/stm32f7xx_hal_spi_ex.o
LOAD ./Drivers/STM32F7xx_HAL_Driver/Src/stm32f7xx_hal_tim.o
LOAD ./Drivers/STM32F7xx_HAL_Driver/Src/stm32f7xx_hal_tim_ex.o
LOAD ./Drivers/STM32F7xx_HAL_Driver/Src/stm32f7xx_ll_sdmmc.o
LOAD ./FATFS/diskio.o
LOAD ./FATFS/ff.o
LOAD ./FATFS/ffsystem.o
LOAD ./FATFS/ffunicode.o
START GROUP
LOAD C:/ST/STM32CubeIDE_1.16.0/STM32CubeIDE/plugins/com.st.stm32cube.ide.mcu.externaltools.gnu-tools-for-stm32.12.3.rel1.win32_1.0.200.202406191623/tools/bin/../lib/gcc/arm-none-eabi/12.3.1/../../../../arm-none-eabi/lib/thumb/v7e-m+fp/hard\libc_nano.a
LOAD C:/ST/STM32CubeIDE_1.16.0/STM32CubeIDE/plugins/com.st.stm32cube.ide.mcu.externaltools.gnu-tools-for-stm32.12.3.rel1.win32_1.0.200.202406191623/tools/bin/../lib/gcc/arm-none-eabi/12.3.1/../../../../arm-none-eabi/lib/thumb/v7e-m+fp/hard\libm.a
END GROUP
START GROUP
LOAD C:/ST/STM32CubeIDE_1.16.0/STM32CubeIDE/plugins/com.st.stm32cube.ide.mcu.externaltools.gnu-tools-for-stm32.12.3.rel1.win32_1.0.200.202406191623/tools/bin/../lib/gcc/arm-none-eabi/12.3.1/thumb/v7e-m+fp/hard\libgcc.a
LOAD C:/ST/STM32CubeIDE_1.16.0/STM32CubeIDE/plugins/com.st.stm32cube.ide.mcu.externaltools.gnu-tools-for-stm32.12.3.rel1.win32_1.0.200.202406191623/tools/bin/../lib/gcc/arm-none-eabi/12.3.1/../../../../arm-none-eabi/lib/thumb/v7e-m+fp/hard\libc_nano.a
END GROUP
START GROUP
LOAD C:/ST/STM32CubeIDE_1.16.0/STM32CubeIDE/plugins/com.st.stm32cube.ide.mcu.externaltools.gnu-tools-for-stm32.12.3.rel1.win32_1.0.200.202406191623/tools/bin/../lib/gcc/arm-none-eabi/12.3.1/thumb/v7e-m+fp/hard\libgcc.a
LOAD C:/ST/STM32CubeIDE_1.16.0/STM32CubeIDE/plugins/com.st.stm32cube.ide.mcu.externaltools.gnu-tools-for-stm32.12.3.rel1.win32_1.0.200.202406191623/tools/bin/../lib/gcc/arm-none-eabi/12.3.1/../../../../arm-none-eabi/lib/thumb/v7e-m+fp/hard\libc_nano.a
LOAD C:/ST/STM32CubeIDE_1.16.0/STM32CubeIDE/plugins/com.st.stm32cube.ide.mcu.externaltools.gnu-tools-for-stm32.12.3.rel1.win32_1.0.200.202406191623/tools/bin/../lib/gcc/arm-none-eabi/12.3.1/../../../../arm-none-eabi/lib/thumb/v7e-m+fp/hard\libnosys.a
END GROUP
START GROUP
LOAD C:/ST/STM32CubeIDE_1.16.0/STM32CubeIDE/plugins/com.st.stm32cube.ide.mcu.externaltools.gnu-tools-for-stm32.12.3.rel1.win32_1.0.200.202406191623/tools/bin/../lib/gcc/arm-none-eabi/12.3.1/thumb/v7e-m+fp/hard\libgcc.a
LOAD C:/ST/STM32CubeIDE_1.16.0/STM32CubeIDE/plugins/com.st.stm32cube.ide.mcu.externaltools.gnu-tools-for-stm32.12.3.rel1.win32_1.0.200.202406191623/tools/bin/../lib/gcc/arm-none-eabi/12.3.1/../../../../arm-none-eabi/lib/thumb/v7e-m+fp/hard\libc_nano.a
LOAD C:/ST/STM32CubeIDE_1.16.0/STM32CubeIDE/plugins/com.st.stm32cube.ide.mcu.externaltools.gnu-tools-for-stm32.12.3.rel1.win32_1.0.200.202406191623/tools/bin/../lib/gcc/arm-none-eabi/12.3.1/../../../../arm-none-eabi/lib/thumb/v7e-m+fp/hard\libnosys.a
END GROUP
LOAD C:/ST/STM32CubeIDE_1.16.0/STM32CubeIDE/plugins/com.st.stm32cube.ide.mcu.externaltools.gnu-tools-for-stm32.12.3.rel1.win32_1.0.200.202406191623/tools/bin/../lib/gcc/arm-none-eabi/12.3.1/thumb/v7e-m+fp/hard/crtend.o
LOAD C:/ST/STM32CubeIDE_1.16.0/STM32CubeIDE/plugins/com.st.stm32cube.ide.mcu.externaltools.gnu-tools-for-stm32.12.3.rel1.win32_1.0.200.202406191623/tools/bin/../lib/gcc/arm-none-eabi/12.3.1/thumb/v7e-m+fp/hard/crtn.o
                0x20050000                        _estack = (ORIGIN (RAM) + LENGTH (RAM))
                0x00000200                        _Min_Heap_Size = 0x200
                0x00000400                        _Min_Stack_Size = 0x400

.isr_vector     0x08000000      0x1c8
                0x08000000                        . = ALIGN (0x4)
 *(.isr_vector)
 .isr_vector    0x08000000      0x1c8 ./Core/Startup/startup_stm32f746nghx.o
                0x08000000                g_pfnVectors
                0x080001c8                        . = ALIGN (0x4)

.text           0x080001c8     0x70b8
                0x080001c8                        . = ALIGN (0x4)
 *(.text)
 .text          0x080001c8       0x40 C:/ST/STM32CubeIDE_1.16.0/STM32CubeIDE/plugins/com.st.stm32cube.ide.mcu.externaltools.gnu-tools-for-stm32.12.3.rel1.win32_1.0.200.202406191623/tools/bin/../lib/gcc/arm-none-eabi/12.3.1/thumb/v7e-m+fp/hard/crtbegin.o
 .text          0x08000208       0x30 C:/ST/STM32CubeIDE_1.16.0/STM32CubeIDE/plugins/com.st.stm32cube.ide.mcu.externaltools.gnu-tools-for-stm32.12.3.rel1.win32_1.0.200.202406191623/tools/bin/../lib/gcc/arm-none-eabi/12.3.1/thumb/v7e-m+fp/hard\libgcc.a(_aeabi_uldivmod.o)
                0x08000208                __aeabi_uldivmod
 .text          0x08000238      0x2bc C:/ST/STM32CubeIDE_1.16.0/STM32CubeIDE/plugins/com.st.stm32cube.ide.mcu.externaltools.gnu-tools-for-stm32.12.3.rel1.win32_1.0.200.202406191623/tools/bin/../lib/gcc/arm-none-eabi/12.3.1/thumb/v7e-m+fp/hard\libgcc.a(_udivmoddi4.o)
                0x08000238                __udivmoddi4
 .text          0x080004f4        0x4 C:/ST/STM32CubeIDE_1.16.0/STM32CubeIDE/plugins/com.st.stm32cube.ide.mcu.externaltools.gnu-tools-for-stm32.12.3.rel1.win32_1.0.200.202406191623/tools/bin/../lib/gcc/arm-none-eabi/12.3.1/thumb/v7e-m+fp/hard\libgcc.a(_dvmd_tls.o)
                0x080004f4                __aeabi_idiv0
                0x080004f4                __aeabi_ldiv0
 *(.text*)
 .text.SELECT   0x080004f8       0x18 ./BSP/SD/bsp_sd_spi.o
 .text.DESELECT
                0x08000510       0x18 ./BSP/SD/bsp_sd_spi.o
 .text.SPI_TxByte
                0x08000528       0x34 ./BSP/SD/bsp_sd_spi.o
 .text.SPI_TxBuffer
                0x0800055c       0x38 ./BSP/SD/bsp_sd_spi.o
 .text.SPI_RxByte
                0x08000594       0x40 ./BSP/SD/bsp_sd_spi.o
 .text.SPI_RxBytePtr
                0x080005d4       0x20 ./BSP/SD/bsp_sd_spi.o
 .text.SD_ReadyWait
                0x080005f4       0x3c ./BSP/SD/bsp_sd_spi.o
 .text.SD_PowerOn
                0x08000630       0x94 ./BSP/SD/bsp_sd_spi.o
 .text.SD_PowerOff
                0x080006c4       0x18 ./BSP/SD/bsp_sd_spi.o
 .text.SD_RxDataBlock
                0x080006dc       0x70 ./BSP/SD/bsp_sd_spi.o
 .text.SD_TxDataBlock
                0x0800074c       0x94 ./BSP/SD/bsp_sd_spi.o
 .text.SD_SendCmd
                0x080007e0       0xba ./BSP/SD/bsp_sd_spi.o
 *fill*         0x0800089a        0x2 
 .text.BSP_SD_SPI_Init
                0x0800089c      0x274 ./BSP/SD/bsp_sd_spi.o
                0x0800089c                BSP_SD_SPI_Init
 .text.BSP_SD_SPI_ReadBlocks
                0x08000b10       0xa8 ./BSP/SD/bsp_sd_spi.o
                0x08000b10                BSP_SD_SPI_ReadBlocks
 .text.BSP_SD_SPI_WriteBlocks
                0x08000bb8       0xec ./BSP/SD/bsp_sd_spi.o
                0x08000bb8                BSP_SD_SPI_WriteBlocks
 .text.BSP_SD_SPI_GetCardInfo
                0x08000ca4       0x30 ./BSP/SD/bsp_sd_spi.o
                0x08000ca4                BSP_SD_SPI_GetCardInfo
 .text.bufsize  0x08000cd4       0x2e ./Core/Src/main.o
                0x08000cd4                bufsize
 *fill*         0x08000d02        0x2 
 .text.main     0x08000d04       0xb4 ./Core/Src/main.o
                0x08000d04                main
 .text.SystemClock_Config
                0x08000db8       0xd0 ./Core/Src/main.o
                0x08000db8                SystemClock_Config
 .text.MX_SDMMC1_SD_Init
                0x08000e88       0x4c ./Core/Src/main.o
 .text.MX_SPI2_Init
                0x08000ed4       0x7c ./Core/Src/main.o
 .text.MX_GPIO_Init
                0x08000f50       0x90 ./Core/Src/main.o
 .text.MPU_Config
                0x08000fe0       0x58 ./Core/Src/main.o
 .text.Error_Handler
                0x08001038        0xc ./Core/Src/main.o
                0x08001038                Error_Handler
 .text.HAL_MspInit
                0x08001044       0x48 ./Core/Src/stm32f7xx_hal_msp.o
                0x08001044                HAL_MspInit
 .text.HAL_SD_MspInit
                0x0800108c      0x10c ./Core/Src/stm32f7xx_hal_msp.o
                0x0800108c                HAL_SD_MspInit
 .text.HAL_SPI_MspInit
                0x08001198       0xc4 ./Core/Src/stm32f7xx_hal_msp.o
                0x08001198                HAL_SPI_MspInit
 .text.NMI_Handler
                0x0800125c        0x8 ./Core/Src/stm32f7xx_it.o
                0x0800125c                NMI_Handler
 .text.HardFault_Handler
                0x08001264        0x8 ./Core/Src/stm32f7xx_it.o
                0x08001264                HardFault_Handler
 .text.MemManage_Handler
                0x0800126c        0x8 ./Core/Src/stm32f7xx_it.o
                0x0800126c                MemManage_Handler
 .text.BusFault_Handler
                0x08001274        0x8 ./Core/Src/stm32f7xx_it.o
                0x08001274                BusFault_Handler
 .text.UsageFault_Handler
                0x0800127c        0x8 ./Core/Src/stm32f7xx_it.o
                0x0800127c                UsageFault_Handler
 .text.SVC_Handler
                0x08001284        0xe ./Core/Src/stm32f7xx_it.o
                0x08001284                SVC_Handler
 .text.DebugMon_Handler
                0x08001292        0xe ./Core/Src/stm32f7xx_it.o
                0x08001292                DebugMon_Handler
 .text.PendSV_Handler
                0x080012a0        0xe ./Core/Src/stm32f7xx_it.o
                0x080012a0                PendSV_Handler
 *fill*         0x080012ae        0x2 
 .text.SysTick_Handler
                0x080012b0       0x1c ./Core/Src/stm32f7xx_it.o
                0x080012b0                SysTick_Handler
 .text.SystemInit
                0x080012cc       0x24 ./Core/Src/system_stm32f7xx.o
                0x080012cc                SystemInit
 .text.Reset_Handler
                0x080012f0       0x50 ./Core/Startup/startup_stm32f746nghx.o
                0x080012f0                Reset_Handler
 .text.Default_Handler
                0x08001340        0x2 ./Core/Startup/startup_stm32f746nghx.o
                0x08001340                RTC_Alarm_IRQHandler
                0x08001340                EXTI2_IRQHandler
                0x08001340                TIM8_CC_IRQHandler
                0x08001340                UART8_IRQHandler
                0x08001340                SPI4_IRQHandler
                0x08001340                TIM1_CC_IRQHandler
                0x08001340                DMA2_Stream5_IRQHandler
                0x08001340                DMA1_Stream5_IRQHandler
                0x08001340                PVD_IRQHandler
                0x08001340                TAMP_STAMP_IRQHandler
                0x08001340                CAN2_RX1_IRQHandler
                0x08001340                EXTI3_IRQHandler
                0x08001340                TIM8_TRG_COM_TIM14_IRQHandler
                0x08001340                TIM1_UP_TIM10_IRQHandler
                0x08001340                TIM8_UP_TIM13_IRQHandler
                0x08001340                I2C3_ER_IRQHandler
                0x08001340                EXTI0_IRQHandler
                0x08001340                I2C2_EV_IRQHandler
                0x08001340                DMA1_Stream2_IRQHandler
                0x08001340                CAN1_RX0_IRQHandler
                0x08001340                FPU_IRQHandler
                0x08001340                OTG_HS_WKUP_IRQHandler
                0x08001340                LTDC_ER_IRQHandler
                0x08001340                CAN2_SCE_IRQHandler
                0x08001340                DMA2_Stream2_IRQHandler
                0x08001340                SPI1_IRQHandler
                0x08001340                TIM6_DAC_IRQHandler
                0x08001340                TIM1_BRK_TIM9_IRQHandler
                0x08001340                DCMI_IRQHandler
                0x08001340                CAN2_RX0_IRQHandler
                0x08001340                DMA2_Stream3_IRQHandler
                0x08001340                SAI2_IRQHandler
                0x08001340                USART6_IRQHandler
                0x08001340                USART3_IRQHandler
                0x08001340                CAN1_RX1_IRQHandler
                0x08001340                UART5_IRQHandler
                0x08001340                DMA2_Stream0_IRQHandler
                0x08001340                TIM4_IRQHandler
                0x08001340                QUADSPI_IRQHandler
                0x08001340                I2C1_EV_IRQHandler
                0x08001340                DMA1_Stream6_IRQHandler
                0x08001340                DMA1_Stream1_IRQHandler
                0x08001340                UART4_IRQHandler
                0x08001340                TIM3_IRQHandler
                0x08001340                RCC_IRQHandler
                0x08001340                TIM8_BRK_TIM12_IRQHandler
                0x08001340                Default_Handler
                0x08001340                CEC_IRQHandler
                0x08001340                EXTI15_10_IRQHandler
                0x08001340                ADC_IRQHandler
                0x08001340                DMA1_Stream7_IRQHandler
                0x08001340                SPI5_IRQHandler
                0x08001340                TIM7_IRQHandler
                0x08001340                SDMMC1_IRQHandler
                0x08001340                CAN2_TX_IRQHandler
                0x08001340                TIM5_IRQHandler
                0x08001340                DMA2_Stream7_IRQHandler
                0x08001340                I2C3_EV_IRQHandler
                0x08001340                EXTI9_5_IRQHandler
                0x08001340                RTC_WKUP_IRQHandler
                0x08001340                LTDC_IRQHandler
                0x08001340                ETH_WKUP_IRQHandler
                0x08001340                SPDIF_RX_IRQHandler
                0x08001340                SPI2_IRQHandler
                0x08001340                OTG_HS_EP1_IN_IRQHandler
                0x08001340                DMA1_Stream0_IRQHandler
                0x08001340                CAN1_TX_IRQHandler
                0x08001340                EXTI4_IRQHandler
                0x08001340                RNG_IRQHandler
                0x08001340                ETH_IRQHandler
                0x08001340                OTG_HS_EP1_OUT_IRQHandler
                0x08001340                WWDG_IRQHandler
                0x08001340                SPI6_IRQHandler
                0x08001340                I2C4_EV_IRQHandler
                0x08001340                TIM2_IRQHandler
                0x08001340                OTG_FS_WKUP_IRQHandler
                0x08001340                TIM1_TRG_COM_TIM11_IRQHandler
                0x08001340                OTG_HS_IRQHandler
                0x08001340                DMA2D_IRQHandler
                0x08001340                EXTI1_IRQHandler
                0x08001340                UART7_IRQHandler
                0x08001340                USART2_IRQHandler
                0x08001340                I2C2_ER_IRQHandler
                0x08001340                DMA2_Stream1_IRQHandler
                0x08001340                CAN1_SCE_IRQHandler
                0x08001340                FLASH_IRQHandler
                0x08001340                DMA2_Stream4_IRQHandler
                0x08001340                USART1_IRQHandler
                0x08001340                OTG_FS_IRQHandler
                0x08001340                SPI3_IRQHandler
                0x08001340                DMA1_Stream4_IRQHandler
                0x08001340                I2C1_ER_IRQHandler
                0x08001340                FMC_IRQHandler
                0x08001340                LPTIM1_IRQHandler
                0x08001340                I2C4_ER_IRQHandler
                0x08001340                DMA2_Stream6_IRQHandler
                0x08001340                SAI1_IRQHandler
                0x08001340                DMA1_Stream3_IRQHandler
 .text.HAL_Init
                0x08001342       0x1a ./Drivers/STM32F7xx_HAL_Driver/Src/stm32f7xx_hal.o
                0x08001342                HAL_Init
 .text.HAL_InitTick
                0x0800135c       0x60 ./Drivers/STM32F7xx_HAL_Driver/Src/stm32f7xx_hal.o
                0x0800135c                HAL_InitTick
 .text.HAL_IncTick
                0x080013bc       0x28 ./Drivers/STM32F7xx_HAL_Driver/Src/stm32f7xx_hal.o
                0x080013bc                HAL_IncTick
 .text.HAL_GetTick
                0x080013e4       0x18 ./Drivers/STM32F7xx_HAL_Driver/Src/stm32f7xx_hal.o
                0x080013e4                HAL_GetTick
 .text.HAL_Delay
                0x080013fc       0x48 ./Drivers/STM32F7xx_HAL_Driver/Src/stm32f7xx_hal.o
                0x080013fc                HAL_Delay
 .text.__NVIC_SetPriorityGrouping
                0x08001444       0x48 ./Drivers/STM32F7xx_HAL_Driver/Src/stm32f7xx_hal_cortex.o
 .text.__NVIC_GetPriorityGrouping
                0x0800148c       0x1c ./Drivers/STM32F7xx_HAL_Driver/Src/stm32f7xx_hal_cortex.o
 .text.__NVIC_SetPriority
                0x080014a8       0x54 ./Drivers/STM32F7xx_HAL_Driver/Src/stm32f7xx_hal_cortex.o
 .text.NVIC_EncodePriority
                0x080014fc       0x66 ./Drivers/STM32F7xx_HAL_Driver/Src/stm32f7xx_hal_cortex.o
 *fill*         0x08001562        0x2 
 .text.SysTick_Config
                0x08001564       0x44 ./Drivers/STM32F7xx_HAL_Driver/Src/stm32f7xx_hal_cortex.o
 .text.HAL_NVIC_SetPriorityGrouping
                0x080015a8       0x16 ./Drivers/STM32F7xx_HAL_Driver/Src/stm32f7xx_hal_cortex.o
                0x080015a8                HAL_NVIC_SetPriorityGrouping
 .text.HAL_NVIC_SetPriority
                0x080015be       0x38 ./Drivers/STM32F7xx_HAL_Driver/Src/stm32f7xx_hal_cortex.o
                0x080015be                HAL_NVIC_SetPriority
 .text.HAL_SYSTICK_Config
                0x080015f6       0x18 ./Drivers/STM32F7xx_HAL_Driver/Src/stm32f7xx_hal_cortex.o
                0x080015f6                HAL_SYSTICK_Config
 *fill*         0x0800160e        0x2 
 .text.HAL_MPU_Disable
                0x08001610       0x30 ./Drivers/STM32F7xx_HAL_Driver/Src/stm32f7xx_hal_cortex.o
                0x08001610                HAL_MPU_Disable
 .text.HAL_MPU_Enable
                0x08001640       0x40 ./Drivers/STM32F7xx_HAL_Driver/Src/stm32f7xx_hal_cortex.o
                0x08001640                HAL_MPU_Enable
 .text.HAL_MPU_ConfigRegion
                0x08001680       0x80 ./Drivers/STM32F7xx_HAL_Driver/Src/stm32f7xx_hal_cortex.o
                0x08001680                HAL_MPU_ConfigRegion
 .text.HAL_GPIO_Init
                0x08001700      0x358 ./Drivers/STM32F7xx_HAL_Driver/Src/stm32f7xx_hal_gpio.o
                0x08001700                HAL_GPIO_Init
 .text.HAL_GPIO_WritePin
                0x08001a58       0x32 ./Drivers/STM32F7xx_HAL_Driver/Src/stm32f7xx_hal_gpio.o
                0x08001a58                HAL_GPIO_WritePin
 *fill*         0x08001a8a        0x2 
 .text.HAL_RCC_OscConfig
                0x08001a8c      0x548 ./Drivers/STM32F7xx_HAL_Driver/Src/stm32f7xx_hal_rcc.o
                0x08001a8c                HAL_RCC_OscConfig
 .text.HAL_RCC_ClockConfig
                0x08001fd4      0x1d8 ./Drivers/STM32F7xx_HAL_Driver/Src/stm32f7xx_hal_rcc.o
                0x08001fd4                HAL_RCC_ClockConfig
 .text.HAL_RCC_GetSysClockFreq
                0x080021ac      0x18c ./Drivers/STM32F7xx_HAL_Driver/Src/stm32f7xx_hal_rcc.o
                0x080021ac                HAL_RCC_GetSysClockFreq
 .text.HAL_RCCEx_PeriphCLKConfig
                0x08002338      0x7e0 ./Drivers/STM32F7xx_HAL_Driver/Src/stm32f7xx_hal_rcc_ex.o
                0x08002338                HAL_RCCEx_PeriphCLKConfig
 .text.HAL_SD_Init
                0x08002b18       0x60 ./Drivers/STM32F7xx_HAL_Driver/Src/stm32f7xx_hal_sd.o
                0x08002b18                HAL_SD_Init
 .text.HAL_SD_InitCard
                0x08002b78      0x110 ./Drivers/STM32F7xx_HAL_Driver/Src/stm32f7xx_hal_sd.o
                0x08002b78                HAL_SD_InitCard
 .text.HAL_SD_GetCardCSD
                0x08002c88      0x348 ./Drivers/STM32F7xx_HAL_Driver/Src/stm32f7xx_hal_sd.o
                0x08002c88                HAL_SD_GetCardCSD
 .text.SD_InitCard
                0x08002fd0      0x19c ./Drivers/STM32F7xx_HAL_Driver/Src/stm32f7xx_hal_sd.o
 .text.SD_PowerON
                0x0800316c      0x11c ./Drivers/STM32F7xx_HAL_Driver/Src/stm32f7xx_hal_sd.o
 .text.HAL_SPI_Init
                0x08003288      0x156 ./Drivers/STM32F7xx_HAL_Driver/Src/stm32f7xx_hal_spi.o
                0x08003288                HAL_SPI_Init
 .text.HAL_SPI_Transmit
                0x080033de      0x2ea ./Drivers/STM32F7xx_HAL_Driver/Src/stm32f7xx_hal_spi.o
                0x080033de                HAL_SPI_Transmit
 .text.HAL_SPI_TransmitReceive
                0x080036c8      0x444 ./Drivers/STM32F7xx_HAL_Driver/Src/stm32f7xx_hal_spi.o
                0x080036c8                HAL_SPI_TransmitReceive
 .text.SPI_WaitFlagStateUntilTimeout
                0x08003b0c      0x110 ./Drivers/STM32F7xx_HAL_Driver/Src/stm32f7xx_hal_spi.o
 .text.SPI_WaitFifoStateUntilTimeout
                0x08003c1c      0x12c ./Drivers/STM32F7xx_HAL_Driver/Src/stm32f7xx_hal_spi.o
 .text.SPI_EndRxTxTransaction
                0x08003d48       0xd4 ./Drivers/STM32F7xx_HAL_Driver/Src/stm32f7xx_hal_spi.o
 .text.SDMMC_Init
                0x08003e1c       0x58 ./Drivers/STM32F7xx_HAL_Driver/Src/stm32f7xx_ll_sdmmc.o
                0x08003e1c                SDMMC_Init
 .text.SDMMC_PowerState_ON
                0x08003e74       0x1c ./Drivers/STM32F7xx_HAL_Driver/Src/stm32f7xx_ll_sdmmc.o
                0x08003e74                SDMMC_PowerState_ON
 .text.SDMMC_GetPowerState
                0x08003e90       0x1c ./Drivers/STM32F7xx_HAL_Driver/Src/stm32f7xx_ll_sdmmc.o
                0x08003e90                SDMMC_GetPowerState
 .text.SDMMC_SendCommand
                0x08003eac       0x54 ./Drivers/STM32F7xx_HAL_Driver/Src/stm32f7xx_ll_sdmmc.o
                0x08003eac                SDMMC_SendCommand
 .text.SDMMC_GetCommandResponse
                0x08003f00       0x1a ./Drivers/STM32F7xx_HAL_Driver/Src/stm32f7xx_ll_sdmmc.o
                0x08003f00                SDMMC_GetCommandResponse
 .text.SDMMC_GetResponse
                0x08003f1a       0x26 ./Drivers/STM32F7xx_HAL_Driver/Src/stm32f7xx_ll_sdmmc.o
                0x08003f1a                SDMMC_GetResponse
 .text.SDMMC_CmdBlockLength
                0x08003f40       0x44 ./Drivers/STM32F7xx_HAL_Driver/Src/stm32f7xx_ll_sdmmc.o
                0x08003f40                SDMMC_CmdBlockLength
 .text.SDMMC_CmdSelDesel
                0x08003f84       0x46 ./Drivers/STM32F7xx_HAL_Driver/Src/stm32f7xx_ll_sdmmc.o
                0x08003f84                SDMMC_CmdSelDesel
 .text.SDMMC_CmdGoIdleState
                0x08003fca       0x3c ./Drivers/STM32F7xx_HAL_Driver/Src/stm32f7xx_ll_sdmmc.o
                0x08003fca                SDMMC_CmdGoIdleState
 .text.SDMMC_CmdOperCond
                0x08004006       0x3e ./Drivers/STM32F7xx_HAL_Driver/Src/stm32f7xx_ll_sdmmc.o
                0x08004006                SDMMC_CmdOperCond
 .text.SDMMC_CmdAppCommand
                0x08004044       0x44 ./Drivers/STM32F7xx_HAL_Driver/Src/stm32f7xx_ll_sdmmc.o
                0x08004044                SDMMC_CmdAppCommand
 .text.SDMMC_CmdAppOperCommand
                0x08004088       0x48 ./Drivers/STM32F7xx_HAL_Driver/Src/stm32f7xx_ll_sdmmc.o
                0x08004088                SDMMC_CmdAppOperCommand
 .text.SDMMC_CmdSendCID
                0x080040d0       0x3c ./Drivers/STM32F7xx_HAL_Driver/Src/stm32f7xx_ll_sdmmc.o
                0x080040d0                SDMMC_CmdSendCID
 .text.SDMMC_CmdSendCSD
                0x0800410c       0x3e ./Drivers/STM32F7xx_HAL_Driver/Src/stm32f7xx_ll_sdmmc.o
                0x0800410c                SDMMC_CmdSendCSD
 .text.SDMMC_CmdSetRelAdd
                0x0800414a       0x42 ./Drivers/STM32F7xx_HAL_Driver/Src/stm32f7xx_ll_sdmmc.o
                0x0800414a                SDMMC_CmdSetRelAdd
 .text.SDMMC_GetCmdResp1
                0x0800418c      0x1dc ./Drivers/STM32F7xx_HAL_Driver/Src/stm32f7xx_ll_sdmmc.o
                0x0800418c                SDMMC_GetCmdResp1
 .text.SDMMC_GetCmdResp2
                0x08004368       0x90 ./Drivers/STM32F7xx_HAL_Driver/Src/stm32f7xx_ll_sdmmc.o
                0x08004368                SDMMC_GetCmdResp2
 .text.SDMMC_GetCmdResp3
                0x080043f8       0x7c ./Drivers/STM32F7xx_HAL_Driver/Src/stm32f7xx_ll_sdmmc.o
                0x080043f8                SDMMC_GetCmdResp3
 .text.SDMMC_GetCmdResp6
                0x08004474       0xec ./Drivers/STM32F7xx_HAL_Driver/Src/stm32f7xx_ll_sdmmc.o
                0x08004474                SDMMC_GetCmdResp6
 .text.SDMMC_GetCmdResp7
                0x08004560       0x9c ./Drivers/STM32F7xx_HAL_Driver/Src/stm32f7xx_ll_sdmmc.o
                0x08004560                SDMMC_GetCmdResp7
 .text.SDMMC_GetCmdError
                0x080045fc       0x58 ./Drivers/STM32F7xx_HAL_Driver/Src/stm32f7xx_ll_sdmmc.o
 .text.disk_status
                0x08004654       0x2c ./FATFS/diskio.o
                0x08004654                disk_status
 .text.disk_initialize
                0x08004680       0x3c ./FATFS/diskio.o
                0x08004680                disk_initialize
 .text.disk_read
                0x080046bc       0x36 ./FATFS/diskio.o
                0x080046bc                disk_read
 .text.disk_write
                0x080046f2       0x36 ./FATFS/diskio.o
                0x080046f2                disk_write
 .text.disk_ioctl
                0x08004728       0xa4 ./FATFS/diskio.o
                0x08004728                disk_ioctl
 .text.get_fattime
                0x080047cc       0x10 ./FATFS/diskio.o
                0x080047cc                get_fattime
 .text.ld_word  0x080047dc       0x30 ./FATFS/ff.o
 .text.ld_dword
                0x0800480c       0x46 ./FATFS/ff.o
 .text.st_word  0x08004852       0x36 ./FATFS/ff.o
 .text.st_dword
                0x08004888       0x58 ./FATFS/ff.o
 .text.dbc_1st  0x080048e0       0x22 ./FATFS/ff.o
 .text.dbc_2nd  0x08004902       0x22 ./FATFS/ff.o
 .text.tchar2uni
                0x08004924       0x8a ./FATFS/ff.o
 .text.sync_window
                0x080049ae       0x78 ./FATFS/ff.o
 .text.move_window
                0x08004a26       0x5a ./FATFS/ff.o
 .text.sync_fs  0x08004a80       0xdc ./FATFS/ff.o
 .text.clst2sect
                0x08004b5c       0x3e ./FATFS/ff.o
 .text.get_fat  0x08004b9a      0x14e ./FATFS/ff.o
 .text.put_fat  0x08004ce8      0x1d4 ./FATFS/ff.o
 .text.remove_chain
                0x08004ebc       0xca ./FATFS/ff.o
 .text.create_chain
                0x08004f86      0x1a2 ./FATFS/ff.o
 .text.dir_clear
                0x08005128       0x90 ./FATFS/ff.o
 .text.dir_sdi  0x080051b8       0xf6 ./FATFS/ff.o
 .text.dir_next
                0x080052ae      0x12c ./FATFS/ff.o
 .text.dir_alloc
                0x080053da       0x8e ./FATFS/ff.o
 .text.ld_clust
                0x08005468       0x3e ./FATFS/ff.o
 .text.st_clust
                0x080054a6       0x40 ./FATFS/ff.o
 *fill*         0x080054e6        0x2 
 .text.cmp_lfn  0x080054e8       0xdc ./FATFS/ff.o
 .text.put_lfn  0x080055c4       0xd0 ./FATFS/ff.o
 .text.gen_numname
                0x08005694      0x14c ./FATFS/ff.o
 .text.sum_sfn  0x080057e0       0x42 ./FATFS/ff.o
 .text.dir_find
                0x08005822      0x180 ./FATFS/ff.o
 *fill*         0x080059a2        0x2 
 .text.dir_register
                0x080059a4      0x1f0 ./FATFS/ff.o
 .text.create_name
                0x08005b94      0x458 ./FATFS/ff.o
 .text.follow_path
                0x08005fec      0x11c ./FATFS/ff.o
 .text.get_ldnumber
                0x08006108       0x90 ./FATFS/ff.o
 .text.check_fs
                0x08006198      0x148 ./FATFS/ff.o
 .text.find_volume
                0x080062e0       0xbe ./FATFS/ff.o
 *fill*         0x0800639e        0x2 
 .text.mount_volume
                0x080063a0      0x404 ./FATFS/ff.o
 .text.validate
                0x080067a4       0x6a ./FATFS/ff.o
 *fill*         0x0800680e        0x2 
 .text.f_mount  0x08006810       0x94 ./FATFS/ff.o
                0x08006810                f_mount
 .text.f_open   0x080068a4      0x310 ./FATFS/ff.o
                0x080068a4                f_open
 .text.f_write  0x08006bb4      0x2d2 ./FATFS/ff.o
                0x08006bb4                f_write
 .text.f_sync   0x08006e86       0xfc ./FATFS/ff.o
                0x08006e86                f_sync
 .text.f_close  0x08006f82       0x40 ./FATFS/ff.o
                0x08006f82                f_close
 *fill*         0x08006fc2        0x2 
 .text.ff_uni2oem
                0x08006fc4       0x74 ./FATFS/ffunicode.o
                0x08006fc4                ff_uni2oem
 .text.ff_oem2uni
                0x08007038       0x5c ./FATFS/ffunicode.o
                0x08007038                ff_oem2uni
 .text.ff_wtoupper
                0x08007094      0x124 ./FATFS/ffunicode.o
                0x08007094                ff_wtoupper
 .text.memcmp   0x080071b8       0x20 C:/ST/STM32CubeIDE_1.16.0/STM32CubeIDE/plugins/com.st.stm32cube.ide.mcu.externaltools.gnu-tools-for-stm32.12.3.rel1.win32_1.0.200.202406191623/tools/bin/../lib/gcc/arm-none-eabi/12.3.1/../../../../arm-none-eabi/lib/thumb/v7e-m+fp/hard\libc_nano.a(libc_a-memcmp.o)
                0x080071b8                memcmp
 .text.memset   0x080071d8       0x10 C:/ST/STM32CubeIDE_1.16.0/STM32CubeIDE/plugins/com.st.stm32cube.ide.mcu.externaltools.gnu-tools-for-stm32.12.3.rel1.win32_1.0.200.202406191623/tools/bin/../lib/gcc/arm-none-eabi/12.3.1/../../../../arm-none-eabi/lib/thumb/v7e-m+fp/hard\libc_nano.a(libc_a-memset.o)
                0x080071d8                memset
 .text.strchr   0x080071e8       0x1a C:/ST/STM32CubeIDE_1.16.0/STM32CubeIDE/plugins/com.st.stm32cube.ide.mcu.externaltools.gnu-tools-for-stm32.12.3.rel1.win32_1.0.200.202406191623/tools/bin/../lib/gcc/arm-none-eabi/12.3.1/../../../../arm-none-eabi/lib/thumb/v7e-m+fp/hard\libc_nano.a(libc_a-strchr.o)
                0x080071e8                strchr
 *fill*         0x08007202        0x2 
 .text.__libc_init_array
                0x08007204       0x48 C:/ST/STM32CubeIDE_1.16.0/STM32CubeIDE/plugins/com.st.stm32cube.ide.mcu.externaltools.gnu-tools-for-stm32.12.3.rel1.win32_1.0.200.202406191623/tools/bin/../lib/gcc/arm-none-eabi/12.3.1/../../../../arm-none-eabi/lib/thumb/v7e-m+fp/hard\libc_nano.a(libc_a-init.o)
                0x08007204                __libc_init_array
 .text.memcpy   0x0800724c       0x1c C:/ST/STM32CubeIDE_1.16.0/STM32CubeIDE/plugins/com.st.stm32cube.ide.mcu.externaltools.gnu-tools-for-stm32.12.3.rel1.win32_1.0.200.202406191623/tools/bin/../lib/gcc/arm-none-eabi/12.3.1/../../../../arm-none-eabi/lib/thumb/v7e-m+fp/hard\libc_nano.a(libc_a-memcpy-stub.o)
                0x0800724c                memcpy
 *(.glue_7)
 .glue_7        0x08007268        0x0 linker stubs
 *(.glue_7t)
 .glue_7t       0x08007268        0x0 linker stubs
 *(.eh_frame)
 .eh_frame      0x08007268        0x0 C:/ST/STM32CubeIDE_1.16.0/STM32CubeIDE/plugins/com.st.stm32cube.ide.mcu.externaltools.gnu-tools-for-stm32.12.3.rel1.win32_1.0.200.202406191623/tools/bin/../lib/gcc/arm-none-eabi/12.3.1/thumb/v7e-m+fp/hard/crtbegin.o
 *(.init)
 .init          0x08007268        0x4 C:/ST/STM32CubeIDE_1.16.0/STM32CubeIDE/plugins/com.st.stm32cube.ide.mcu.externaltools.gnu-tools-for-stm32.12.3.rel1.win32_1.0.200.202406191623/tools/bin/../lib/gcc/arm-none-eabi/12.3.1/thumb/v7e-m+fp/hard/crti.o
                0x08007268                _init
 .init          0x0800726c        0x8 C:/ST/STM32CubeIDE_1.16.0/STM32CubeIDE/plugins/com.st.stm32cube.ide.mcu.externaltools.gnu-tools-for-stm32.12.3.rel1.win32_1.0.200.202406191623/tools/bin/../lib/gcc/arm-none-eabi/12.3.1/thumb/v7e-m+fp/hard/crtn.o
 *(.fini)
 .fini          0x08007274        0x4 C:/ST/STM32CubeIDE_1.16.0/STM32CubeIDE/plugins/com.st.stm32cube.ide.mcu.externaltools.gnu-tools-for-stm32.12.3.rel1.win32_1.0.200.202406191623/tools/bin/../lib/gcc/arm-none-eabi/12.3.1/thumb/v7e-m+fp/hard/crti.o
                0x08007274                _fini
 .fini          0x08007278        0x8 C:/ST/STM32CubeIDE_1.16.0/STM32CubeIDE/plugins/com.st.stm32cube.ide.mcu.externaltools.gnu-tools-for-stm32.12.3.rel1.win32_1.0.200.202406191623/tools/bin/../lib/gcc/arm-none-eabi/12.3.1/thumb/v7e-m+fp/hard/crtn.o
                0x08007280                        . = ALIGN (0x4)
                0x08007280                        _etext = .

.vfp11_veneer   0x08007280        0x0
 .vfp11_veneer  0x08007280        0x0 linker stubs

.v4_bx          0x08007280        0x0
 .v4_bx         0x08007280        0x0 linker stubs

.iplt           0x08007280        0x0
 .iplt          0x08007280        0x0 C:/ST/STM32CubeIDE_1.16.0/STM32CubeIDE/plugins/com.st.stm32cube.ide.mcu.externaltools.gnu-tools-for-stm32.12.3.rel1.win32_1.0.200.202406191623/tools/bin/../lib/gcc/arm-none-eabi/12.3.1/thumb/v7e-m+fp/hard/crtbegin.o

.rodata         0x08007280      0x4b4
                0x08007280                        . = ALIGN (0x4)
 *(.rodata)
 .rodata        0x08007280        0xe ./Core/Src/main.o
 *fill*         0x0800728e        0x2 
 .rodata        0x08007290       0x54 ./FATFS/ff.o
 *(.rodata*)
 .rodata.AHBPrescTable
                0x080072e4       0x10 ./Core/Src/system_stm32f7xx.o
                0x080072e4                AHBPrescTable
 .rodata.LfnOfs
                0x080072f4        0xd ./FATFS/ff.o
 *fill*         0x08007301        0x3 
 .rodata.ExCvt  0x08007304       0x80 ./FATFS/ff.o
 .rodata.uc850  0x08007384      0x100 ./FATFS/ffunicode.o
 .rodata.cvt1.1
                0x08007484      0x1f2 ./FATFS/ffunicode.o
 *fill*         0x08007676        0x2 
 .rodata.cvt2.0
                0x08007678       0xbc ./FATFS/ffunicode.o
                0x08007734                        . = ALIGN (0x4)

.ARM.extab      0x08007734        0x0
                0x08007734                        . = ALIGN (0x4)
 *(.ARM.extab* .gnu.linkonce.armextab.*)
                0x08007734                        . = ALIGN (0x4)

.ARM            0x08007734        0x8
                0x08007734                        . = ALIGN (0x4)
                0x08007734                        __exidx_start = .
 *(.ARM.exidx*)
 .ARM.exidx     0x08007734        0x8 C:/ST/STM32CubeIDE_1.16.0/STM32CubeIDE/plugins/com.st.stm32cube.ide.mcu.externaltools.gnu-tools-for-stm32.12.3.rel1.win32_1.0.200.202406191623/tools/bin/../lib/gcc/arm-none-eabi/12.3.1/thumb/v7e-m+fp/hard\libgcc.a(_udivmoddi4.o)
                0x0800773c                        __exidx_end = .
                0x0800773c                        . = ALIGN (0x4)

.preinit_array  0x0800773c        0x0
                0x0800773c                        . = ALIGN (0x4)
                0x0800773c                        PROVIDE (__preinit_array_start = .)
 *(.preinit_array*)
                0x0800773c                        PROVIDE (__preinit_array_end = .)
                0x0800773c                        . = ALIGN (0x4)

.init_array     0x0800773c        0x4
                0x0800773c                        . = ALIGN (0x4)
                0x0800773c                        PROVIDE (__init_array_start = .)
 *(SORT_BY_NAME(.init_array.*))
 *(.init_array*)
 .init_array    0x0800773c        0x4 C:/ST/STM32CubeIDE_1.16.0/STM32CubeIDE/plugins/com.st.stm32cube.ide.mcu.externaltools.gnu-tools-for-stm32.12.3.rel1.win32_1.0.200.202406191623/tools/bin/../lib/gcc/arm-none-eabi/12.3.1/thumb/v7e-m+fp/hard/crtbegin.o
                0x08007740                        PROVIDE (__init_array_end = .)
                0x08007740                        . = ALIGN (0x4)

.fini_array     0x08007740        0x4
                0x08007740                        . = ALIGN (0x4)
                [!provide]                        PROVIDE (__fini_array_start = .)
 *(SORT_BY_NAME(.fini_array.*))
 *(.fini_array*)
 .fini_array    0x08007740        0x4 C:/ST/STM32CubeIDE_1.16.0/STM32CubeIDE/plugins/com.st.stm32cube.ide.mcu.externaltools.gnu-tools-for-stm32.12.3.rel1.win32_1.0.200.202406191623/tools/bin/../lib/gcc/arm-none-eabi/12.3.1/thumb/v7e-m+fp/hard/crtbegin.o
                [!provide]                        PROVIDE (__fini_array_end = .)
                0x08007744                        . = ALIGN (0x4)
                0x08007744                        _sidata = LOADADDR (.data)

.rel.dyn        0x08007744        0x0
 .rel.iplt      0x08007744        0x0 C:/ST/STM32CubeIDE_1.16.0/STM32CubeIDE/plugins/com.st.stm32cube.ide.mcu.externaltools.gnu-tools-for-stm32.12.3.rel1.win32_1.0.200.202406191623/tools/bin/../lib/gcc/arm-none-eabi/12.3.1/thumb/v7e-m+fp/hard/crtbegin.o

.data           0x20000000       0x14 load address 0x08007744
                0x20000000                        . = ALIGN (0x4)
                0x20000000                        _sdata = .
 *(.data)
 *(.data*)
 .data.fr       0x20000000        0x1 ./Core/Src/main.o
                0x20000000                fr
 *fill*         0x20000001        0x3 
 .data.total_size
                0x20000004        0x4 ./Core/Src/main.o
                0x20000004                total_size
 .data.SystemCoreClock
                0x20000008        0x4 ./Core/Src/system_stm32f7xx.o
                0x20000008                SystemCoreClock
 .data.uwTickPrio
                0x2000000c        0x4 ./Drivers/STM32F7xx_HAL_Driver/Src/stm32f7xx_hal.o
                0x2000000c                uwTickPrio
 .data.uwTickFreq
                0x20000010        0x1 ./Drivers/STM32F7xx_HAL_Driver/Src/stm32f7xx_hal.o
                0x20000010                uwTickFreq
 .data.Stat     0x20000011        0x1 ./FATFS/diskio.o
 *(.RamFunc)
 *(.RamFunc*)
                0x20000014                        . = ALIGN (0x4)
 *fill*         0x20000012        0x2 
                0x20000014                        _edata = .

.igot.plt       0x20000014        0x0 load address 0x08007758
 .igot.plt      0x20000014        0x0 C:/ST/STM32CubeIDE_1.16.0/STM32CubeIDE/plugins/com.st.stm32cube.ide.mcu.externaltools.gnu-tools-for-stm32.12.3.rel1.win32_1.0.200.202406191623/tools/bin/../lib/gcc/arm-none-eabi/12.3.1/thumb/v7e-m+fp/hard/crtbegin.o
                0x20000014                        . = ALIGN (0x4)

.bss            0x20000014    0x20790 load address 0x08007758
                0x20000014                        _sbss = .
                0x20000014                        __bss_start__ = _sbss
 *(.bss)
 .bss           0x20000014       0x1c C:/ST/STM32CubeIDE_1.16.0/STM32CubeIDE/plugins/com.st.stm32cube.ide.mcu.externaltools.gnu-tools-for-stm32.12.3.rel1.win32_1.0.200.202406191623/tools/bin/../lib/gcc/arm-none-eabi/12.3.1/thumb/v7e-m+fp/hard/crtbegin.o
 *(.bss*)
 .bss.cardInfo  0x20000030        0xc ./BSP/SD/bsp_sd_spi.o
 .bss.Timer1    0x2000003c        0x2 ./BSP/SD/bsp_sd_spi.o
 .bss.Timer2    0x2000003e        0x2 ./BSP/SD/bsp_sd_spi.o
 .bss.PowerFlag
                0x20000040        0x1 ./BSP/SD/bsp_sd_spi.o
 *fill*         0x20000041        0x3 
 .bss.hsd1      0x20000044       0x84 ./Core/Src/main.o
                0x20000044                hsd1
 .bss.hspi2     0x200000c8       0x64 ./Core/Src/main.o
                0x200000c8                hspi2
 .bss.SDFatFs_main
                0x2000012c      0x238 ./Core/Src/main.o
                0x2000012c                SDFatFs_main
 .bss.MyFile    0x20000364      0x228 ./Core/Src/main.o
                0x20000364                MyFile
 .bss.buffer    0x2000058c    0x20000 ./Core/Src/main.o
                0x2000058c                buffer
 .bss.bw        0x2002058c        0x4 ./Core/Src/main.o
                0x2002058c                bw
 .bss.bytes_written
                0x20020590        0x4 ./Core/Src/main.o
                0x20020590                bytes_written
 .bss.time_count
                0x20020594        0x4 ./Core/Src/main.o
                0x20020594                time_count
 .bss.uwTick    0x20020598        0x4 ./Drivers/STM32F7xx_HAL_Driver/Src/stm32f7xx_hal.o
                0x20020598                uwTick
 .bss.FatFs     0x2002059c        0x4 ./FATFS/ff.o
 .bss.Fsid      0x200205a0        0x2 ./FATFS/ff.o
 .bss.CurrVol   0x200205a2        0x1 ./FATFS/ff.o
 *fill*         0x200205a3        0x1 
 .bss.LfnBuf    0x200205a4      0x200 ./FATFS/ff.o
 *(COMMON)
                0x200207a4                        . = ALIGN (0x4)
                0x200207a4                        _ebss = .
                0x200207a4                        __bss_end__ = _ebss

._user_heap_stack
                0x200207a4      0x604 load address 0x08007758
                0x200207a8                        . = ALIGN (0x8)
 *fill*         0x200207a4        0x4 
                [!provide]                        PROVIDE (end = .)
                0x200207a8                        PROVIDE (_end = .)
                0x200209a8                        . = (. + _Min_Heap_Size)
 *fill*         0x200207a8      0x200 
                0x20020da8                        . = (. + _Min_Stack_Size)
 *fill*         0x200209a8      0x400 
                0x20020da8                        . = ALIGN (0x8)

/DISCARD/
 libc.a(*)
 libm.a(*)
 libgcc.a(*)

.ARM.attributes
                0x00000000       0x30
 *(.ARM.attributes)
 .ARM.attributes
                0x00000000       0x22 C:/ST/STM32CubeIDE_1.16.0/STM32CubeIDE/plugins/com.st.stm32cube.ide.mcu.externaltools.gnu-tools-for-stm32.12.3.rel1.win32_1.0.200.202406191623/tools/bin/../lib/gcc/arm-none-eabi/12.3.1/thumb/v7e-m+fp/hard/crti.o
 .ARM.attributes
                0x00000022       0x34 C:/ST/STM32CubeIDE_1.16.0/STM32CubeIDE/plugins/com.st.stm32cube.ide.mcu.externaltools.gnu-tools-for-stm32.12.3.rel1.win32_1.0.200.202406191623/tools/bin/../lib/gcc/arm-none-eabi/12.3.1/thumb/v7e-m+fp/hard/crtbegin.o
 .ARM.attributes
                0x00000056       0x34 ./BSP/SD/bsp_sd_spi.o
 .ARM.attributes
                0x0000008a       0x34 ./Core/Src/main.o
 .ARM.attributes
                0x000000be       0x34 ./Core/Src/stm32f7xx_hal_msp.o
 .ARM.attributes
                0x000000f2       0x34 ./Core/Src/stm32f7xx_it.o
 .ARM.attributes
                0x00000126       0x34 ./Core/Src/system_stm32f7xx.o
 .ARM.attributes
                0x0000015a       0x21 ./Core/Startup/startup_stm32f746nghx.o
 .ARM.attributes
                0x0000017b       0x34 ./Drivers/STM32F7xx_HAL_Driver/Src/stm32f7xx_hal.o
 .ARM.attributes
                0x000001af       0x34 ./Drivers/STM32F7xx_HAL_Driver/Src/stm32f7xx_hal_cortex.o
 .ARM.attributes
                0x000001e3       0x34 ./Drivers/STM32F7xx_HAL_Driver/Src/stm32f7xx_hal_gpio.o
 .ARM.attributes
                0x00000217       0x34 ./Drivers/STM32F7xx_HAL_Driver/Src/stm32f7xx_hal_rcc.o
 .ARM.attributes
                0x0000024b       0x34 ./Drivers/STM32F7xx_HAL_Driver/Src/stm32f7xx_hal_rcc_ex.o
 .ARM.attributes
                0x0000027f       0x34 ./Drivers/STM32F7xx_HAL_Driver/Src/stm32f7xx_hal_sd.o
 .ARM.attributes
                0x000002b3       0x34 ./Drivers/STM32F7xx_HAL_Driver/Src/stm32f7xx_hal_spi.o
 .ARM.attributes
                0x000002e7       0x34 ./Drivers/STM32F7xx_HAL_Driver/Src/stm32f7xx_ll_sdmmc.o
 .ARM.attributes
                0x0000031b       0x34 ./FATFS/diskio.o
 .ARM.attributes
                0x0000034f       0x34 ./FATFS/ff.o
 .ARM.attributes
                0x00000383       0x34 ./FATFS/ffunicode.o
 .ARM.attributes
                0x000003b7       0x34 C:/ST/STM32CubeIDE_1.16.0/STM32CubeIDE/plugins/com.st.stm32cube.ide.mcu.externaltools.gnu-tools-for-stm32.12.3.rel1.win32_1.0.200.202406191623/tools/bin/../lib/gcc/arm-none-eabi/12.3.1/../../../../arm-none-eabi/lib/thumb/v7e-m+fp/hard\libc_nano.a(libc_a-memcmp.o)
 .ARM.attributes
                0x000003eb       0x34 C:/ST/STM32CubeIDE_1.16.0/STM32CubeIDE/plugins/com.st.stm32cube.ide.mcu.externaltools.gnu-tools-for-stm32.12.3.rel1.win32_1.0.200.202406191623/tools/bin/../lib/gcc/arm-none-eabi/12.3.1/../../../../arm-none-eabi/lib/thumb/v7e-m+fp/hard\libc_nano.a(libc_a-memset.o)
 .ARM.attributes
                0x0000041f       0x34 C:/ST/STM32CubeIDE_1.16.0/STM32CubeIDE/plugins/com.st.stm32cube.ide.mcu.externaltools.gnu-tools-for-stm32.12.3.rel1.win32_1.0.200.202406191623/tools/bin/../lib/gcc/arm-none-eabi/12.3.1/../../../../arm-none-eabi/lib/thumb/v7e-m+fp/hard\libc_nano.a(libc_a-strchr.o)
 .ARM.attributes
                0x00000453       0x34 C:/ST/STM32CubeIDE_1.16.0/STM32CubeIDE/plugins/com.st.stm32cube.ide.mcu.externaltools.gnu-tools-for-stm32.12.3.rel1.win32_1.0.200.202406191623/tools/bin/../lib/gcc/arm-none-eabi/12.3.1/../../../../arm-none-eabi/lib/thumb/v7e-m+fp/hard\libc_nano.a(libc_a-init.o)
 .ARM.attributes
                0x00000487       0x34 C:/ST/STM32CubeIDE_1.16.0/STM32CubeIDE/plugins/com.st.stm32cube.ide.mcu.externaltools.gnu-tools-for-stm32.12.3.rel1.win32_1.0.200.202406191623/tools/bin/../lib/gcc/arm-none-eabi/12.3.1/../../../../arm-none-eabi/lib/thumb/v7e-m+fp/hard\libc_nano.a(libc_a-memcpy-stub.o)
 .ARM.attributes
                0x000004bb       0x22 C:/ST/STM32CubeIDE_1.16.0/STM32CubeIDE/plugins/com.st.stm32cube.ide.mcu.externaltools.gnu-tools-for-stm32.12.3.rel1.win32_1.0.200.202406191623/tools/bin/../lib/gcc/arm-none-eabi/12.3.1/thumb/v7e-m+fp/hard\libgcc.a(_aeabi_uldivmod.o)
 .ARM.attributes
                0x000004dd       0x34 C:/ST/STM32CubeIDE_1.16.0/STM32CubeIDE/plugins/com.st.stm32cube.ide.mcu.externaltools.gnu-tools-for-stm32.12.3.rel1.win32_1.0.200.202406191623/tools/bin/../lib/gcc/arm-none-eabi/12.3.1/thumb/v7e-m+fp/hard\libgcc.a(_udivmoddi4.o)
 .ARM.attributes
                0x00000511       0x22 C:/ST/STM32CubeIDE_1.16.0/STM32CubeIDE/plugins/com.st.stm32cube.ide.mcu.externaltools.gnu-tools-for-stm32.12.3.rel1.win32_1.0.200.202406191623/tools/bin/../lib/gcc/arm-none-eabi/12.3.1/thumb/v7e-m+fp/hard\libgcc.a(_dvmd_tls.o)
 .ARM.attributes
                0x00000533       0x22 C:/ST/STM32CubeIDE_1.16.0/STM32CubeIDE/plugins/com.st.stm32cube.ide.mcu.externaltools.gnu-tools-for-stm32.12.3.rel1.win32_1.0.200.202406191623/tools/bin/../lib/gcc/arm-none-eabi/12.3.1/thumb/v7e-m+fp/hard/crtn.o
OUTPUT(FATFS_F7.elf elf32-littlearm)
LOAD linker stubs
LOAD C:/ST/STM32CubeIDE_1.16.0/STM32CubeIDE/plugins/com.st.stm32cube.ide.mcu.externaltools.gnu-tools-for-stm32.12.3.rel1.win32_1.0.200.202406191623/tools/bin/../lib/gcc/arm-none-eabi/12.3.1/../../../../arm-none-eabi/lib/thumb/v7e-m+fp/hard\libc.a
LOAD C:/ST/STM32CubeIDE_1.16.0/STM32CubeIDE/plugins/com.st.stm32cube.ide.mcu.externaltools.gnu-tools-for-stm32.12.3.rel1.win32_1.0.200.202406191623/tools/bin/../lib/gcc/arm-none-eabi/12.3.1/../../../../arm-none-eabi/lib/thumb/v7e-m+fp/hard\libm.a
LOAD C:/ST/STM32CubeIDE_1.16.0/STM32CubeIDE/plugins/com.st.stm32cube.ide.mcu.externaltools.gnu-tools-for-stm32.12.3.rel1.win32_1.0.200.202406191623/tools/bin/../lib/gcc/arm-none-eabi/12.3.1/thumb/v7e-m+fp/hard\libgcc.a

.debug_info     0x00000000     0xd894
 .debug_info    0x00000000      0xcba ./BSP/SD/bsp_sd_spi.o
 .debug_info    0x00000cba     0x142a ./Core/Src/main.o
 .debug_info    0x000020e4      0xfc3 ./Core/Src/stm32f7xx_hal_msp.o
 .debug_info    0x000030a7      0x13b ./Core/Src/stm32f7xx_it.o
 .debug_info    0x000031e2      0x6ed ./Core/Src/system_stm32f7xx.o
 .debug_info    0x000038cf       0x30 ./Core/Startup/startup_stm32f746nghx.o
 .debug_info    0x000038ff      0x9d8 ./Drivers/STM32F7xx_HAL_Driver/Src/stm32f7xx_hal.o
 .debug_info    0x000042d7      0xf7e ./Drivers/STM32F7xx_HAL_Driver/Src/stm32f7xx_hal_cortex.o
 .debug_info    0x00005255      0x6e7 ./Drivers/STM32F7xx_HAL_Driver/Src/stm32f7xx_hal_gpio.o
 .debug_info    0x0000593c      0x8dc ./Drivers/STM32F7xx_HAL_Driver/Src/stm32f7xx_hal_rcc.o
 .debug_info    0x00006218      0x6bd ./Drivers/STM32F7xx_HAL_Driver/Src/stm32f7xx_hal_rcc_ex.o
 .debug_info    0x000068d5     0x1bd8 ./Drivers/STM32F7xx_HAL_Driver/Src/stm32f7xx_hal_sd.o
 .debug_info    0x000084ad     0x169b ./Drivers/STM32F7xx_HAL_Driver/Src/stm32f7xx_hal_spi.o
 .debug_info    0x00009b48     0x10b0 ./Drivers/STM32F7xx_HAL_Driver/Src/stm32f7xx_ll_sdmmc.o
 .debug_info    0x0000abf8      0x3df ./FATFS/diskio.o
 .debug_info    0x0000afd7     0x265c ./FATFS/ff.o
 .debug_info    0x0000d633      0x261 ./FATFS/ffunicode.o

.debug_abbrev   0x00000000     0x2147
 .debug_abbrev  0x00000000      0x30b ./BSP/SD/bsp_sd_spi.o
 .debug_abbrev  0x0000030b      0x33a ./Core/Src/main.o
 .debug_abbrev  0x00000645      0x1e8 ./Core/Src/stm32f7xx_hal_msp.o
 .debug_abbrev  0x0000082d       0x9c ./Core/Src/stm32f7xx_it.o
 .debug_abbrev  0x000008c9      0x13b ./Core/Src/system_stm32f7xx.o
 .debug_abbrev  0x00000a04       0x24 ./Core/Startup/startup_stm32f746nghx.o
 .debug_abbrev  0x00000a28      0x213 ./Drivers/STM32F7xx_HAL_Driver/Src/stm32f7xx_hal.o
 .debug_abbrev  0x00000c3b      0x31e ./Drivers/STM32F7xx_HAL_Driver/Src/stm32f7xx_hal_cortex.o
 .debug_abbrev  0x00000f59      0x1d4 ./Drivers/STM32F7xx_HAL_Driver/Src/stm32f7xx_hal_gpio.o
 .debug_abbrev  0x0000112d      0x288 ./Drivers/STM32F7xx_HAL_Driver/Src/stm32f7xx_hal_rcc.o
 .debug_abbrev  0x000013b5      0x1c9 ./Drivers/STM32F7xx_HAL_Driver/Src/stm32f7xx_hal_rcc_ex.o
 .debug_abbrev  0x0000157e      0x299 ./Drivers/STM32F7xx_HAL_Driver/Src/stm32f7xx_hal_sd.o
 .debug_abbrev  0x00001817      0x269 ./Drivers/STM32F7xx_HAL_Driver/Src/stm32f7xx_hal_spi.o
 .debug_abbrev  0x00001a80      0x1d8 ./Drivers/STM32F7xx_HAL_Driver/Src/stm32f7xx_ll_sdmmc.o
 .debug_abbrev  0x00001c58      0x19b ./FATFS/diskio.o
 .debug_abbrev  0x00001df3      0x285 ./FATFS/ff.o
 .debug_abbrev  0x00002078       0xcf ./FATFS/ffunicode.o

.debug_aranges  0x00000000      0xcc0
 .debug_aranges
                0x00000000       0xb8 ./BSP/SD/bsp_sd_spi.o
 .debug_aranges
                0x000000b8       0x58 ./Core/Src/main.o
 .debug_aranges
                0x00000110       0x40 ./Core/Src/stm32f7xx_hal_msp.o
 .debug_aranges
                0x00000150       0x60 ./Core/Src/stm32f7xx_it.o
 .debug_aranges
                0x000001b0       0x28 ./Core/Src/system_stm32f7xx.o
 .debug_aranges
                0x000001d8       0x28 ./Core/Startup/startup_stm32f746nghx.o
 .debug_aranges
                0x00000200      0x100 ./Drivers/STM32F7xx_HAL_Driver/Src/stm32f7xx_hal.o
 .debug_aranges
                0x00000300      0x128 ./Drivers/STM32F7xx_HAL_Driver/Src/stm32f7xx_hal_cortex.o
 .debug_aranges
                0x00000428       0x58 ./Drivers/STM32F7xx_HAL_Driver/Src/stm32f7xx_hal_gpio.o
 .debug_aranges
                0x00000480       0x88 ./Drivers/STM32F7xx_HAL_Driver/Src/stm32f7xx_hal_rcc.o
 .debug_aranges
                0x00000508       0x50 ./Drivers/STM32F7xx_HAL_Driver/Src/stm32f7xx_hal_rcc_ex.o
 .debug_aranges
                0x00000558      0x168 ./Drivers/STM32F7xx_HAL_Driver/Src/stm32f7xx_hal_sd.o
 .debug_aranges
                0x000006c0      0x1d8 ./Drivers/STM32F7xx_HAL_Driver/Src/stm32f7xx_hal_spi.o
 .debug_aranges
                0x00000898      0x188 ./Drivers/STM32F7xx_HAL_Driver/Src/stm32f7xx_ll_sdmmc.o
 .debug_aranges
                0x00000a20       0x58 ./FATFS/diskio.o
 .debug_aranges
                0x00000a78      0x218 ./FATFS/ff.o
 .debug_aranges
                0x00000c90       0x30 ./FATFS/ffunicode.o

.debug_rnglists
                0x00000000      0x9bb
 .debug_rnglists
                0x00000000       0x8b ./BSP/SD/bsp_sd_spi.o
 .debug_rnglists
                0x0000008b       0x40 ./Core/Src/main.o
 .debug_rnglists
                0x000000cb       0x2d ./Core/Src/stm32f7xx_hal_msp.o
 .debug_rnglists
                0x000000f8       0x43 ./Core/Src/stm32f7xx_it.o
 .debug_rnglists
                0x0000013b       0x1a ./Core/Src/system_stm32f7xx.o
 .debug_rnglists
                0x00000155       0x19 ./Core/Startup/startup_stm32f746nghx.o
 .debug_rnglists
                0x0000016e       0xbb ./Drivers/STM32F7xx_HAL_Driver/Src/stm32f7xx_hal.o
 .debug_rnglists
                0x00000229       0xda ./Drivers/STM32F7xx_HAL_Driver/Src/stm32f7xx_hal_cortex.o
 .debug_rnglists
                0x00000303       0x3f ./Drivers/STM32F7xx_HAL_Driver/Src/stm32f7xx_hal_gpio.o
 .debug_rnglists
                0x00000342       0x67 ./Drivers/STM32F7xx_HAL_Driver/Src/stm32f7xx_hal_rcc.o
 .debug_rnglists
                0x000003a9       0x3c ./Drivers/STM32F7xx_HAL_Driver/Src/stm32f7xx_hal_rcc_ex.o
 .debug_rnglists
                0x000003e5      0x121 ./Drivers/STM32F7xx_HAL_Driver/Src/stm32f7xx_hal_sd.o
 .debug_rnglists
                0x00000506      0x178 ./Drivers/STM32F7xx_HAL_Driver/Src/stm32f7xx_hal_spi.o
 .debug_rnglists
                0x0000067e      0x125 ./Drivers/STM32F7xx_HAL_Driver/Src/stm32f7xx_ll_sdmmc.o
 .debug_rnglists
                0x000007a3       0x3e ./FATFS/diskio.o
 .debug_rnglists
                0x000007e1      0x1ba ./FATFS/ff.o
 .debug_rnglists
                0x0000099b       0x20 ./FATFS/ffunicode.o

.debug_macro    0x00000000     0x2fa7
 .debug_macro   0x00000000      0x23f ./BSP/SD/bsp_sd_spi.o
 .debug_macro   0x0000023f      0x10b ./BSP/SD/bsp_sd_spi.o
 .debug_macro   0x0000034a       0xe8 ./BSP/SD/bsp_sd_spi.o
 .debug_macro   0x00000432       0x22 ./BSP/SD/bsp_sd_spi.o
 .debug_macro   0x00000454      0x2de ./Core/Src/main.o
 .debug_macro   0x00000732       0x61 ./Core/Src/main.o
 .debug_macro   0x00000793       0x2a ./Core/Src/main.o
 .debug_macro   0x000007bd       0x43 ./Core/Src/main.o
 .debug_macro   0x00000800       0x34 ./Core/Src/main.o
 .debug_macro   0x00000834       0x16 ./Core/Src/main.o
 .debug_macro   0x0000084a       0x43 ./Core/Src/main.o
 .debug_macro   0x0000088d       0x34 ./Core/Src/main.o
 .debug_macro   0x000008c1       0x10 ./Core/Src/main.o
 .debug_macro   0x000008d1       0x58 ./Core/Src/main.o
 .debug_macro   0x00000929       0x8e ./Core/Src/main.o
 .debug_macro   0x000009b7       0x1c ./Core/Src/main.o
 .debug_macro   0x000009d3      0x177 ./Core/Src/main.o
 .debug_macro   0x00000b4a      0x369 ./Core/Src/main.o
 .debug_macro   0x00000eb3       0x10 ./Core/Src/main.o
 .debug_macro   0x00000ec3       0x35 ./Core/Src/main.o
 .debug_macro   0x00000ef8       0x20 ./Core/Src/main.o
 .debug_macro   0x00000f18      0x1f2 ./Core/Src/stm32f7xx_hal_msp.o
 .debug_macro   0x0000110a      0x1fc ./Core/Src/stm32f7xx_it.o
 .debug_macro   0x00001306      0x1e8 ./Core/Src/system_stm32f7xx.o
 .debug_macro   0x000014ee      0x20c ./Drivers/STM32F7xx_HAL_Driver/Src/stm32f7xx_hal.o
 .debug_macro   0x000016fa      0x1e8 ./Drivers/STM32F7xx_HAL_Driver/Src/stm32f7xx_hal_cortex.o
 .debug_macro   0x000018e2      0x1ee ./Drivers/STM32F7xx_HAL_Driver/Src/stm32f7xx_hal_gpio.o
 .debug_macro   0x00001ad0      0x20c ./Drivers/STM32F7xx_HAL_Driver/Src/stm32f7xx_hal_rcc.o
 .debug_macro   0x00001cdc      0x1e8 ./Drivers/STM32F7xx_HAL_Driver/Src/stm32f7xx_hal_rcc_ex.o
 .debug_macro   0x00001ec4      0x1e9 ./Drivers/STM32F7xx_HAL_Driver/Src/stm32f7xx_hal_sd.o
 .debug_macro   0x000020ad      0x1f7 ./Drivers/STM32F7xx_HAL_Driver/Src/stm32f7xx_hal_spi.o
 .debug_macro   0x000022a4      0x1e9 ./Drivers/STM32F7xx_HAL_Driver/Src/stm32f7xx_ll_sdmmc.o
 .debug_macro   0x0000248d      0x22d ./FATFS/diskio.o
 .debug_macro   0x000026ba       0xd0 ./FATFS/diskio.o
 .debug_macro   0x0000278a      0x6ae ./FATFS/ff.o
 .debug_macro   0x00002e38       0xe2 ./FATFS/ff.o
 .debug_macro   0x00002f1a       0x8d ./FATFS/ffunicode.o

.debug_line     0x00000000    0x10ac0
 .debug_line    0x00000000      0xd4e ./BSP/SD/bsp_sd_spi.o
 .debug_line    0x00000d4e      0xaa1 ./Core/Src/main.o
 .debug_line    0x000017ef      0x84a ./Core/Src/stm32f7xx_hal_msp.o
 .debug_line    0x00002039      0x83a ./Core/Src/stm32f7xx_it.o
 .debug_line    0x00002873      0x7f7 ./Core/Src/system_stm32f7xx.o
 .debug_line    0x0000306a       0x7a ./Core/Startup/startup_stm32f746nghx.o
 .debug_line    0x000030e4      0xa97 ./Drivers/STM32F7xx_HAL_Driver/Src/stm32f7xx_hal.o
 .debug_line    0x00003b7b      0xd39 ./Drivers/STM32F7xx_HAL_Driver/Src/stm32f7xx_hal_cortex.o
 .debug_line    0x000048b4      0xc1d ./Drivers/STM32F7xx_HAL_Driver/Src/stm32f7xx_hal_gpio.o
 .debug_line    0x000054d1      0xec6 ./Drivers/STM32F7xx_HAL_Driver/Src/stm32f7xx_hal_rcc.o
 .debug_line    0x00006397      0xe7c ./Drivers/STM32F7xx_HAL_Driver/Src/stm32f7xx_hal_rcc_ex.o
 .debug_line    0x00007213     0x1f4d ./Drivers/STM32F7xx_HAL_Driver/Src/stm32f7xx_hal_sd.o
 .debug_line    0x00009160     0x2061 ./Drivers/STM32F7xx_HAL_Driver/Src/stm32f7xx_hal_spi.o
 .debug_line    0x0000b1c1      0xff1 ./Drivers/STM32F7xx_HAL_Driver/Src/stm32f7xx_ll_sdmmc.o
 .debug_line    0x0000c1b2      0x8cf ./FATFS/diskio.o
 .debug_line    0x0000ca81     0x3ae7 ./FATFS/ff.o
 .debug_line    0x00010568      0x558 ./FATFS/ffunicode.o

.debug_str      0x00000000    0xebfca
 .debug_str     0x00000000    0xe1d6c ./BSP/SD/bsp_sd_spi.o
                              0xe2503 (size before relaxing)
 .debug_str     0x000e1d6c     0x3930 ./Core/Src/main.o
                              0xe5917 (size before relaxing)
 .debug_str     0x000e569c      0x326 ./Core/Src/stm32f7xx_hal_msp.o
                              0xe20a9 (size before relaxing)
 .debug_str     0x000e59c2       0xc9 ./Core/Src/stm32f7xx_it.o
                              0xe161f (size before relaxing)
 .debug_str     0x000e5a8b      0x1a4 ./Core/Src/system_stm32f7xx.o
                              0xe1810 (size before relaxing)
 .debug_str     0x000e5c2f       0x44 ./Core/Startup/startup_stm32f746nghx.o
                                 0x62 (size before relaxing)
 .debug_str     0x000e5c73      0x9b9 ./Drivers/STM32F7xx_HAL_Driver/Src/stm32f7xx_hal.o
                              0xe2179 (size before relaxing)
 .debug_str     0x000e662c      0x2d0 ./Drivers/STM32F7xx_HAL_Driver/Src/stm32f7xx_hal_cortex.o
                              0xe2196 (size before relaxing)
 .debug_str     0x000e68fc      0x10a ./Drivers/STM32F7xx_HAL_Driver/Src/stm32f7xx_hal_gpio.o
                              0xe18ce (size before relaxing)
 .debug_str     0x000e6a06      0x252 ./Drivers/STM32F7xx_HAL_Driver/Src/stm32f7xx_hal_rcc.o
                              0xe1b72 (size before relaxing)
 .debug_str     0x000e6c58      0x14f ./Drivers/STM32F7xx_HAL_Driver/Src/stm32f7xx_hal_rcc_ex.o
                              0xe1aaa (size before relaxing)
 .debug_str     0x000e6da7      0x962 ./Drivers/STM32F7xx_HAL_Driver/Src/stm32f7xx_hal_sd.o
                              0xe249f (size before relaxing)
 .debug_str     0x000e7709      0x57a ./Drivers/STM32F7xx_HAL_Driver/Src/stm32f7xx_hal_spi.o
                              0xe2050 (size before relaxing)
 .debug_str     0x000e7c83      0x22f ./Drivers/STM32F7xx_HAL_Driver/Src/stm32f7xx_ll_sdmmc.o
                              0xe1bc4 (size before relaxing)
 .debug_str     0x000e7eb2      0x31c ./FATFS/diskio.o
                              0xe210b (size before relaxing)
 .debug_str     0x000e81ce     0x3da6 ./FATFS/ff.o
                               0xb9ce (size before relaxing)
 .debug_str     0x000ebf74       0x56 ./FATFS/ffunicode.o
                               0x42b7 (size before relaxing)

.comment        0x00000000       0x43
 .comment       0x00000000       0x43 ./BSP/SD/bsp_sd_spi.o
                                 0x44 (size before relaxing)
 .comment       0x00000043       0x44 ./Core/Src/main.o
 .comment       0x00000043       0x44 ./Core/Src/stm32f7xx_hal_msp.o
 .comment       0x00000043       0x44 ./Core/Src/stm32f7xx_it.o
 .comment       0x00000043       0x44 ./Core/Src/system_stm32f7xx.o
 .comment       0x00000043       0x44 ./Drivers/STM32F7xx_HAL_Driver/Src/stm32f7xx_hal.o
 .comment       0x00000043       0x44 ./Drivers/STM32F7xx_HAL_Driver/Src/stm32f7xx_hal_cortex.o
 .comment       0x00000043       0x44 ./Drivers/STM32F7xx_HAL_Driver/Src/stm32f7xx_hal_gpio.o
 .comment       0x00000043       0x44 ./Drivers/STM32F7xx_HAL_Driver/Src/stm32f7xx_hal_rcc.o
 .comment       0x00000043       0x44 ./Drivers/STM32F7xx_HAL_Driver/Src/stm32f7xx_hal_rcc_ex.o
 .comment       0x00000043       0x44 ./Drivers/STM32F7xx_HAL_Driver/Src/stm32f7xx_hal_sd.o
 .comment       0x00000043       0x44 ./Drivers/STM32F7xx_HAL_Driver/Src/stm32f7xx_hal_spi.o
 .comment       0x00000043       0x44 ./Drivers/STM32F7xx_HAL_Driver/Src/stm32f7xx_ll_sdmmc.o
 .comment       0x00000043       0x44 ./FATFS/diskio.o
 .comment       0x00000043       0x44 ./FATFS/ff.o
 .comment       0x00000043       0x44 ./FATFS/ffunicode.o

.debug_frame    0x00000000     0x34c8
 .debug_frame   0x00000000      0x2d4 ./BSP/SD/bsp_sd_spi.o
 .debug_frame   0x000002d4      0x114 ./Core/Src/main.o
 .debug_frame   0x000003e8       0xcc ./Core/Src/stm32f7xx_hal_msp.o
 .debug_frame   0x000004b4      0x104 ./Core/Src/stm32f7xx_it.o
 .debug_frame   0x000005b8       0x58 ./Core/Src/system_stm32f7xx.o
 .debug_frame   0x00000610      0x3b4 ./Drivers/STM32F7xx_HAL_Driver/Src/stm32f7xx_hal.o
 .debug_frame   0x000009c4      0x4e8 ./Drivers/STM32F7xx_HAL_Driver/Src/stm32f7xx_hal_cortex.o
 .debug_frame   0x00000eac      0x14c ./Drivers/STM32F7xx_HAL_Driver/Src/stm32f7xx_hal_gpio.o
 .debug_frame   0x00000ff8      0x1f8 ./Drivers/STM32F7xx_HAL_Driver/Src/stm32f7xx_hal_rcc.o
 .debug_frame   0x000011f0      0x118 ./Drivers/STM32F7xx_HAL_Driver/Src/stm32f7xx_hal_rcc_ex.o
 .debug_frame   0x00001308      0x650 ./Drivers/STM32F7xx_HAL_Driver/Src/stm32f7xx_hal_sd.o
 .debug_frame   0x00001958      0x860 ./Drivers/STM32F7xx_HAL_Driver/Src/stm32f7xx_hal_spi.o
 .debug_frame   0x000021b8      0x6d0 ./Drivers/STM32F7xx_HAL_Driver/Src/stm32f7xx_ll_sdmmc.o
 .debug_frame   0x00002888      0x128 ./FATFS/diskio.o
 .debug_frame   0x000029b0      0x974 ./FATFS/ff.o
 .debug_frame   0x00003324       0x88 ./FATFS/ffunicode.o
 .debug_frame   0x000033ac       0x28 C:/ST/STM32CubeIDE_1.16.0/STM32CubeIDE/plugins/com.st.stm32cube.ide.mcu.externaltools.gnu-tools-for-stm32.12.3.rel1.win32_1.0.200.202406191623/tools/bin/../lib/gcc/arm-none-eabi/12.3.1/../../../../arm-none-eabi/lib/thumb/v7e-m+fp/hard\libc_nano.a(libc_a-memcmp.o)
 .debug_frame   0x000033d4       0x20 C:/ST/STM32CubeIDE_1.16.0/STM32CubeIDE/plugins/com.st.stm32cube.ide.mcu.externaltools.gnu-tools-for-stm32.12.3.rel1.win32_1.0.200.202406191623/tools/bin/../lib/gcc/arm-none-eabi/12.3.1/../../../../arm-none-eabi/lib/thumb/v7e-m+fp/hard\libc_nano.a(libc_a-memset.o)
 .debug_frame   0x000033f4       0x20 C:/ST/STM32CubeIDE_1.16.0/STM32CubeIDE/plugins/com.st.stm32cube.ide.mcu.externaltools.gnu-tools-for-stm32.12.3.rel1.win32_1.0.200.202406191623/tools/bin/../lib/gcc/arm-none-eabi/12.3.1/../../../../arm-none-eabi/lib/thumb/v7e-m+fp/hard\libc_nano.a(libc_a-strchr.o)
 .debug_frame   0x00003414       0x2c C:/ST/STM32CubeIDE_1.16.0/STM32CubeIDE/plugins/com.st.stm32cube.ide.mcu.externaltools.gnu-tools-for-stm32.12.3.rel1.win32_1.0.200.202406191623/tools/bin/../lib/gcc/arm-none-eabi/12.3.1/../../../../arm-none-eabi/lib/thumb/v7e-m+fp/hard\libc_nano.a(libc_a-init.o)
 .debug_frame   0x00003440       0x28 C:/ST/STM32CubeIDE_1.16.0/STM32CubeIDE/plugins/com.st.stm32cube.ide.mcu.externaltools.gnu-tools-for-stm32.12.3.rel1.win32_1.0.200.202406191623/tools/bin/../lib/gcc/arm-none-eabi/12.3.1/../../../../arm-none-eabi/lib/thumb/v7e-m+fp/hard\libc_nano.a(libc_a-memcpy-stub.o)
 .debug_frame   0x00003468       0x2c C:/ST/STM32CubeIDE_1.16.0/STM32CubeIDE/plugins/com.st.stm32cube.ide.mcu.externaltools.gnu-tools-for-stm32.12.3.rel1.win32_1.0.200.202406191623/tools/bin/../lib/gcc/arm-none-eabi/12.3.1/thumb/v7e-m+fp/hard\libgcc.a(_aeabi_uldivmod.o)
 .debug_frame   0x00003494       0x34 C:/ST/STM32CubeIDE_1.16.0/STM32CubeIDE/plugins/com.st.stm32cube.ide.mcu.externaltools.gnu-tools-for-stm32.12.3.rel1.win32_1.0.200.202406191623/tools/bin/../lib/gcc/arm-none-eabi/12.3.1/thumb/v7e-m+fp/hard\libgcc.a(_udivmoddi4.o)

.debug_line_str
                0x00000000       0x46
 .debug_line_str
                0x00000000       0x46 ./Core/Startup/startup_stm32f746nghx.o
