../BSP/SD/bsp_sd_spi.c:88:13:SELECT	8	static
../BSP/SD/bsp_sd_spi.c:94:13:DESELECT	8	static
../BSP/SD/bsp_sd_spi.c:101:1:SPI_TxByte	16	static
../BSP/SD/bsp_sd_spi.c:110:1:SPI_TxBuffer	24	static
../BSP/SD/bsp_sd_spi.c:119:1:SPI_RxByte	32	static
../BSP/SD/bsp_sd_spi.c:133:1:SPI_RxBytePtr	16	static
../BSP/SD/bsp_sd_spi.c:141:1:SD_ReadyWait	16	static
../BSP/SD/bsp_sd_spi.c:159:1:SD_PowerOn	24	static
../BSP/SD/bsp_sd_spi.c:198:1:SD_PowerOff	4	static
../BSP/SD/bsp_sd_spi.c:205:1:SD_CheckPower	4	static
../BSP/SD/bsp_sd_spi.c:212:1:SD_RxDataBlock	32	static
../BSP/SD/bsp_sd_spi.c:246:1:SD_TxDataBlock	32	static
../BSP/SD/bsp_sd_spi.c:298:1:SD_SendCmd	32	static
../BSP/SD/bsp_sd_spi.c:352:9:BSP_SD_SPI_Init	48	static
../BSP/SD/bsp_sd_spi.c:458:9:BSP_SD_SPI_ITConfig	4	static
../BSP/SD/bsp_sd_spi.c:463:9:BSP_SD_SPI_ReadBlocks	24	static
../BSP/SD/bsp_sd_spi.c:500:9:BSP_SD_SPI_WriteBlocks	24	static
../BSP/SD/bsp_sd_spi.c:551:9:BSP_SD_SPI_ReadBlocks_DMA	24	static
../BSP/SD/bsp_sd_spi.c:557:9:BSP_SD_SPI_WriteBlocks_DMA	24	static
../BSP/SD/bsp_sd_spi.c:586:1:BSP_SD_SPI_GetCardInfo	16	static
