../BSP/SD/bsp_sd_spi.c:86:13:SELECT	8	static
../BSP/SD/bsp_sd_spi.c:92:13:DESELECT	8	static
../BSP/SD/bsp_sd_spi.c:99:1:SPI_TxByte	16	static
../BSP/SD/bsp_sd_spi.c:108:1:SPI_TxBuffer	24	static
../BSP/SD/bsp_sd_spi.c:117:1:SPI_RxByte	32	static
../BSP/SD/bsp_sd_spi.c:131:1:SPI_RxBytePtr	16	static
../BSP/SD/bsp_sd_spi.c:139:1:SD_ReadyWait	16	static
../BSP/SD/bsp_sd_spi.c:157:1:SD_PowerOn	24	static
../BSP/SD/bsp_sd_spi.c:196:1:SD_PowerOff	4	static
../BSP/SD/bsp_sd_spi.c:203:1:SD_CheckPower	4	static
../BSP/SD/bsp_sd_spi.c:210:1:SD_RxDataBlock	32	static
../BSP/SD/bsp_sd_spi.c:244:1:SD_TxDataBlock	32	static
../BSP/SD/bsp_sd_spi.c:296:1:SD_SendCmd	32	static
../BSP/SD/bsp_sd_spi.c:350:9:BSP_SD_SPI_Init	48	static
../BSP/SD/bsp_sd_spi.c:456:9:BSP_SD_SPI_ITConfig	4	static
../BSP/SD/bsp_sd_spi.c:461:9:BSP_SD_SPI_ReadBlocks	24	static
../BSP/SD/bsp_sd_spi.c:498:9:BSP_SD_SPI_WriteBlocks	24	static
../BSP/SD/bsp_sd_spi.c:549:9:BSP_SD_SPI_ReadBlocks_DMA	24	static
../BSP/SD/bsp_sd_spi.c:555:9:BSP_SD_SPI_WriteBlocks_DMA	24	static
../BSP/SD/bsp_sd_spi.c:584:1:BSP_SD_SPI_GetCardInfo	16	static
