Archive member included to satisfy reference by file (symbol)

C:/ST/STM32CubeIDE_1.16.0/STM32CubeIDE/plugins/com.st.stm32cube.ide.mcu.externaltools.gnu-tools-for-stm32.12.3.rel1.win32_1.0.200.202406191623/tools/bin/../lib/gcc/arm-none-eabi/12.3.1/../../../../arm-none-eabi/lib/thumb/v7e-m+fp/hard\libc_nano.a(libc_a-exit.o)
                              C:/ST/STM32CubeIDE_1.16.0/STM32CubeIDE/plugins/com.st.stm32cube.ide.mcu.externaltools.gnu-tools-for-stm32.12.3.rel1.win32_1.0.200.202406191623/tools/bin/../lib/gcc/arm-none-eabi/12.3.1/../../../../arm-none-eabi/lib/thumb/v7e-m+fp/hard/crt0.o (exit)
C:/ST/STM32CubeIDE_1.16.0/STM32CubeIDE/plugins/com.st.stm32cube.ide.mcu.externaltools.gnu-tools-for-stm32.12.3.rel1.win32_1.0.200.202406191623/tools/bin/../lib/gcc/arm-none-eabi/12.3.1/../../../../arm-none-eabi/lib/thumb/v7e-m+fp/hard\libc_nano.a(libc_a-findfp.o)
                              C:/ST/STM32CubeIDE_1.16.0/STM32CubeIDE/plugins/com.st.stm32cube.ide.mcu.externaltools.gnu-tools-for-stm32.12.3.rel1.win32_1.0.200.202406191623/tools/bin/../lib/gcc/arm-none-eabi/12.3.1/../../../../arm-none-eabi/lib/thumb/v7e-m+fp/hard\libc_nano.a(libc_a-exit.o) (__stdio_exit_handler)
C:/ST/STM32CubeIDE_1.16.0/STM32CubeIDE/plugins/com.st.stm32cube.ide.mcu.externaltools.gnu-tools-for-stm32.12.3.rel1.win32_1.0.200.202406191623/tools/bin/../lib/gcc/arm-none-eabi/12.3.1/../../../../arm-none-eabi/lib/thumb/v7e-m+fp/hard\libc_nano.a(libc_a-fwalk.o)
                              C:/ST/STM32CubeIDE_1.16.0/STM32CubeIDE/plugins/com.st.stm32cube.ide.mcu.externaltools.gnu-tools-for-stm32.12.3.rel1.win32_1.0.200.202406191623/tools/bin/../lib/gcc/arm-none-eabi/12.3.1/../../../../arm-none-eabi/lib/thumb/v7e-m+fp/hard\libc_nano.a(libc_a-findfp.o) (_fwalk_sglue)
C:/ST/STM32CubeIDE_1.16.0/STM32CubeIDE/plugins/com.st.stm32cube.ide.mcu.externaltools.gnu-tools-for-stm32.12.3.rel1.win32_1.0.200.202406191623/tools/bin/../lib/gcc/arm-none-eabi/12.3.1/../../../../arm-none-eabi/lib/thumb/v7e-m+fp/hard\libc_nano.a(libc_a-stdio.o)
                              C:/ST/STM32CubeIDE_1.16.0/STM32CubeIDE/plugins/com.st.stm32cube.ide.mcu.externaltools.gnu-tools-for-stm32.12.3.rel1.win32_1.0.200.202406191623/tools/bin/../lib/gcc/arm-none-eabi/12.3.1/../../../../arm-none-eabi/lib/thumb/v7e-m+fp/hard\libc_nano.a(libc_a-findfp.o) (__sread)
C:/ST/STM32CubeIDE_1.16.0/STM32CubeIDE/plugins/com.st.stm32cube.ide.mcu.externaltools.gnu-tools-for-stm32.12.3.rel1.win32_1.0.200.202406191623/tools/bin/../lib/gcc/arm-none-eabi/12.3.1/../../../../arm-none-eabi/lib/thumb/v7e-m+fp/hard\libc_nano.a(libc_a-memcmp.o)
                              ./FATFS/ff.o (memcmp)
C:/ST/STM32CubeIDE_1.16.0/STM32CubeIDE/plugins/com.st.stm32cube.ide.mcu.externaltools.gnu-tools-for-stm32.12.3.rel1.win32_1.0.200.202406191623/tools/bin/../lib/gcc/arm-none-eabi/12.3.1/../../../../arm-none-eabi/lib/thumb/v7e-m+fp/hard\libc_nano.a(libc_a-memset.o)
                              C:/ST/STM32CubeIDE_1.16.0/STM32CubeIDE/plugins/com.st.stm32cube.ide.mcu.externaltools.gnu-tools-for-stm32.12.3.rel1.win32_1.0.200.202406191623/tools/bin/../lib/gcc/arm-none-eabi/12.3.1/../../../../arm-none-eabi/lib/thumb/v7e-m+fp/hard/crt0.o (memset)
C:/ST/STM32CubeIDE_1.16.0/STM32CubeIDE/plugins/com.st.stm32cube.ide.mcu.externaltools.gnu-tools-for-stm32.12.3.rel1.win32_1.0.200.202406191623/tools/bin/../lib/gcc/arm-none-eabi/12.3.1/../../../../arm-none-eabi/lib/thumb/v7e-m+fp/hard\libc_nano.a(libc_a-strchr.o)
                              ./FATFS/ff.o (strchr)
C:/ST/STM32CubeIDE_1.16.0/STM32CubeIDE/plugins/com.st.stm32cube.ide.mcu.externaltools.gnu-tools-for-stm32.12.3.rel1.win32_1.0.200.202406191623/tools/bin/../lib/gcc/arm-none-eabi/12.3.1/../../../../arm-none-eabi/lib/thumb/v7e-m+fp/hard\libc_nano.a(libc_a-closer.o)
                              C:/ST/STM32CubeIDE_1.16.0/STM32CubeIDE/plugins/com.st.stm32cube.ide.mcu.externaltools.gnu-tools-for-stm32.12.3.rel1.win32_1.0.200.202406191623/tools/bin/../lib/gcc/arm-none-eabi/12.3.1/../../../../arm-none-eabi/lib/thumb/v7e-m+fp/hard\libc_nano.a(libc_a-stdio.o) (_close_r)
C:/ST/STM32CubeIDE_1.16.0/STM32CubeIDE/plugins/com.st.stm32cube.ide.mcu.externaltools.gnu-tools-for-stm32.12.3.rel1.win32_1.0.200.202406191623/tools/bin/../lib/gcc/arm-none-eabi/12.3.1/../../../../arm-none-eabi/lib/thumb/v7e-m+fp/hard\libc_nano.a(libc_a-reent.o)
                              C:/ST/STM32CubeIDE_1.16.0/STM32CubeIDE/plugins/com.st.stm32cube.ide.mcu.externaltools.gnu-tools-for-stm32.12.3.rel1.win32_1.0.200.202406191623/tools/bin/../lib/gcc/arm-none-eabi/12.3.1/../../../../arm-none-eabi/lib/thumb/v7e-m+fp/hard\libc_nano.a(libc_a-closer.o) (errno)
C:/ST/STM32CubeIDE_1.16.0/STM32CubeIDE/plugins/com.st.stm32cube.ide.mcu.externaltools.gnu-tools-for-stm32.12.3.rel1.win32_1.0.200.202406191623/tools/bin/../lib/gcc/arm-none-eabi/12.3.1/../../../../arm-none-eabi/lib/thumb/v7e-m+fp/hard\libc_nano.a(libc_a-impure.o)
[...]
Memory Configuration

Name             Origin             Length             Attributes
RAM              0x20000000         0x00050000         xrw
FLASH            0x08000000         0x00100000         xr
*default*        0x00000000         0xffffffff

Linker script and memory map

LOAD C:/ST/STM32CubeIDE_1.16.0/STM32CubeIDE/plugins/com.st.stm32cube.ide.mcu.externaltools.gnu-tools-for-stm32.12.3.rel1.win32_1.0.200.202406191623/tools/bin/../lib/gcc/arm-none-eabi/12.3.1/thumb/v7e-m+fp/hard/crti.o
LOAD C:/ST/STM32CubeIDE_1.16.0/STM32CubeIDE/plugins/com.st.stm32cube.ide.mcu.externaltools.gnu-tools-for-stm32.12.3.rel1.win32_1.0.200.202406191623/tools/bin/../lib/gcc/arm-none-eabi/12.3.1/thumb/v7e-m+fp/hard/crtbegin.o
LOAD C:/ST/STM32CubeIDE_1.16.0/STM32CubeIDE/plugins/com.st.stm32cube.ide.mcu.externaltools.gnu-tools-for-stm32.12.3.rel1.win32_1.0.200.202406191623/tools/bin/../lib/gcc/arm-none-eabi/12.3.1/../../../../arm-none-eabi/lib/thumb/v7e-m+fp/hard/crt0.o
LOAD ./BSP/bsp_sd_sdmmc.o
LOAD ./Core/Src/main.o
LOAD ./Core/Src/stm32f7xx_hal_msp.o
LOAD ./Core/Src/stm32f7xx_it.o
LOAD ./Core/Src/syscalls.o
LOAD ./Core/Src/sysmem.o
LOAD ./Core/Src/system_stm32f7xx.o
LOAD ./Core/Startup/startup_stm32f746nghx.o
LOAD ./Drivers/STM32F7xx_HAL_Driver/Src/stm32f7xx_hal.o
LOAD ./Drivers/STM32F7xx_HAL_Driver/Src/stm32f7xx_hal_cortex.o
LOAD ./Drivers/STM32F7xx_HAL_Driver/Src/stm32f7xx_hal_dma.o
LOAD ./Drivers/STM32F7xx_HAL_Driver/Src/stm32f7xx_hal_dma_ex.o
LOAD ./Drivers/STM32F7xx_HAL_Driver/Src/stm32f7xx_hal_exti.o
LOAD ./Drivers/STM32F7xx_HAL_Driver/Src/stm32f7xx_hal_flash.o
LOAD ./Drivers/STM32F7xx_HAL_Driver/Src/stm32f7xx_hal_flash_ex.o
LOAD ./Drivers/STM32F7xx_HAL_Driver/Src/stm32f7xx_hal_gpio.o
LOAD ./Drivers/STM32F7xx_HAL_Driver/Src/stm32f7xx_hal_i2c.o
LOAD ./Drivers/STM32F7xx_HAL_Driver/Src/stm32f7xx_hal_i2c_ex.o
LOAD ./Drivers/STM32F7xx_HAL_Driver/Src/stm32f7xx_hal_pwr.o
LOAD ./Drivers/STM32F7xx_HAL_Driver/Src/stm32f7xx_hal_pwr_ex.o
LOAD ./Drivers/STM32F7xx_HAL_Driver/Src/stm32f7xx_hal_rcc.o
LOAD ./Drivers/STM32F7xx_HAL_Driver/Src/stm32f7xx_hal_rcc_ex.o
LOAD ./Drivers/STM32F7xx_HAL_Driver/Src/stm32f7xx_hal_sd.o
LOAD ./Drivers/STM32F7xx_HAL_Driver/Src/stm32f7xx_hal_tim.o
LOAD ./Drivers/STM32F7xx_HAL_Driver/Src/stm32f7xx_hal_tim_ex.o
LOAD ./Drivers/STM32F7xx_HAL_Driver/Src/stm32f7xx_ll_sdmmc.o
LOAD ./FATFS/diskio.o
LOAD ./FATFS/ff.o
LOAD ./FATFS/ffsystem.o
LOAD ./FATFS/ffunicode.o
START GROUP
LOAD C:/ST/STM32CubeIDE_1.16.0/STM32CubeIDE/plugins/com.st.stm32cube.ide.mcu.externaltools.gnu-tools-for-stm32.12.3.rel1.win32_1.0.200.202406191623/tools/bin/../lib/gcc/arm-none-eabi/12.3.1/../../../../arm-none-eabi/lib/thumb/v7e-m+fp/hard\libc_nano.a
LOAD C:/ST/STM32CubeIDE_1.16.0/STM32CubeIDE/plugins/com.st.stm32cube.ide.mcu.externaltools.gnu-tools-for-stm32.12.3.rel1.win32_1.0.200.202406191623/tools/bin/../lib/gcc/arm-none-eabi/12.3.1/../../../../arm-none-eabi/lib/thumb/v7e-m+fp/hard\libm.a
END GROUP
START GROUP
LOAD C:/ST/STM32CubeIDE_1.16.0/STM32CubeIDE/plugins/com.st.stm32cube.ide.mcu.externaltools.gnu-tools-for-stm32.12.3.rel1.win32_1.0.200.202406191623/tools/bin/../lib/gcc/arm-none-eabi/12.3.1/thumb/v7e-m+fp/hard\libgcc.a
LOAD C:/ST/STM32CubeIDE_1.16.0/STM32CubeIDE/plugins/com.st.stm32cube.ide.mcu.externaltools.gnu-tools-for-stm32.12.3.rel1.win32_1.0.200.202406191623/tools/bin/../lib/gcc/arm-none-eabi/12.3.1/../../../../arm-none-eabi/lib/thumb/v7e-m+fp/hard\libc_nano.a
END GROUP
START GROUP
LOAD C:/ST/STM32CubeIDE_1.16.0/STM32CubeIDE/plugins/com.st.stm32cube.ide.mcu.externaltools.gnu-tools-for-stm32.12.3.rel1.win32_1.0.200.202406191623/tools/bin/../lib/gcc/arm-none-eabi/12.3.1/thumb/v7e-m+fp/hard\libgcc.a
LOAD C:/ST/STM32CubeIDE_1.16.0/STM32CubeIDE/plugins/com.st.stm32cube.ide.mcu.externaltools.gnu-tools-for-stm32.12.3.rel1.win32_1.0.200.202406191623/tools/bin/../lib/gcc/arm-none-eabi/12.3.1/../../../../arm-none-eabi/lib/thumb/v7e-m+fp/hard\libc_nano.a
LOAD C:/ST/STM32CubeIDE_1.16.0/STM32CubeIDE/plugins/com.st.stm32cube.ide.mcu.externaltools.gnu-tools-for-stm32.12.3.rel1.win32_1.0.200.202406191623/tools/bin/../lib/gcc/arm-none-eabi/12.3.1/../../../../arm-none-eabi/lib/thumb/v7e-m+fp/hard\libnosys.a
END GROUP
START GROUP
LOAD C:/ST/STM32CubeIDE_1.16.0/STM32CubeIDE/plugins/com.st.stm32cube.ide.mcu.externaltools.gnu-tools-for-stm32.12.3.rel1.win32_1.0.200.202406191623/tools/bin/../lib/gcc/arm-none-eabi/12.3.1/thumb/v7e-m+fp/hard\libgcc.a
LOAD C:/ST/STM32CubeIDE_1.16.0/STM32CubeIDE/plugins/com.st.stm32cube.ide.mcu.externaltools.gnu-tools-for-stm32.12.3.rel1.win32_1.0.200.202406191623/tools/bin/../lib/gcc/arm-none-eabi/12.3.1/../../../../arm-none-eabi/lib/thumb/v7e-m+fp/hard\libc_nano.a
LOAD C:/ST/STM32CubeIDE_1.16.0/STM32CubeIDE/plugins/com.st.stm32cube.ide.mcu.externaltools.gnu-tools-for-stm32.12.3.rel1.win32_1.0.200.202406191623/tools/bin/../lib/gcc/arm-none-eabi/12.3.1/../../../../arm-none-eabi/lib/thumb/v7e-m+fp/hard\libnosys.a
END GROUP
LOAD C:/ST/STM32CubeIDE_1.16.0/STM32CubeIDE/plugins/com.st.stm32cube.ide.mcu.externaltools.gnu-tools-for-stm32.12.3.rel1.win32_1.0.200.202406191623/tools/bin/../lib/gcc/arm-none-eabi/12.3.1/thumb/v7e-m+fp/hard/crtend.o
LOAD C:/ST/STM32CubeIDE_1.16.0/STM32CubeIDE/plugins/com.st.stm32cube.ide.mcu.externaltools.gnu-tools-for-stm32.12.3.rel1.win32_1.0.200.202406191623/tools/bin/../lib/gcc/arm-none-eabi/12.3.1/thumb/v7e-m+fp/hard/crtn.o
                0x20050000                        _estack = (ORIGIN (RAM) + LENGTH (RAM))
                0x00000200                        _Min_Heap_Size = 0x200
                0x00000400                        _Min_Stack_Size = 0x400

.isr_vector     0x08000000      0x1c8
                0x08000000                        . = ALIGN (0x4)
 *(.isr_vector)
 .isr_vector    0x08000000      0x1c8 ./Core/Startup/startup_stm32f746nghx.o
                0x08000000                g_pfnVectors
                0x080001c8                        . = ALIGN (0x4)

.text           0x080001c8     0x72a8
                0x080001c8                        . = ALIGN (0x4)
 *(.text)
 .text          0x080001c8       0x40 C:/ST/STM32CubeIDE_1.16.0/STM32CubeIDE/plugins/com.st.stm32cube.ide.mcu.externaltools.gnu-tools-for-stm32.12.3.rel1.win32_1.0.200.202406191623/tools/bin/../lib/gcc/arm-none-eabi/12.3.1/thumb/v7e-m+fp/hard/crtbegin.o
 .text          0x08000208       0x30 C:/ST/STM32CubeIDE_1.16.0/STM32CubeIDE/plugins/com.st.stm32cube.ide.mcu.externaltools.gnu-tools-for-stm32.12.3.rel1.win32_1.0.200.202406191623/tools/bin/../lib/gcc/arm-none-eabi/12.3.1/thumb/v7e-m+fp/hard\libgcc.a(_aeabi_uldivmod.o)
                0x08000208                __aeabi_uldivmod
 .text          0x08000238      0x2bc C:/ST/STM32CubeIDE_1.16.0/STM32CubeIDE/plugins/com.st.stm32cube.ide.mcu.externaltools.gnu-tools-for-stm32.12.3.rel1.win32_1.0.200.202406191623/tools/bin/../lib/gcc/arm-none-eabi/12.3.1/thumb/v7e-m+fp/hard\libgcc.a(_udivmoddi4.o)
                0x08000238                __udivmoddi4
 .text          0x080004f4        0x4 C:/ST/STM32CubeIDE_1.16.0/STM32CubeIDE/plugins/com.st.stm32cube.ide.mcu.externaltools.gnu-tools-for-stm32.12.3.rel1.win32_1.0.200.202406191623/tools/bin/../lib/gcc/arm-none-eabi/12.3.1/thumb/v7e-m+fp/hard\libgcc.a(_dvmd_tls.o)
                0x080004f4                __aeabi_idiv0
                0x080004f4                __aeabi_ldiv0
 *(.text*)
 .text.BSP_SD_SDMMC_Init
                0x080004f8       0x40 ./BSP/bsp_sd_sdmmc.o
                0x080004f8                BSP_SD_SDMMC_Init
 .text.BSP_SD_SDMMC_ReadBlocks_DMA
                0x08000538       0x34 ./BSP/bsp_sd_sdmmc.o
                0x08000538                BSP_SD_SDMMC_ReadBlocks_DMA
 .text.BSP_SD_SDMMC_WriteBlocks_DMA
                0x0800056c       0x34 ./BSP/bsp_sd_sdmmc.o
                0x0800056c                BSP_SD_SDMMC_WriteBlocks_DMA
 .text.BSP_SD_SDMMC_GetCardState
                0x080005a0       0x20 ./BSP/bsp_sd_sdmmc.o
                0x080005a0                BSP_SD_SDMMC_GetCardState
 .text.BSP_SD_SDMMC_GetCardInfo
                0x080005c0       0x1c ./BSP/bsp_sd_sdmmc.o
                0x080005c0                BSP_SD_SDMMC_GetCardInfo
 .text.HAL_SD_AbortCallback
                0x080005dc       0x14 ./BSP/bsp_sd_sdmmc.o
                0x080005dc                HAL_SD_AbortCallback
 .text.HAL_SD_TxCpltCallback
                0x080005f0       0x14 ./BSP/bsp_sd_sdmmc.o
                0x080005f0                HAL_SD_TxCpltCallback
 .text.HAL_SD_RxCpltCallback
                0x08000604       0x14 ./BSP/bsp_sd_sdmmc.o
                0x08000604                HAL_SD_RxCpltCallback
 .text.BSP_SD_SDMMC_AbortCallback
                0x08000618        0xe ./BSP/bsp_sd_sdmmc.o
                0x08000618                BSP_SD_SDMMC_AbortCallback
 .text.BSP_SD_SDMMC_IsDetected
                0x08000626       0x1a ./BSP/bsp_sd_sdmmc.o
                0x08000626                BSP_SD_SDMMC_IsDetected
 .text.bufsize  0x08000640       0x2e ./Core/Src/main.o
                0x08000640                bufsize
 *fill*         0x0800066e        0x2 
 .text.main     0x08000670       0xb0 ./Core/Src/main.o
                0x08000670                main
 .text.SystemClock_Config
                0x08000720       0xdc ./Core/Src/main.o
                0x08000720                SystemClock_Config
 .text.MX_SDMMC1_SD_Init
                0x080007fc       0x40 ./Core/Src/main.o
 .text.MX_GPIO_Init
                0x0800083c       0x78 ./Core/Src/main.o
 .text.MPU_Config
                0x080008b4       0x58 ./Core/Src/main.o
 .text.Error_Handler
                0x0800090c        0xc ./Core/Src/main.o
                0x0800090c                Error_Handler
 .text.HAL_MspInit
                0x08000918       0x48 ./Core/Src/stm32f7xx_hal_msp.o
                0x08000918                HAL_MspInit
 .text.HAL_SD_MspInit
                0x08000960      0x11c ./Core/Src/stm32f7xx_hal_msp.o
                0x08000960                HAL_SD_MspInit
 .text.NMI_Handler
                0x08000a7c        0x8 ./Core/Src/stm32f7xx_it.o
                0x08000a7c                NMI_Handler
 .text.HardFault_Handler
                0x08000a84        0x8 ./Core/Src/stm32f7xx_it.o
                0x08000a84                HardFault_Handler
 .text.MemManage_Handler
                0x08000a8c        0x8 ./Core/Src/stm32f7xx_it.o
                0x08000a8c                MemManage_Handler
 .text.BusFault_Handler
                0x08000a94        0x8 ./Core/Src/stm32f7xx_it.o
                0x08000a94                BusFault_Handler
 .text.UsageFault_Handler
                0x08000a9c        0x8 ./Core/Src/stm32f7xx_it.o
                0x08000a9c                UsageFault_Handler
 .text.SVC_Handler
                0x08000aa4        0xe ./Core/Src/stm32f7xx_it.o
                0x08000aa4                SVC_Handler
 .text.DebugMon_Handler
                0x08000ab2        0xe ./Core/Src/stm32f7xx_it.o
                0x08000ab2                DebugMon_Handler
 .text.PendSV_Handler
                0x08000ac0        0xe ./Core/Src/stm32f7xx_it.o
                0x08000ac0                PendSV_Handler
 .text.SysTick_Handler
                0x08000ace        0xc ./Core/Src/stm32f7xx_it.o
                0x08000ace                SysTick_Handler
 *fill*         0x08000ada        0x2 
 .text.SDMMC1_IRQHandler
                0x08000adc       0x14 ./Core/Src/stm32f7xx_it.o
                0x08000adc                SDMMC1_IRQHandler
 .text.SystemInit
                0x08000af0       0x24 ./Core/Src/system_stm32f7xx.o
                0x08000af0                SystemInit
 .text.Reset_Handler
                0x08000b14       0x50 ./Core/Startup/startup_stm32f746nghx.o
                0x08000b14                Reset_Handler
 .text.Default_Handler
                0x08000b64        0x2 ./Core/Startup/startup_stm32f746nghx.o
                0x08000b64                RTC_Alarm_IRQHandler
                0x08000b64                EXTI2_IRQHandler
                0x08000b64                TIM8_CC_IRQHandler
                0x08000b64                UART8_IRQHandler
                0x08000b64                SPI4_IRQHandler
                0x08000b64                TIM1_CC_IRQHandler
                0x08000b64                DMA2_Stream5_IRQHandler
                0x08000b64                DMA1_Stream5_IRQHandler
                0x08000b64                PVD_IRQHandler
                0x08000b64                TAMP_STAMP_IRQHandler
                0x08000b64                CAN2_RX1_IRQHandler
                0x08000b64                EXTI3_IRQHandler
                0x08000b64                TIM8_TRG_COM_TIM14_IRQHandler
                0x08000b64                TIM1_UP_TIM10_IRQHandler
                0x08000b64                TIM8_UP_TIM13_IRQHandler
                0x08000b64                I2C3_ER_IRQHandler
                0x08000b64                EXTI0_IRQHandler
                0x08000b64                I2C2_EV_IRQHandler
                0x08000b64                DMA1_Stream2_IRQHandler
                0x08000b64                CAN1_RX0_IRQHandler
                0x08000b64                FPU_IRQHandler
                0x08000b64                OTG_HS_WKUP_IRQHandler
                0x08000b64                LTDC_ER_IRQHandler
                0x08000b64                CAN2_SCE_IRQHandler
                0x08000b64                DMA2_Stream2_IRQHandler
                0x08000b64                SPI1_IRQHandler
                0x08000b64                TIM6_DAC_IRQHandler
                0x08000b64                TIM1_BRK_TIM9_IRQHandler
                0x08000b64                DCMI_IRQHandler
                0x08000b64                CAN2_RX0_IRQHandler
                0x08000b64                DMA2_Stream3_IRQHandler
                0x08000b64                SAI2_IRQHandler
                0x08000b64                USART6_IRQHandler
                0x08000b64                USART3_IRQHandler
                0x08000b64                CAN1_RX1_IRQHandler
                0x08000b64                UART5_IRQHandler
                0x08000b64                DMA2_Stream0_IRQHandler
                0x08000b64                TIM4_IRQHandler
                0x08000b64                QUADSPI_IRQHandler
                0x08000b64                I2C1_EV_IRQHandler
                0x08000b64                DMA1_Stream6_IRQHandler
                0x08000b64                DMA1_Stream1_IRQHandler
                0x08000b64                UART4_IRQHandler
                0x08000b64                TIM3_IRQHandler
                0x08000b64                RCC_IRQHandler
                0x08000b64                TIM8_BRK_TIM12_IRQHandler
                0x08000b64                Default_Handler
                0x08000b64                CEC_IRQHandler
                0x08000b64                EXTI15_10_IRQHandler
                0x08000b64                ADC_IRQHandler
                0x08000b64                DMA1_Stream7_IRQHandler
                0x08000b64                SPI5_IRQHandler
                0x08000b64                TIM7_IRQHandler
                0x08000b64                CAN2_TX_IRQHandler
                0x08000b64                TIM5_IRQHandler
                0x08000b64                DMA2_Stream7_IRQHandler
                0x08000b64                I2C3_EV_IRQHandler
                0x08000b64                EXTI9_5_IRQHandler
                0x08000b64                RTC_WKUP_IRQHandler
                0x08000b64                LTDC_IRQHandler
                0x08000b64                ETH_WKUP_IRQHandler
                0x08000b64                SPDIF_RX_IRQHandler
                0x08000b64                SPI2_IRQHandler
                0x08000b64                OTG_HS_EP1_IN_IRQHandler
                0x08000b64                DMA1_Stream0_IRQHandler
                0x08000b64                CAN1_TX_IRQHandler
                0x08000b64                EXTI4_IRQHandler
                0x08000b64                RNG_IRQHandler
                0x08000b64                ETH_IRQHandler
                0x08000b64                OTG_HS_EP1_OUT_IRQHandler
                0x08000b64                WWDG_IRQHandler
                0x08000b64                SPI6_IRQHandler
                0x08000b64                I2C4_EV_IRQHandler
                0x08000b64                TIM2_IRQHandler
                0x08000b64                OTG_FS_WKUP_IRQHandler
                0x08000b64                TIM1_TRG_COM_TIM11_IRQHandler
                0x08000b64                OTG_HS_IRQHandler
                0x08000b64                DMA2D_IRQHandler
                0x08000b64                EXTI1_IRQHandler
                0x08000b64                UART7_IRQHandler
                0x08000b64                USART2_IRQHandler
                0x08000b64                I2C2_ER_IRQHandler
                0x08000b64                DMA2_Stream1_IRQHandler
                0x08000b64                CAN1_SCE_IRQHandler
                0x08000b64                FLASH_IRQHandler
                0x08000b64                DMA2_Stream4_IRQHandler
                0x08000b64                USART1_IRQHandler
                0x08000b64                OTG_FS_IRQHandler
                0x08000b64                SPI3_IRQHandler
                0x08000b64                DMA1_Stream4_IRQHandler
                0x08000b64                I2C1_ER_IRQHandler
                0x08000b64                FMC_IRQHandler
                0x08000b64                LPTIM1_IRQHandler
                0x08000b64                I2C4_ER_IRQHandler
                0x08000b64                DMA2_Stream6_IRQHandler
                0x08000b64                SAI1_IRQHandler
                0x08000b64                DMA1_Stream3_IRQHandler
 .text.HAL_Init
                0x08000b66       0x1a ./Drivers/STM32F7xx_HAL_Driver/Src/stm32f7xx_hal.o
                0x08000b66                HAL_Init
 .text.HAL_InitTick
                0x08000b80       0x60 ./Drivers/STM32F7xx_HAL_Driver/Src/stm32f7xx_hal.o
                0x08000b80                HAL_InitTick
 .text.HAL_IncTick
                0x08000be0       0x28 ./Drivers/STM32F7xx_HAL_Driver/Src/stm32f7xx_hal.o
                0x08000be0                HAL_IncTick
 .text.HAL_GetTick
                0x08000c08       0x18 ./Drivers/STM32F7xx_HAL_Driver/Src/stm32f7xx_hal.o
                0x08000c08                HAL_GetTick
 .text.HAL_Delay
                0x08000c20       0x48 ./Drivers/STM32F7xx_HAL_Driver/Src/stm32f7xx_hal.o
                0x08000c20                HAL_Delay
 .text.__NVIC_SetPriorityGrouping
                0x08000c68       0x48 ./Drivers/STM32F7xx_HAL_Driver/Src/stm32f7xx_hal_cortex.o
 .text.__NVIC_GetPriorityGrouping
                0x08000cb0       0x1c ./Drivers/STM32F7xx_HAL_Driver/Src/stm32f7xx_hal_cortex.o
 .text.__NVIC_EnableIRQ
                0x08000ccc       0x3c ./Drivers/STM32F7xx_HAL_Driver/Src/stm32f7xx_hal_cortex.o
 .text.__NVIC_SetPriority
                0x08000d08       0x54 ./Drivers/STM32F7xx_HAL_Driver/Src/stm32f7xx_hal_cortex.o
 .text.NVIC_EncodePriority
                0x08000d5c       0x66 ./Drivers/STM32F7xx_HAL_Driver/Src/stm32f7xx_hal_cortex.o
 *fill*         0x08000dc2        0x2 
 .text.SysTick_Config
                0x08000dc4       0x44 ./Drivers/STM32F7xx_HAL_Driver/Src/stm32f7xx_hal_cortex.o
 .text.HAL_NVIC_SetPriorityGrouping
                0x08000e08       0x16 ./Drivers/STM32F7xx_HAL_Driver/Src/stm32f7xx_hal_cortex.o
                0x08000e08                HAL_NVIC_SetPriorityGrouping
 .text.HAL_NVIC_SetPriority
                0x08000e1e       0x38 ./Drivers/STM32F7xx_HAL_Driver/Src/stm32f7xx_hal_cortex.o
                0x08000e1e                HAL_NVIC_SetPriority
 .text.HAL_NVIC_EnableIRQ
                0x08000e56       0x1c ./Drivers/STM32F7xx_HAL_Driver/Src/stm32f7xx_hal_cortex.o
                0x08000e56                HAL_NVIC_EnableIRQ
 .text.HAL_SYSTICK_Config
                0x08000e72       0x18 ./Drivers/STM32F7xx_HAL_Driver/Src/stm32f7xx_hal_cortex.o
                0x08000e72                HAL_SYSTICK_Config
 *fill*         0x08000e8a        0x2 
 .text.HAL_MPU_Disable
                0x08000e8c       0x30 ./Drivers/STM32F7xx_HAL_Driver/Src/stm32f7xx_hal_cortex.o
                0x08000e8c                HAL_MPU_Disable
 .text.HAL_MPU_Enable
                0x08000ebc       0x40 ./Drivers/STM32F7xx_HAL_Driver/Src/stm32f7xx_hal_cortex.o
                0x08000ebc                HAL_MPU_Enable
 .text.HAL_MPU_ConfigRegion
                0x08000efc       0x80 ./Drivers/STM32F7xx_HAL_Driver/Src/stm32f7xx_hal_cortex.o
                0x08000efc                HAL_MPU_ConfigRegion
 .text.HAL_DMA_Start_IT
                0x08000f7c       0xc0 ./Drivers/STM32F7xx_HAL_Driver/Src/stm32f7xx_hal_dma.o
                0x08000f7c                HAL_DMA_Start_IT
 .text.HAL_DMA_Abort_IT
                0x0800103c       0x44 ./Drivers/STM32F7xx_HAL_Driver/Src/stm32f7xx_hal_dma.o
                0x0800103c                HAL_DMA_Abort_IT
 .text.HAL_DMA_GetError
                0x08001080       0x18 ./Drivers/STM32F7xx_HAL_Driver/Src/stm32f7xx_hal_dma.o
                0x08001080                HAL_DMA_GetError
 .text.DMA_SetConfig
                0x08001098       0x5c ./Drivers/STM32F7xx_HAL_Driver/Src/stm32f7xx_hal_dma.o
 .text.HAL_GPIO_Init
                0x080010f4      0x358 ./Drivers/STM32F7xx_HAL_Driver/Src/stm32f7xx_hal_gpio.o
                0x080010f4                HAL_GPIO_Init
 .text.HAL_PWREx_EnableOverDrive
                0x0800144c       0xa0 ./Drivers/STM32F7xx_HAL_Driver/Src/stm32f7xx_hal_pwr_ex.o
                0x0800144c                HAL_PWREx_EnableOverDrive
 .text.HAL_RCC_OscConfig
                0x080014ec      0x548 ./Drivers/STM32F7xx_HAL_Driver/Src/stm32f7xx_hal_rcc.o
                0x080014ec                HAL_RCC_OscConfig
 .text.HAL_RCC_ClockConfig
                0x08001a34      0x1d8 ./Drivers/STM32F7xx_HAL_Driver/Src/stm32f7xx_hal_rcc.o
                0x08001a34                HAL_RCC_ClockConfig
 .text.HAL_RCC_GetSysClockFreq
                0x08001c0c      0x18c ./Drivers/STM32F7xx_HAL_Driver/Src/stm32f7xx_hal_rcc.o
                0x08001c0c                HAL_RCC_GetSysClockFreq
 .text.HAL_RCCEx_PeriphCLKConfig
                0x08001d98      0x7e0 ./Drivers/STM32F7xx_HAL_Driver/Src/stm32f7xx_hal_rcc_ex.o
                0x08001d98                HAL_RCCEx_PeriphCLKConfig
 .text.HAL_SD_Init
                0x08002578       0x60 ./Drivers/STM32F7xx_HAL_Driver/Src/stm32f7xx_hal_sd.o
                0x08002578                HAL_SD_Init
 .text.HAL_SD_InitCard
                0x080025d8      0x110 ./Drivers/STM32F7xx_HAL_Driver/Src/stm32f7xx_hal_sd.o
                0x080025d8                HAL_SD_InitCard
 .text.HAL_SD_ReadBlocks_DMA
                0x080026e8      0x1c4 ./Drivers/STM32F7xx_HAL_Driver/Src/stm32f7xx_hal_sd.o
                0x080026e8                HAL_SD_ReadBlocks_DMA
 .text.HAL_SD_WriteBlocks_DMA
                0x080028ac      0x1cc ./Drivers/STM32F7xx_HAL_Driver/Src/stm32f7xx_hal_sd.o
                0x080028ac                HAL_SD_WriteBlocks_DMA
 .text.HAL_SD_IRQHandler
                0x08002a78      0x2ec ./Drivers/STM32F7xx_HAL_Driver/Src/stm32f7xx_hal_sd.o
                0x08002a78                HAL_SD_IRQHandler
 .text.HAL_SD_ErrorCallback
                0x08002d64       0x14 ./Drivers/STM32F7xx_HAL_Driver/Src/stm32f7xx_hal_sd.o
                0x08002d64                HAL_SD_ErrorCallback
 .text.HAL_SD_GetCardCSD
                0x08002d78      0x348 ./Drivers/STM32F7xx_HAL_Driver/Src/stm32f7xx_hal_sd.o
                0x08002d78                HAL_SD_GetCardCSD
 .text.HAL_SD_GetCardInfo
                0x080030c0       0x58 ./Drivers/STM32F7xx_HAL_Driver/Src/stm32f7xx_hal_sd.o
                0x080030c0                HAL_SD_GetCardInfo
 .text.HAL_SD_ConfigWideBusOperation
                0x08003118      0x134 ./Drivers/STM32F7xx_HAL_Driver/Src/stm32f7xx_hal_sd.o
                0x08003118                HAL_SD_ConfigWideBusOperation
 .text.HAL_SD_GetCardState
                0x0800324c       0x40 ./Drivers/STM32F7xx_HAL_Driver/Src/stm32f7xx_hal_sd.o
                0x0800324c                HAL_SD_GetCardState
 .text.SD_DMATransmitCplt
                0x0800328c       0x2a ./Drivers/STM32F7xx_HAL_Driver/Src/stm32f7xx_hal_sd.o
 .text.SD_DMAReceiveCplt
                0x080032b6       0x70 ./Drivers/STM32F7xx_HAL_Driver/Src/stm32f7xx_hal_sd.o
 *fill*         0x08003326        0x2 
 .text.SD_DMAError
                0x08003328       0xa4 ./Drivers/STM32F7xx_HAL_Driver/Src/stm32f7xx_hal_sd.o
 .text.SD_DMATxAbort
                0x080033cc       0x6e ./Drivers/STM32F7xx_HAL_Driver/Src/stm32f7xx_hal_sd.o
 .text.SD_DMARxAbort
                0x0800343a       0x6e ./Drivers/STM32F7xx_HAL_Driver/Src/stm32f7xx_hal_sd.o
 .text.SD_InitCard
                0x080034a8      0x19c ./Drivers/STM32F7xx_HAL_Driver/Src/stm32f7xx_hal_sd.o
 .text.SD_PowerON
                0x08003644      0x11c ./Drivers/STM32F7xx_HAL_Driver/Src/stm32f7xx_hal_sd.o
 .text.SD_SendStatus
                0x08003760       0x50 ./Drivers/STM32F7xx_HAL_Driver/Src/stm32f7xx_hal_sd.o
 .text.SD_WideBus_Enable
                0x080037b0       0x96 ./Drivers/STM32F7xx_HAL_Driver/Src/stm32f7xx_hal_sd.o
 .text.SD_WideBus_Disable
                0x08003846       0x96 ./Drivers/STM32F7xx_HAL_Driver/Src/stm32f7xx_hal_sd.o
 .text.SD_FindSCR
                0x080038dc      0x1a6 ./Drivers/STM32F7xx_HAL_Driver/Src/stm32f7xx_hal_sd.o
 .text.SD_Read_IT
                0x08003a82       0xa2 ./Drivers/STM32F7xx_HAL_Driver/Src/stm32f7xx_hal_sd.o
 .text.SD_Write_IT
                0x08003b24       0xaa ./Drivers/STM32F7xx_HAL_Driver/Src/stm32f7xx_hal_sd.o
 *fill*         0x08003bce        0x2 
 .text.SDMMC_Init
                0x08003bd0       0x58 ./Drivers/STM32F7xx_HAL_Driver/Src/stm32f7xx_ll_sdmmc.o
                0x08003bd0                SDMMC_Init
 .text.SDMMC_ReadFIFO
                0x08003c28       0x1a ./Drivers/STM32F7xx_HAL_Driver/Src/stm32f7xx_ll_sdmmc.o
                0x08003c28                SDMMC_ReadFIFO
 .text.SDMMC_WriteFIFO
                0x08003c42       0x22 ./Drivers/STM32F7xx_HAL_Driver/Src/stm32f7xx_ll_sdmmc.o
                0x08003c42                SDMMC_WriteFIFO
 .text.SDMMC_PowerState_ON
                0x08003c64       0x1c ./Drivers/STM32F7xx_HAL_Driver/Src/stm32f7xx_ll_sdmmc.o
                0x08003c64                SDMMC_PowerState_ON
 .text.SDMMC_GetPowerState
                0x08003c80       0x1c ./Drivers/STM32F7xx_HAL_Driver/Src/stm32f7xx_ll_sdmmc.o
                0x08003c80                SDMMC_GetPowerState
 .text.SDMMC_SendCommand
                0x08003c9c       0x54 ./Drivers/STM32F7xx_HAL_Driver/Src/stm32f7xx_ll_sdmmc.o
                0x08003c9c                SDMMC_SendCommand
 .text.SDMMC_GetCommandResponse
                0x08003cf0       0x1a ./Drivers/STM32F7xx_HAL_Driver/Src/stm32f7xx_ll_sdmmc.o
                0x08003cf0                SDMMC_GetCommandResponse
 .text.SDMMC_GetResponse
                0x08003d0a       0x26 ./Drivers/STM32F7xx_HAL_Driver/Src/stm32f7xx_ll_sdmmc.o
                0x08003d0a                SDMMC_GetResponse
 .text.SDMMC_ConfigData
                0x08003d30       0x58 ./Drivers/STM32F7xx_HAL_Driver/Src/stm32f7xx_ll_sdmmc.o
                0x08003d30                SDMMC_ConfigData
 .text.SDMMC_CmdBlockLength
                0x08003d88       0x44 ./Drivers/STM32F7xx_HAL_Driver/Src/stm32f7xx_ll_sdmmc.o
                0x08003d88                SDMMC_CmdBlockLength
 .text.SDMMC_CmdReadSingleBlock
                0x08003dcc       0x44 ./Drivers/STM32F7xx_HAL_Driver/Src/stm32f7xx_ll_sdmmc.o
                0x08003dcc                SDMMC_CmdReadSingleBlock
 .text.SDMMC_CmdReadMultiBlock
                0x08003e10       0x44 ./Drivers/STM32F7xx_HAL_Driver/Src/stm32f7xx_ll_sdmmc.o
                0x08003e10                SDMMC_CmdReadMultiBlock
 .text.SDMMC_CmdWriteSingleBlock
                0x08003e54       0x44 ./Drivers/STM32F7xx_HAL_Driver/Src/stm32f7xx_ll_sdmmc.o
                0x08003e54                SDMMC_CmdWriteSingleBlock
 .text.SDMMC_CmdWriteMultiBlock
                0x08003e98       0x44 ./Drivers/STM32F7xx_HAL_Driver/Src/stm32f7xx_ll_sdmmc.o
                0x08003e98                SDMMC_CmdWriteMultiBlock
 .text.SDMMC_CmdStopTransfer
                0x08003edc       0x44 ./Drivers/STM32F7xx_HAL_Driver/Src/stm32f7xx_ll_sdmmc.o
                0x08003edc                SDMMC_CmdStopTransfer
 .text.SDMMC_CmdSelDesel
                0x08003f20       0x46 ./Drivers/STM32F7xx_HAL_Driver/Src/stm32f7xx_ll_sdmmc.o
                0x08003f20                SDMMC_CmdSelDesel
 .text.SDMMC_CmdGoIdleState
                0x08003f66       0x3c ./Drivers/STM32F7xx_HAL_Driver/Src/stm32f7xx_ll_sdmmc.o
                0x08003f66                SDMMC_CmdGoIdleState
 .text.SDMMC_CmdOperCond
                0x08003fa2       0x3e ./Drivers/STM32F7xx_HAL_Driver/Src/stm32f7xx_ll_sdmmc.o
                0x08003fa2                SDMMC_CmdOperCond
 .text.SDMMC_CmdAppCommand
                0x08003fe0       0x44 ./Drivers/STM32F7xx_HAL_Driver/Src/stm32f7xx_ll_sdmmc.o
                0x08003fe0                SDMMC_CmdAppCommand
 .text.SDMMC_CmdAppOperCommand
                0x08004024       0x48 ./Drivers/STM32F7xx_HAL_Driver/Src/stm32f7xx_ll_sdmmc.o
                0x08004024                SDMMC_CmdAppOperCommand
 .text.SDMMC_CmdBusWidth
                0x0800406c       0x44 ./Drivers/STM32F7xx_HAL_Driver/Src/stm32f7xx_ll_sdmmc.o
                0x0800406c                SDMMC_CmdBusWidth
 .text.SDMMC_CmdSendSCR
                0x080040b0       0x42 ./Drivers/STM32F7xx_HAL_Driver/Src/stm32f7xx_ll_sdmmc.o
                0x080040b0                SDMMC_CmdSendSCR
 .text.SDMMC_CmdSendCID
                0x080040f2       0x3c ./Drivers/STM32F7xx_HAL_Driver/Src/stm32f7xx_ll_sdmmc.o
                0x080040f2                SDMMC_CmdSendCID
 .text.SDMMC_CmdSendCSD
                0x0800412e       0x3e ./Drivers/STM32F7xx_HAL_Driver/Src/stm32f7xx_ll_sdmmc.o
                0x0800412e                SDMMC_CmdSendCSD
 .text.SDMMC_CmdSetRelAdd
                0x0800416c       0x42 ./Drivers/STM32F7xx_HAL_Driver/Src/stm32f7xx_ll_sdmmc.o
                0x0800416c                SDMMC_CmdSetRelAdd
 .text.SDMMC_CmdSendStatus
                0x080041ae       0x44 ./Drivers/STM32F7xx_HAL_Driver/Src/stm32f7xx_ll_sdmmc.o
                0x080041ae                SDMMC_CmdSendStatus
 *fill*         0x080041f2        0x2 
 .text.SDMMC_GetCmdResp1
                0x080041f4      0x1dc ./Drivers/STM32F7xx_HAL_Driver/Src/stm32f7xx_ll_sdmmc.o
                0x080041f4                SDMMC_GetCmdResp1
 .text.SDMMC_GetCmdResp2
                0x080043d0       0x90 ./Drivers/STM32F7xx_HAL_Driver/Src/stm32f7xx_ll_sdmmc.o
                0x080043d0                SDMMC_GetCmdResp2
 .text.SDMMC_GetCmdResp3
                0x08004460       0x7c ./Drivers/STM32F7xx_HAL_Driver/Src/stm32f7xx_ll_sdmmc.o
                0x08004460                SDMMC_GetCmdResp3
 .text.SDMMC_GetCmdResp6
                0x080044dc       0xec ./Drivers/STM32F7xx_HAL_Driver/Src/stm32f7xx_ll_sdmmc.o
                0x080044dc                SDMMC_GetCmdResp6
 .text.SDMMC_GetCmdResp7
                0x080045c8       0x9c ./Drivers/STM32F7xx_HAL_Driver/Src/stm32f7xx_ll_sdmmc.o
                0x080045c8                SDMMC_GetCmdResp7
 .text.SDMMC_GetCmdError
                0x08004664       0x58 ./Drivers/STM32F7xx_HAL_Driver/Src/stm32f7xx_ll_sdmmc.o
 .text.SD_CheckStatusWithTimeout
                0x080046bc       0x3a ./FATFS/diskio.o
 *fill*         0x080046f6        0x2 
 .text.SD_CheckStatus
                0x080046f8       0x3c ./FATFS/diskio.o
 .text.disk_status
                0x08004734       0x1a ./FATFS/diskio.o
                0x08004734                disk_status
 *fill*         0x0800474e        0x2 
 .text.disk_initialize
                0x08004750       0x34 ./FATFS/diskio.o
                0x08004750                disk_initialize
 .text.disk_read
                0x08004784       0xac ./FATFS/diskio.o
                0x08004784                disk_read
 .text.disk_write
                0x08004830       0xac ./FATFS/diskio.o
                0x08004830                disk_write
 .text.disk_ioctl
                0x080048dc       0xb0 ./FATFS/diskio.o
                0x080048dc                disk_ioctl
 .text.BSP_SD_SDMMC_WriteCpltCallback
                0x0800498c       0x18 ./FATFS/diskio.o
                0x0800498c                BSP_SD_SDMMC_WriteCpltCallback
 .text.BSP_SD_SDMMC_ReadCpltCallback
                0x080049a4       0x18 ./FATFS/diskio.o
                0x080049a4                BSP_SD_SDMMC_ReadCpltCallback
 .text.get_fattime
                0x080049bc       0x10 ./FATFS/diskio.o
                0x080049bc                get_fattime
 .text.ld_word  0x080049cc       0x30 ./FATFS/ff.o
 .text.ld_dword
                0x080049fc       0x46 ./FATFS/ff.o
 .text.st_word  0x08004a42       0x36 ./FATFS/ff.o
 .text.st_dword
                0x08004a78       0x58 ./FATFS/ff.o
 .text.dbc_1st  0x08004ad0       0x22 ./FATFS/ff.o
 .text.dbc_2nd  0x08004af2       0x22 ./FATFS/ff.o
 .text.tchar2uni
                0x08004b14       0x8a ./FATFS/ff.o
 .text.sync_window
                0x08004b9e       0x78 ./FATFS/ff.o
 .text.move_window
                0x08004c16       0x5a ./FATFS/ff.o
 .text.sync_fs  0x08004c70       0xdc ./FATFS/ff.o
 .text.clst2sect
                0x08004d4c       0x3e ./FATFS/ff.o
 .text.get_fat  0x08004d8a      0x14e ./FATFS/ff.o
 .text.put_fat  0x08004ed8      0x1d4 ./FATFS/ff.o
 .text.remove_chain
                0x080050ac       0xca ./FATFS/ff.o
 .text.create_chain
                0x08005176      0x1a2 ./FATFS/ff.o
 .text.dir_clear
                0x08005318       0x90 ./FATFS/ff.o
 .text.dir_sdi  0x080053a8       0xf6 ./FATFS/ff.o
 .text.dir_next
                0x0800549e      0x12c ./FATFS/ff.o
 .text.dir_alloc
                0x080055ca       0x8e ./FATFS/ff.o
 .text.ld_clust
                0x08005658       0x3e ./FATFS/ff.o
 .text.st_clust
                0x08005696       0x40 ./FATFS/ff.o
 *fill*         0x080056d6        0x2 
 .text.cmp_lfn  0x080056d8       0xdc ./FATFS/ff.o
 .text.put_lfn  0x080057b4       0xd0 ./FATFS/ff.o
 .text.gen_numname
                0x08005884      0x14c ./FATFS/ff.o
 .text.sum_sfn  0x080059d0       0x42 ./FATFS/ff.o
 .text.dir_find
                0x08005a12      0x180 ./FATFS/ff.o
 *fill*         0x08005b92        0x2 
 .text.dir_register
                0x08005b94      0x1f0 ./FATFS/ff.o
 .text.create_name
                0x08005d84      0x458 ./FATFS/ff.o
 .text.follow_path
                0x080061dc      0x11c ./FATFS/ff.o
 .text.get_ldnumber
                0x080062f8       0x90 ./FATFS/ff.o
 .text.check_fs
                0x08006388      0x148 ./FATFS/ff.o
 .text.find_volume
                0x080064d0       0xbe ./FATFS/ff.o
 *fill*         0x0800658e        0x2 
 .text.mount_volume
                0x08006590      0x404 ./FATFS/ff.o
 .text.validate
                0x08006994       0x6a ./FATFS/ff.o
 *fill*         0x080069fe        0x2 
 .text.f_mount  0x08006a00       0x94 ./FATFS/ff.o
                0x08006a00                f_mount
 .text.f_open   0x08006a94      0x310 ./FATFS/ff.o
                0x08006a94                f_open
 .text.f_write  0x08006da4      0x2d2 ./FATFS/ff.o
                0x08006da4                f_write
 .text.f_sync   0x08007076       0xfc ./FATFS/ff.o
                0x08007076                f_sync
 .text.f_close  0x08007172       0x40 ./FATFS/ff.o
                0x08007172                f_close
 *fill*         0x080071b2        0x2 
 .text.ff_uni2oem
                0x080071b4       0x74 ./FATFS/ffunicode.o
                0x080071b4                ff_uni2oem
 .text.ff_oem2uni
                0x08007228       0x5c ./FATFS/ffunicode.o
                0x08007228                ff_oem2uni
 .text.ff_wtoupper
                0x08007284      0x124 ./FATFS/ffunicode.o
                0x08007284                ff_wtoupper
 .text.memcmp   0x080073a8       0x20 C:/ST/STM32CubeIDE_1.16.0/STM32CubeIDE/plugins/com.st.stm32cube.ide.mcu.externaltools.gnu-tools-for-stm32.12.3.rel1.win32_1.0.200.202406191623/tools/bin/../lib/gcc/arm-none-eabi/12.3.1/../../../../arm-none-eabi/lib/thumb/v7e-m+fp/hard\libc_nano.a(libc_a-memcmp.o)
                0x080073a8                memcmp
 .text.memset   0x080073c8       0x10 C:/ST/STM32CubeIDE_1.16.0/STM32CubeIDE/plugins/com.st.stm32cube.ide.mcu.externaltools.gnu-tools-for-stm32.12.3.rel1.win32_1.0.200.202406191623/tools/bin/../lib/gcc/arm-none-eabi/12.3.1/../../../../arm-none-eabi/lib/thumb/v7e-m+fp/hard\libc_nano.a(libc_a-memset.o)
                0x080073c8                memset
 .text.strchr   0x080073d8       0x1a C:/ST/STM32CubeIDE_1.16.0/STM32CubeIDE/plugins/com.st.stm32cube.ide.mcu.externaltools.gnu-tools-for-stm32.12.3.rel1.win32_1.0.200.202406191623/tools/bin/../lib/gcc/arm-none-eabi/12.3.1/../../../../arm-none-eabi/lib/thumb/v7e-m+fp/hard\libc_nano.a(libc_a-strchr.o)
                0x080073d8                strchr
 *fill*         0x080073f2        0x2 
 .text.__libc_init_array
                0x080073f4       0x48 C:/ST/STM32CubeIDE_1.16.0/STM32CubeIDE/plugins/com.st.stm32cube.ide.mcu.externaltools.gnu-tools-for-stm32.12.3.rel1.win32_1.0.200.202406191623/tools/bin/../lib/gcc/arm-none-eabi/12.3.1/../../../../arm-none-eabi/lib/thumb/v7e-m+fp/hard\libc_nano.a(libc_a-init.o)
                0x080073f4                __libc_init_array
 .text.memcpy   0x0800743c       0x1c C:/ST/STM32CubeIDE_1.16.0/STM32CubeIDE/plugins/com.st.stm32cube.ide.mcu.externaltools.gnu-tools-for-stm32.12.3.rel1.win32_1.0.200.202406191623/tools/bin/../lib/gcc/arm-none-eabi/12.3.1/../../../../arm-none-eabi/lib/thumb/v7e-m+fp/hard\libc_nano.a(libc_a-memcpy-stub.o)
                0x0800743c                memcpy
 *(.glue_7)
 .glue_7        0x08007458        0x0 linker stubs
 *(.glue_7t)
 .glue_7t       0x08007458        0x0 linker stubs
 *(.eh_frame)
 .eh_frame      0x08007458        0x0 C:/ST/STM32CubeIDE_1.16.0/STM32CubeIDE/plugins/com.st.stm32cube.ide.mcu.externaltools.gnu-tools-for-stm32.12.3.rel1.win32_1.0.200.202406191623/tools/bin/../lib/gcc/arm-none-eabi/12.3.1/thumb/v7e-m+fp/hard/crtbegin.o
 *(.init)
 .init          0x08007458        0x4 C:/ST/STM32CubeIDE_1.16.0/STM32CubeIDE/plugins/com.st.stm32cube.ide.mcu.externaltools.gnu-tools-for-stm32.12.3.rel1.win32_1.0.200.202406191623/tools/bin/../lib/gcc/arm-none-eabi/12.3.1/thumb/v7e-m+fp/hard/crti.o
                0x08007458                _init
 .init          0x0800745c        0x8 C:/ST/STM32CubeIDE_1.16.0/STM32CubeIDE/plugins/com.st.stm32cube.ide.mcu.externaltools.gnu-tools-for-stm32.12.3.rel1.win32_1.0.200.202406191623/tools/bin/../lib/gcc/arm-none-eabi/12.3.1/thumb/v7e-m+fp/hard/crtn.o
 *(.fini)
 .fini          0x08007464        0x4 C:/ST/STM32CubeIDE_1.16.0/STM32CubeIDE/plugins/com.st.stm32cube.ide.mcu.externaltools.gnu-tools-for-stm32.12.3.rel1.win32_1.0.200.202406191623/tools/bin/../lib/gcc/arm-none-eabi/12.3.1/thumb/v7e-m+fp/hard/crti.o
                0x08007464                _fini
 .fini          0x08007468        0x8 C:/ST/STM32CubeIDE_1.16.0/STM32CubeIDE/plugins/com.st.stm32cube.ide.mcu.externaltools.gnu-tools-for-stm32.12.3.rel1.win32_1.0.200.202406191623/tools/bin/../lib/gcc/arm-none-eabi/12.3.1/thumb/v7e-m+fp/hard/crtn.o
                0x08007470                        . = ALIGN (0x4)
                0x08007470                        _etext = .

.vfp11_veneer   0x08007470        0x0
 .vfp11_veneer  0x08007470        0x0 linker stubs

.v4_bx          0x08007470        0x0
 .v4_bx         0x08007470        0x0 linker stubs

.iplt           0x08007470        0x0
 .iplt          0x08007470        0x0 C:/ST/STM32CubeIDE_1.16.0/STM32CubeIDE/plugins/com.st.stm32cube.ide.mcu.externaltools.gnu-tools-for-stm32.12.3.rel1.win32_1.0.200.202406191623/tools/bin/../lib/gcc/arm-none-eabi/12.3.1/thumb/v7e-m+fp/hard/crtbegin.o

.rodata         0x08007470      0x4b4
                0x08007470                        . = ALIGN (0x4)
 *(.rodata)
 .rodata        0x08007470        0xe ./Core/Src/main.o
 *fill*         0x0800747e        0x2 
 .rodata        0x08007480       0x54 ./FATFS/ff.o
 *(.rodata*)
 .rodata.AHBPrescTable
                0x080074d4       0x10 ./Core/Src/system_stm32f7xx.o
                0x080074d4                AHBPrescTable
 .rodata.LfnOfs
                0x080074e4        0xd ./FATFS/ff.o
 *fill*         0x080074f1        0x3 
 .rodata.ExCvt  0x080074f4       0x80 ./FATFS/ff.o
 .rodata.uc850  0x08007574      0x100 ./FATFS/ffunicode.o
 .rodata.cvt1.1
                0x08007674      0x1f2 ./FATFS/ffunicode.o
 *fill*         0x08007866        0x2 
 .rodata.cvt2.0
                0x08007868       0xbc ./FATFS/ffunicode.o
                0x08007924                        . = ALIGN (0x4)

.ARM.extab      0x08007924        0x0
                0x08007924                        . = ALIGN (0x4)
 *(.ARM.extab* .gnu.linkonce.armextab.*)
                0x08007924                        . = ALIGN (0x4)

.ARM            0x08007924        0x8
                0x08007924                        . = ALIGN (0x4)
                0x08007924                        __exidx_start = .
 *(.ARM.exidx*)
 .ARM.exidx     0x08007924        0x8 C:/ST/STM32CubeIDE_1.16.0/STM32CubeIDE/plugins/com.st.stm32cube.ide.mcu.externaltools.gnu-tools-for-stm32.12.3.rel1.win32_1.0.200.202406191623/tools/bin/../lib/gcc/arm-none-eabi/12.3.1/thumb/v7e-m+fp/hard\libgcc.a(_udivmoddi4.o)
                0x0800792c                        __exidx_end = .
                0x0800792c                        . = ALIGN (0x4)

.preinit_array  0x0800792c        0x0
                0x0800792c                        . = ALIGN (0x4)
                0x0800792c                        PROVIDE (__preinit_array_start = .)
 *(.preinit_array*)
                0x0800792c                        PROVIDE (__preinit_array_end = .)
                0x0800792c                        . = ALIGN (0x4)

.init_array     0x0800792c        0x4
                0x0800792c                        . = ALIGN (0x4)
                0x0800792c                        PROVIDE (__init_array_start = .)
 *(SORT_BY_NAME(.init_array.*))
 *(.init_array*)
 .init_array    0x0800792c        0x4 C:/ST/STM32CubeIDE_1.16.0/STM32CubeIDE/plugins/com.st.stm32cube.ide.mcu.externaltools.gnu-tools-for-stm32.12.3.rel1.win32_1.0.200.202406191623/tools/bin/../lib/gcc/arm-none-eabi/12.3.1/thumb/v7e-m+fp/hard/crtbegin.o
                0x08007930                        PROVIDE (__init_array_end = .)
                0x08007930                        . = ALIGN (0x4)

.fini_array     0x08007930        0x4
                0x08007930                        . = ALIGN (0x4)
                [!provide]                        PROVIDE (__fini_array_start = .)
 *(SORT_BY_NAME(.fini_array.*))
 *(.fini_array*)
 .fini_array    0x08007930        0x4 C:/ST/STM32CubeIDE_1.16.0/STM32CubeIDE/plugins/com.st.stm32cube.ide.mcu.externaltools.gnu-tools-for-stm32.12.3.rel1.win32_1.0.200.202406191623/tools/bin/../lib/gcc/arm-none-eabi/12.3.1/thumb/v7e-m+fp/hard/crtbegin.o
                [!provide]                        PROVIDE (__fini_array_end = .)
                0x08007934                        . = ALIGN (0x4)
                0x08007934                        _sidata = LOADADDR (.data)

.rel.dyn        0x08007934        0x0
 .rel.iplt      0x08007934        0x0 C:/ST/STM32CubeIDE_1.16.0/STM32CubeIDE/plugins/com.st.stm32cube.ide.mcu.externaltools.gnu-tools-for-stm32.12.3.rel1.win32_1.0.200.202406191623/tools/bin/../lib/gcc/arm-none-eabi/12.3.1/thumb/v7e-m+fp/hard/crtbegin.o

.data           0x20000000       0x14 load address 0x08007934
                0x20000000                        . = ALIGN (0x4)
                0x20000000                        _sdata = .
 *(.data)
 *(.data*)
 .data.fr       0x20000000        0x1 ./Core/Src/main.o
                0x20000000                fr
 *fill*         0x20000001        0x3 
 .data.total_size
                0x20000004        0x4 ./Core/Src/main.o
                0x20000004                total_size
 .data.SystemCoreClock
                0x20000008        0x4 ./Core/Src/system_stm32f7xx.o
                0x20000008                SystemCoreClock
 .data.uwTickPrio
                0x2000000c        0x4 ./Drivers/STM32F7xx_HAL_Driver/Src/stm32f7xx_hal.o
                0x2000000c                uwTickPrio
 .data.uwTickFreq
                0x20000010        0x1 ./Drivers/STM32F7xx_HAL_Driver/Src/stm32f7xx_hal.o
                0x20000010                uwTickFreq
 .data.Stat     0x20000011        0x1 ./FATFS/diskio.o
 *(.RamFunc)
 *(.RamFunc*)
                0x20000014                        . = ALIGN (0x4)
 *fill*         0x20000012        0x2 
                0x20000014                        _edata = .

.igot.plt       0x20000014        0x0 load address 0x08007948
 .igot.plt      0x20000014        0x0 C:/ST/STM32CubeIDE_1.16.0/STM32CubeIDE/plugins/com.st.stm32cube.ide.mcu.externaltools.gnu-tools-for-stm32.12.3.rel1.win32_1.0.200.202406191623/tools/bin/../lib/gcc/arm-none-eabi/12.3.1/thumb/v7e-m+fp/hard/crtbegin.o
                0x20000014                        . = ALIGN (0x4)

.bss            0x20000014    0x2071c load address 0x08007948
                0x20000014                        _sbss = .
                0x20000014                        __bss_start__ = _sbss
 *(.bss)
 .bss           0x20000014       0x1c C:/ST/STM32CubeIDE_1.16.0/STM32CubeIDE/plugins/com.st.stm32cube.ide.mcu.externaltools.gnu-tools-for-stm32.12.3.rel1.win32_1.0.200.202406191623/tools/bin/../lib/gcc/arm-none-eabi/12.3.1/thumb/v7e-m+fp/hard/crtbegin.o
 *(.bss*)
 .bss.hsd1      0x20000030       0x84 ./Core/Src/main.o
                0x20000030                hsd1
 .bss.SDFatFs_main
                0x200000b4      0x238 ./Core/Src/main.o
                0x200000b4                SDFatFs_main
 .bss.MyFile    0x200002ec      0x228 ./Core/Src/main.o
                0x200002ec                MyFile
 .bss.buffer    0x20000514    0x20000 ./Core/Src/main.o
                0x20000514                buffer
 .bss.bw        0x20020514        0x4 ./Core/Src/main.o
                0x20020514                bw
 .bss.bytes_written
                0x20020518        0x4 ./Core/Src/main.o
                0x20020518                bytes_written
 .bss.uwTick    0x2002051c        0x4 ./Drivers/STM32F7xx_HAL_Driver/Src/stm32f7xx_hal.o
                0x2002051c                uwTick
 .bss.WriteStatus
                0x20020520        0x4 ./FATFS/diskio.o
 .bss.ReadStatus
                0x20020524        0x4 ./FATFS/diskio.o
 .bss.FatFs     0x20020528        0x4 ./FATFS/ff.o
 .bss.Fsid      0x2002052c        0x2 ./FATFS/ff.o
 .bss.CurrVol   0x2002052e        0x1 ./FATFS/ff.o
 *fill*         0x2002052f        0x1 
 .bss.LfnBuf    0x20020530      0x200 ./FATFS/ff.o
 *(COMMON)
                0x20020730                        . = ALIGN (0x4)
                0x20020730                        _ebss = .
                0x20020730                        __bss_end__ = _ebss

._user_heap_stack
                0x20020730      0x600 load address 0x08007948
                0x20020730                        . = ALIGN (0x8)
                [!provide]                        PROVIDE (end = .)
                0x20020730                        PROVIDE (_end = .)
                0x20020930                        . = (. + _Min_Heap_Size)
 *fill*         0x20020730      0x200 
                0x20020d30                        . = (. + _Min_Stack_Size)
 *fill*         0x20020930      0x400 
                0x20020d30                        . = ALIGN (0x8)

/DISCARD/
 libc.a(*)
 libm.a(*)
 libgcc.a(*)

.ARM.attributes
                0x00000000       0x30
 *(.ARM.attributes)
 .ARM.attributes
                0x00000000       0x22 C:/ST/STM32CubeIDE_1.16.0/STM32CubeIDE/plugins/com.st.stm32cube.ide.mcu.externaltools.gnu-tools-for-stm32.12.3.rel1.win32_1.0.200.202406191623/tools/bin/../lib/gcc/arm-none-eabi/12.3.1/thumb/v7e-m+fp/hard/crti.o
 .ARM.attributes
                0x00000022       0x34 C:/ST/STM32CubeIDE_1.16.0/STM32CubeIDE/plugins/com.st.stm32cube.ide.mcu.externaltools.gnu-tools-for-stm32.12.3.rel1.win32_1.0.200.202406191623/tools/bin/../lib/gcc/arm-none-eabi/12.3.1/thumb/v7e-m+fp/hard/crtbegin.o
 .ARM.attributes
                0x00000056       0x34 ./BSP/bsp_sd_sdmmc.o
 .ARM.attributes
                0x0000008a       0x34 ./Core/Src/main.o
 .ARM.attributes
                0x000000be       0x34 ./Core/Src/stm32f7xx_hal_msp.o
 .ARM.attributes
                0x000000f2       0x34 ./Core/Src/stm32f7xx_it.o
 .ARM.attributes
                0x00000126       0x34 ./Core/Src/system_stm32f7xx.o
 .ARM.attributes
                0x0000015a       0x21 ./Core/Startup/startup_stm32f746nghx.o
 .ARM.attributes
                0x0000017b       0x34 ./Drivers/STM32F7xx_HAL_Driver/Src/stm32f7xx_hal.o
 .ARM.attributes
                0x000001af       0x34 ./Drivers/STM32F7xx_HAL_Driver/Src/stm32f7xx_hal_cortex.o
 .ARM.attributes
                0x000001e3       0x34 ./Drivers/STM32F7xx_HAL_Driver/Src/stm32f7xx_hal_dma.o
 .ARM.attributes
                0x00000217       0x34 ./Drivers/STM32F7xx_HAL_Driver/Src/stm32f7xx_hal_gpio.o
 .ARM.attributes
                0x0000024b       0x34 ./Drivers/STM32F7xx_HAL_Driver/Src/stm32f7xx_hal_pwr_ex.o
 .ARM.attributes
                0x0000027f       0x34 ./Drivers/STM32F7xx_HAL_Driver/Src/stm32f7xx_hal_rcc.o
 .ARM.attributes
                0x000002b3       0x34 ./Drivers/STM32F7xx_HAL_Driver/Src/stm32f7xx_hal_rcc_ex.o
 .ARM.attributes
                0x000002e7       0x34 ./Drivers/STM32F7xx_HAL_Driver/Src/stm32f7xx_hal_sd.o
 .ARM.attributes
                0x0000031b       0x34 ./Drivers/STM32F7xx_HAL_Driver/Src/stm32f7xx_ll_sdmmc.o
 .ARM.attributes
                0x0000034f       0x34 ./FATFS/diskio.o
 .ARM.attributes
                0x00000383       0x34 ./FATFS/ff.o
 .ARM.attributes
                0x000003b7       0x34 ./FATFS/ffunicode.o
 .ARM.attributes
                0x000003eb       0x34 C:/ST/STM32CubeIDE_1.16.0/STM32CubeIDE/plugins/com.st.stm32cube.ide.mcu.externaltools.gnu-tools-for-stm32.12.3.rel1.win32_1.0.200.202406191623/tools/bin/../lib/gcc/arm-none-eabi/12.3.1/../../../../arm-none-eabi/lib/thumb/v7e-m+fp/hard\libc_nano.a(libc_a-memcmp.o)
 .ARM.attributes
                0x0000041f       0x34 C:/ST/STM32CubeIDE_1.16.0/STM32CubeIDE/plugins/com.st.stm32cube.ide.mcu.externaltools.gnu-tools-for-stm32.12.3.rel1.win32_1.0.200.202406191623/tools/bin/../lib/gcc/arm-none-eabi/12.3.1/../../../../arm-none-eabi/lib/thumb/v7e-m+fp/hard\libc_nano.a(libc_a-memset.o)
 .ARM.attributes
                0x00000453       0x34 C:/ST/STM32CubeIDE_1.16.0/STM32CubeIDE/plugins/com.st.stm32cube.ide.mcu.externaltools.gnu-tools-for-stm32.12.3.rel1.win32_1.0.200.202406191623/tools/bin/../lib/gcc/arm-none-eabi/12.3.1/../../../../arm-none-eabi/lib/thumb/v7e-m+fp/hard\libc_nano.a(libc_a-strchr.o)
 .ARM.attributes
                0x00000487       0x34 C:/ST/STM32CubeIDE_1.16.0/STM32CubeIDE/plugins/com.st.stm32cube.ide.mcu.externaltools.gnu-tools-for-stm32.12.3.rel1.win32_1.0.200.202406191623/tools/bin/../lib/gcc/arm-none-eabi/12.3.1/../../../../arm-none-eabi/lib/thumb/v7e-m+fp/hard\libc_nano.a(libc_a-init.o)
 .ARM.attributes
                0x000004bb       0x34 C:/ST/STM32CubeIDE_1.16.0/STM32CubeIDE/plugins/com.st.stm32cube.ide.mcu.externaltools.gnu-tools-for-stm32.12.3.rel1.win32_1.0.200.202406191623/tools/bin/../lib/gcc/arm-none-eabi/12.3.1/../../../../arm-none-eabi/lib/thumb/v7e-m+fp/hard\libc_nano.a(libc_a-memcpy-stub.o)
 .ARM.attributes
                0x000004ef       0x22 C:/ST/STM32CubeIDE_1.16.0/STM32CubeIDE/plugins/com.st.stm32cube.ide.mcu.externaltools.gnu-tools-for-stm32.12.3.rel1.win32_1.0.200.202406191623/tools/bin/../lib/gcc/arm-none-eabi/12.3.1/thumb/v7e-m+fp/hard\libgcc.a(_aeabi_uldivmod.o)
 .ARM.attributes
                0x00000511       0x34 C:/ST/STM32CubeIDE_1.16.0/STM32CubeIDE/plugins/com.st.stm32cube.ide.mcu.externaltools.gnu-tools-for-stm32.12.3.rel1.win32_1.0.200.202406191623/tools/bin/../lib/gcc/arm-none-eabi/12.3.1/thumb/v7e-m+fp/hard\libgcc.a(_udivmoddi4.o)
 .ARM.attributes
                0x00000545       0x22 C:/ST/STM32CubeIDE_1.16.0/STM32CubeIDE/plugins/com.st.stm32cube.ide.mcu.externaltools.gnu-tools-for-stm32.12.3.rel1.win32_1.0.200.202406191623/tools/bin/../lib/gcc/arm-none-eabi/12.3.1/thumb/v7e-m+fp/hard\libgcc.a(_dvmd_tls.o)
 .ARM.attributes
                0x00000567       0x22 C:/ST/STM32CubeIDE_1.16.0/STM32CubeIDE/plugins/com.st.stm32cube.ide.mcu.externaltools.gnu-tools-for-stm32.12.3.rel1.win32_1.0.200.202406191623/tools/bin/../lib/gcc/arm-none-eabi/12.3.1/thumb/v7e-m+fp/hard/crtn.o
OUTPUT(FATFS_F7_SDMMC_DMA.elf elf32-littlearm)
LOAD linker stubs
LOAD C:/ST/STM32CubeIDE_1.16.0/STM32CubeIDE/plugins/com.st.stm32cube.ide.mcu.externaltools.gnu-tools-for-stm32.12.3.rel1.win32_1.0.200.202406191623/tools/bin/../lib/gcc/arm-none-eabi/12.3.1/../../../../arm-none-eabi/lib/thumb/v7e-m+fp/hard\libc.a
LOAD C:/ST/STM32CubeIDE_1.16.0/STM32CubeIDE/plugins/com.st.stm32cube.ide.mcu.externaltools.gnu-tools-for-stm32.12.3.rel1.win32_1.0.200.202406191623/tools/bin/../lib/gcc/arm-none-eabi/12.3.1/../../../../arm-none-eabi/lib/thumb/v7e-m+fp/hard\libm.a
LOAD C:/ST/STM32CubeIDE_1.16.0/STM32CubeIDE/plugins/com.st.stm32cube.ide.mcu.externaltools.gnu-tools-for-stm32.12.3.rel1.win32_1.0.200.202406191623/tools/bin/../lib/gcc/arm-none-eabi/12.3.1/thumb/v7e-m+fp/hard\libgcc.a

.debug_info     0x00000000     0xd4de
 .debug_info    0x00000000      0xaad ./BSP/bsp_sd_sdmmc.o
 .debug_info    0x00000aad     0x1128 ./Core/Src/main.o
 .debug_info    0x00001bd5      0xf5a ./Core/Src/stm32f7xx_hal_msp.o
 .debug_info    0x00002b2f      0x71f ./Core/Src/stm32f7xx_it.o
 .debug_info    0x0000324e      0x6ed ./Core/Src/system_stm32f7xx.o
 .debug_info    0x0000393b       0x30 ./Core/Startup/startup_stm32f746nghx.o
 .debug_info    0x0000396b      0x9d8 ./Drivers/STM32F7xx_HAL_Driver/Src/stm32f7xx_hal.o
 .debug_info    0x00004343      0xf7e ./Drivers/STM32F7xx_HAL_Driver/Src/stm32f7xx_hal_cortex.o
 .debug_info    0x000052c1      0x8e7 ./Drivers/STM32F7xx_HAL_Driver/Src/stm32f7xx_hal_dma.o
 .debug_info    0x00005ba8      0x6e7 ./Drivers/STM32F7xx_HAL_Driver/Src/stm32f7xx_hal_gpio.o
 .debug_info    0x0000628f      0x8cd ./Drivers/STM32F7xx_HAL_Driver/Src/stm32f7xx_hal_pwr_ex.o
 .debug_info    0x00006b5c      0x8dc ./Drivers/STM32F7xx_HAL_Driver/Src/stm32f7xx_hal_rcc.o
 .debug_info    0x00007438      0x6bd ./Drivers/STM32F7xx_HAL_Driver/Src/stm32f7xx_hal_rcc_ex.o
 .debug_info    0x00007af5     0x1bd8 ./Drivers/STM32F7xx_HAL_Driver/Src/stm32f7xx_hal_sd.o
 .debug_info    0x000096cd     0x10b0 ./Drivers/STM32F7xx_HAL_Driver/Src/stm32f7xx_ll_sdmmc.o
 .debug_info    0x0000a77d      0x4a4 ./FATFS/diskio.o
 .debug_info    0x0000ac21     0x265c ./FATFS/ff.o
 .debug_info    0x0000d27d      0x261 ./FATFS/ffunicode.o

.debug_abbrev   0x00000000     0x2408
 .debug_abbrev  0x00000000      0x28c ./BSP/bsp_sd_sdmmc.o
 .debug_abbrev  0x0000028c      0x326 ./Core/Src/main.o
 .debug_abbrev  0x000005b2      0x1f4 ./Core/Src/stm32f7xx_hal_msp.o
 .debug_abbrev  0x000007a6      0x199 ./Core/Src/stm32f7xx_it.o
 .debug_abbrev  0x0000093f      0x13b ./Core/Src/system_stm32f7xx.o
 .debug_abbrev  0x00000a7a       0x24 ./Core/Startup/startup_stm32f746nghx.o
 .debug_abbrev  0x00000a9e      0x213 ./Drivers/STM32F7xx_HAL_Driver/Src/stm32f7xx_hal.o
 .debug_abbrev  0x00000cb1      0x31e ./Drivers/STM32F7xx_HAL_Driver/Src/stm32f7xx_hal_cortex.o
 .debug_abbrev  0x00000fcf      0x264 ./Drivers/STM32F7xx_HAL_Driver/Src/stm32f7xx_hal_dma.o
 .debug_abbrev  0x00001233      0x1d4 ./Drivers/STM32F7xx_HAL_Driver/Src/stm32f7xx_hal_gpio.o
 .debug_abbrev  0x00001407      0x1d5 ./Drivers/STM32F7xx_HAL_Driver/Src/stm32f7xx_hal_pwr_ex.o
 .debug_abbrev  0x000015dc      0x288 ./Drivers/STM32F7xx_HAL_Driver/Src/stm32f7xx_hal_rcc.o
 .debug_abbrev  0x00001864      0x1c9 ./Drivers/STM32F7xx_HAL_Driver/Src/stm32f7xx_hal_rcc_ex.o
 .debug_abbrev  0x00001a2d      0x299 ./Drivers/STM32F7xx_HAL_Driver/Src/stm32f7xx_hal_sd.o
 .debug_abbrev  0x00001cc6      0x1d8 ./Drivers/STM32F7xx_HAL_Driver/Src/stm32f7xx_ll_sdmmc.o
 .debug_abbrev  0x00001e9e      0x216 ./FATFS/diskio.o
 .debug_abbrev  0x000020b4      0x285 ./FATFS/ff.o
 .debug_abbrev  0x00002339       0xcf ./FATFS/ffunicode.o

.debug_aranges  0x00000000      0xbd8
 .debug_aranges
                0x00000000       0x98 ./BSP/bsp_sd_sdmmc.o
 .debug_aranges
                0x00000098       0x50 ./Core/Src/main.o
 .debug_aranges
                0x000000e8       0x30 ./Core/Src/stm32f7xx_hal_msp.o
 .debug_aranges
                0x00000118       0x68 ./Core/Src/stm32f7xx_it.o
 .debug_aranges
                0x00000180       0x28 ./Core/Src/system_stm32f7xx.o
 .debug_aranges
                0x000001a8       0x28 ./Core/Startup/startup_stm32f746nghx.o
 .debug_aranges
                0x000001d0      0x100 ./Drivers/STM32F7xx_HAL_Driver/Src/stm32f7xx_hal.o
 .debug_aranges
                0x000002d0      0x128 ./Drivers/STM32F7xx_HAL_Driver/Src/stm32f7xx_hal_cortex.o
 .debug_aranges
                0x000003f8       0x90 ./Drivers/STM32F7xx_HAL_Driver/Src/stm32f7xx_hal_dma.o
 .debug_aranges
                0x00000488       0x58 ./Drivers/STM32F7xx_HAL_Driver/Src/stm32f7xx_hal_gpio.o
 .debug_aranges
                0x000004e0       0x80 ./Drivers/STM32F7xx_HAL_Driver/Src/stm32f7xx_hal_pwr_ex.o
 .debug_aranges
                0x00000560       0x88 ./Drivers/STM32F7xx_HAL_Driver/Src/stm32f7xx_hal_rcc.o
 .debug_aranges
                0x000005e8       0x50 ./Drivers/STM32F7xx_HAL_Driver/Src/stm32f7xx_hal_rcc_ex.o
 .debug_aranges
                0x00000638      0x168 ./Drivers/STM32F7xx_HAL_Driver/Src/stm32f7xx_hal_sd.o
 .debug_aranges
                0x000007a0      0x188 ./Drivers/STM32F7xx_HAL_Driver/Src/stm32f7xx_ll_sdmmc.o
 .debug_aranges
                0x00000928       0x68 ./FATFS/diskio.o
 .debug_aranges
                0x00000990      0x218 ./FATFS/ff.o
 .debug_aranges
                0x00000ba8       0x30 ./FATFS/ffunicode.o

.debug_rnglists
                0x00000000      0x8f4
 .debug_rnglists
                0x00000000       0x6d ./BSP/bsp_sd_sdmmc.o
 .debug_rnglists
                0x0000006d       0x39 ./Core/Src/main.o
 .debug_rnglists
                0x000000a6       0x20 ./Core/Src/stm32f7xx_hal_msp.o
 .debug_rnglists
                0x000000c6       0x49 ./Core/Src/stm32f7xx_it.o
 .debug_rnglists
                0x0000010f       0x1a ./Core/Src/system_stm32f7xx.o
 .debug_rnglists
                0x00000129       0x19 ./Core/Startup/startup_stm32f746nghx.o
 .debug_rnglists
                0x00000142       0xbb ./Drivers/STM32F7xx_HAL_Driver/Src/stm32f7xx_hal.o
 .debug_rnglists
                0x000001fd       0xda ./Drivers/STM32F7xx_HAL_Driver/Src/stm32f7xx_hal_cortex.o
 .debug_rnglists
                0x000002d7       0x70 ./Drivers/STM32F7xx_HAL_Driver/Src/stm32f7xx_hal_dma.o
 .debug_rnglists
                0x00000347       0x3f ./Drivers/STM32F7xx_HAL_Driver/Src/stm32f7xx_hal_gpio.o
 .debug_rnglists
                0x00000386       0x5f ./Drivers/STM32F7xx_HAL_Driver/Src/stm32f7xx_hal_pwr_ex.o
 .debug_rnglists
                0x000003e5       0x67 ./Drivers/STM32F7xx_HAL_Driver/Src/stm32f7xx_hal_rcc.o
 .debug_rnglists
                0x0000044c       0x3c ./Drivers/STM32F7xx_HAL_Driver/Src/stm32f7xx_hal_rcc_ex.o
 .debug_rnglists
                0x00000488      0x121 ./Drivers/STM32F7xx_HAL_Driver/Src/stm32f7xx_hal_sd.o
 .debug_rnglists
                0x000005a9      0x125 ./Drivers/STM32F7xx_HAL_Driver/Src/stm32f7xx_ll_sdmmc.o
 .debug_rnglists
                0x000006ce       0x4c ./FATFS/diskio.o
 .debug_rnglists
                0x0000071a      0x1ba ./FATFS/ff.o
 .debug_rnglists
                0x000008d4       0x20 ./FATFS/ffunicode.o

.debug_macro    0x00000000    0x260d4
 .debug_macro   0x00000000      0x1e2 ./BSP/bsp_sd_sdmmc.o
 .debug_macro   0x000001e2      0xab4 ./BSP/bsp_sd_sdmmc.o
 .debug_macro   0x00000c96      0x28d ./BSP/bsp_sd_sdmmc.o
 .debug_macro   0x00000f23       0x2e ./BSP/bsp_sd_sdmmc.o
 .debug_macro   0x00000f51       0x3b ./BSP/bsp_sd_sdmmc.o
 .debug_macro   0x00000f8c       0x22 ./BSP/bsp_sd_sdmmc.o
 .debug_macro   0x00000fae       0x8e ./BSP/bsp_sd_sdmmc.o
 .debug_macro   0x0000103c       0x51 ./BSP/bsp_sd_sdmmc.o
 .debug_macro   0x0000108d      0x103 ./BSP/bsp_sd_sdmmc.o
 .debug_macro   0x00001190       0x6a ./BSP/bsp_sd_sdmmc.o
 .debug_macro   0x000011fa      0x1df ./BSP/bsp_sd_sdmmc.o
 .debug_macro   0x000013d9       0x1c ./BSP/bsp_sd_sdmmc.o
 .debug_macro   0x000013f5       0x22 ./BSP/bsp_sd_sdmmc.o
 .debug_macro   0x00001417       0xd9 ./BSP/bsp_sd_sdmmc.o
 .debug_macro   0x000014f0     0x12cd ./BSP/bsp_sd_sdmmc.o
 .debug_macro   0x000027bd      0x11f ./BSP/bsp_sd_sdmmc.o
 .debug_macro   0x000028dc       0x19 ./BSP/bsp_sd_sdmmc.o
 .debug_macro   0x000028f5    0x19222 ./BSP/bsp_sd_sdmmc.o
 .debug_macro   0x0001bb17       0x6d ./BSP/bsp_sd_sdmmc.o
 .debug_macro   0x0001bb84     0x3765 ./BSP/bsp_sd_sdmmc.o
 .debug_macro   0x0001f2e9      0x189 ./BSP/bsp_sd_sdmmc.o
 .debug_macro   0x0001f472       0x63 ./BSP/bsp_sd_sdmmc.o
 .debug_macro   0x0001f4d5     0x18ad ./BSP/bsp_sd_sdmmc.o
 .debug_macro   0x00020d82      0x6c4 ./BSP/bsp_sd_sdmmc.o
 .debug_macro   0x00021446      0x185 ./BSP/bsp_sd_sdmmc.o
 .debug_macro   0x000215cb      0x115 ./BSP/bsp_sd_sdmmc.o
 .debug_macro   0x000216e0      0x1fd ./BSP/bsp_sd_sdmmc.o
 .debug_macro   0x000218dd       0xa5 ./BSP/bsp_sd_sdmmc.o
 .debug_macro   0x00021982      0x24f ./BSP/bsp_sd_sdmmc.o
 .debug_macro   0x00021bd1       0x41 ./BSP/bsp_sd_sdmmc.o
 .debug_macro   0x00021c12       0x58 ./BSP/bsp_sd_sdmmc.o
 .debug_macro   0x00021c6a      0x236 ./BSP/bsp_sd_sdmmc.o
 .debug_macro   0x00021ea0      0x14e ./BSP/bsp_sd_sdmmc.o
 .debug_macro   0x00021fee      0x25a ./BSP/bsp_sd_sdmmc.o
 .debug_macro   0x00022248       0x12 ./BSP/bsp_sd_sdmmc.o
 .debug_macro   0x0002225a      0x22c ./BSP/bsp_sd_sdmmc.o
 .debug_macro   0x00022486       0x61 ./BSP/bsp_sd_sdmmc.o
 .debug_macro   0x000224e7       0xa5 ./BSP/bsp_sd_sdmmc.o
 .debug_macro   0x0002258c      0x12e ./BSP/bsp_sd_sdmmc.o
 .debug_macro   0x000226ba      0x108 ./BSP/bsp_sd_sdmmc.o
 .debug_macro   0x000227c2       0x35 ./BSP/bsp_sd_sdmmc.o
 .debug_macro   0x000227f7      0x773 ./BSP/bsp_sd_sdmmc.o
 .debug_macro   0x00022f6a      0x1d5 ./BSP/bsp_sd_sdmmc.o
 .debug_macro   0x0002313f      0x14d ./BSP/bsp_sd_sdmmc.o
 .debug_macro   0x0002328c       0x3a ./BSP/bsp_sd_sdmmc.o
 .debug_macro   0x000232c6      0x2c9 ./Core/Src/main.o
 .debug_macro   0x0002358f      0x10b ./Core/Src/main.o
 .debug_macro   0x0002369a       0xe8 ./Core/Src/main.o
 .debug_macro   0x00023782       0x61 ./Core/Src/main.o
 .debug_macro   0x000237e3       0x2a ./Core/Src/main.o
 .debug_macro   0x0002380d       0x43 ./Core/Src/main.o
 .debug_macro   0x00023850       0x34 ./Core/Src/main.o
 .debug_macro   0x00023884       0x16 ./Core/Src/main.o
 .debug_macro   0x0002389a       0x43 ./Core/Src/main.o
 .debug_macro   0x000238dd       0x34 ./Core/Src/main.o
 .debug_macro   0x00023911       0x10 ./Core/Src/main.o
 .debug_macro   0x00023921       0x58 ./Core/Src/main.o
 .debug_macro   0x00023979       0x8e ./Core/Src/main.o
 .debug_macro   0x00023a07       0x1c ./Core/Src/main.o
 .debug_macro   0x00023a23      0x177 ./Core/Src/main.o
 .debug_macro   0x00023b9a      0x369 ./Core/Src/main.o
 .debug_macro   0x00023f03       0x10 ./Core/Src/main.o
 .debug_macro   0x00023f13       0x35 ./Core/Src/main.o
 .debug_macro   0x00023f48       0x20 ./Core/Src/main.o
 .debug_macro   0x00023f68      0x1dd ./Core/Src/stm32f7xx_hal_msp.o
 .debug_macro   0x00024145      0x1e7 ./Core/Src/stm32f7xx_it.o
 .debug_macro   0x0002432c      0x1d3 ./Core/Src/system_stm32f7xx.o
 .debug_macro   0x000244ff      0x1f7 ./Drivers/STM32F7xx_HAL_Driver/Src/stm32f7xx_hal.o
 .debug_macro   0x000246f6      0x1d3 ./Drivers/STM32F7xx_HAL_Driver/Src/stm32f7xx_hal_cortex.o
 .debug_macro   0x000248c9      0x1d9 ./Drivers/STM32F7xx_HAL_Driver/Src/stm32f7xx_hal_dma.o
 .debug_macro   0x00024aa2      0x1d9 ./Drivers/STM32F7xx_HAL_Driver/Src/stm32f7xx_hal_gpio.o
 .debug_macro   0x00024c7b      0x1eb ./Drivers/STM32F7xx_HAL_Driver/Src/stm32f7xx_hal_pwr_ex.o
 .debug_macro   0x00024e66      0x1f7 ./Drivers/STM32F7xx_HAL_Driver/Src/stm32f7xx_hal_rcc.o
 .debug_macro   0x0002505d      0x1d3 ./Drivers/STM32F7xx_HAL_Driver/Src/stm32f7xx_hal_rcc_ex.o
 .debug_macro   0x00025230      0x1d4 ./Drivers/STM32F7xx_HAL_Driver/Src/stm32f7xx_hal_sd.o
 .debug_macro   0x00025404      0x1d4 ./Drivers/STM32F7xx_HAL_Driver/Src/stm32f7xx_ll_sdmmc.o
 .debug_macro   0x000255d8      0x20f ./FATFS/diskio.o
 .debug_macro   0x000257e7       0xd0 ./FATFS/diskio.o
 .debug_macro   0x000258b7      0x6ae ./FATFS/ff.o
 .debug_macro   0x00025f65       0xe2 ./FATFS/ff.o
 .debug_macro   0x00026047       0x8d ./FATFS/ffunicode.o

.debug_line     0x00000000     0xfdbb
 .debug_line    0x00000000      0x8ea ./BSP/bsp_sd_sdmmc.o
 .debug_line    0x000008ea      0xa2c ./Core/Src/main.o
 .debug_line    0x00001316      0x7bd ./Core/Src/stm32f7xx_hal_msp.o
 .debug_line    0x00001ad3      0x81e ./Core/Src/stm32f7xx_it.o
 .debug_line    0x000022f1      0x7c6 ./Core/Src/system_stm32f7xx.o
 .debug_line    0x00002ab7       0x7a ./Core/Startup/startup_stm32f746nghx.o
 .debug_line    0x00002b31      0xa66 ./Drivers/STM32F7xx_HAL_Driver/Src/stm32f7xx_hal.o
 .debug_line    0x00003597      0xd08 ./Drivers/STM32F7xx_HAL_Driver/Src/stm32f7xx_hal_cortex.o
 .debug_line    0x0000429f      0xfb5 ./Drivers/STM32F7xx_HAL_Driver/Src/stm32f7xx_hal_dma.o
 .debug_line    0x00005254      0xbec ./Drivers/STM32F7xx_HAL_Driver/Src/stm32f7xx_hal_gpio.o
 .debug_line    0x00005e40      0x9ea ./Drivers/STM32F7xx_HAL_Driver/Src/stm32f7xx_hal_pwr_ex.o
 .debug_line    0x0000682a      0xe95 ./Drivers/STM32F7xx_HAL_Driver/Src/stm32f7xx_hal_rcc.o
 .debug_line    0x000076bf      0xe4b ./Drivers/STM32F7xx_HAL_Driver/Src/stm32f7xx_hal_rcc_ex.o
 .debug_line    0x0000850a     0x1f1c ./Drivers/STM32F7xx_HAL_Driver/Src/stm32f7xx_hal_sd.o
 .debug_line    0x0000a426      0xfc0 ./Drivers/STM32F7xx_HAL_Driver/Src/stm32f7xx_ll_sdmmc.o
 .debug_line    0x0000b3e6      0x996 ./FATFS/diskio.o
 .debug_line    0x0000bd7c     0x3ae7 ./FATFS/ff.o
 .debug_line    0x0000f863      0x558 ./FATFS/ffunicode.o

.debug_str      0x00000000    0xe9f30
 .debug_str     0x00000000    0xdfabe ./BSP/bsp_sd_sdmmc.o
                              0xe0246 (size before relaxing)
 .debug_str     0x000dfabe     0x3c91 ./Core/Src/main.o
                              0xe3b62 (size before relaxing)
 .debug_str     0x000e374f      0x905 ./Core/Src/stm32f7xx_hal_msp.o
                              0xe08c8 (size before relaxing)
 .debug_str     0x000e4054       0xdb ./Core/Src/stm32f7xx_it.o
                              0xdff07 (size before relaxing)
 .debug_str     0x000e412f      0x1a4 ./Core/Src/system_stm32f7xx.o
                              0xdfc2a (size before relaxing)
 .debug_str     0x000e42d3       0x68 ./Core/Startup/startup_stm32f746nghx.o
 .debug_str     0x000e433b      0x416 ./Drivers/STM32F7xx_HAL_Driver/Src/stm32f7xx_hal.o
                              0xe0593 (size before relaxing)
 .debug_str     0x000e4751      0x2a9 ./Drivers/STM32F7xx_HAL_Driver/Src/stm32f7xx_hal_cortex.o
                              0xe05b0 (size before relaxing)
 .debug_str     0x000e49fa      0x32d ./Drivers/STM32F7xx_HAL_Driver/Src/stm32f7xx_hal_dma.o
                              0xdff69 (size before relaxing)
 .debug_str     0x000e4d27      0x146 ./Drivers/STM32F7xx_HAL_Driver/Src/stm32f7xx_hal_gpio.o
                              0xdfce8 (size before relaxing)
 .debug_str     0x000e4e6d      0x1d1 ./Drivers/STM32F7xx_HAL_Driver/Src/stm32f7xx_hal_pwr_ex.o
                              0xdfe99 (size before relaxing)
 .debug_str     0x000e503e      0x252 ./Drivers/STM32F7xx_HAL_Driver/Src/stm32f7xx_hal_rcc.o
                              0xdff8c (size before relaxing)
 .debug_str     0x000e5290      0x147 ./Drivers/STM32F7xx_HAL_Driver/Src/stm32f7xx_hal_rcc_ex.o
                              0xdfec4 (size before relaxing)
 .debug_str     0x000e53d7      0x80f ./Drivers/STM32F7xx_HAL_Driver/Src/stm32f7xx_hal_sd.o
                              0xe08b9 (size before relaxing)
 .debug_str     0x000e5be6      0x22f ./Drivers/STM32F7xx_HAL_Driver/Src/stm32f7xx_ll_sdmmc.o
                              0xdffde (size before relaxing)
 .debug_str     0x000e5e15      0x31a ./FATFS/diskio.o
                              0xe046d (size before relaxing)
 .debug_str     0x000e612f     0x3dab ./FATFS/ff.o
                               0xb9d8 (size before relaxing)
 .debug_str     0x000e9eda       0x56 ./FATFS/ffunicode.o
                               0x42c1 (size before relaxing)

.comment        0x00000000       0x43
 .comment       0x00000000       0x43 ./BSP/bsp_sd_sdmmc.o
                                 0x44 (size before relaxing)
 .comment       0x00000043       0x44 ./Core/Src/main.o
 .comment       0x00000043       0x44 ./Core/Src/stm32f7xx_hal_msp.o
 .comment       0x00000043       0x44 ./Core/Src/stm32f7xx_it.o
 .comment       0x00000043       0x44 ./Core/Src/system_stm32f7xx.o
 .comment       0x00000043       0x44 ./Drivers/STM32F7xx_HAL_Driver/Src/stm32f7xx_hal.o
 .comment       0x00000043       0x44 ./Drivers/STM32F7xx_HAL_Driver/Src/stm32f7xx_hal_cortex.o
 .comment       0x00000043       0x44 ./Drivers/STM32F7xx_HAL_Driver/Src/stm32f7xx_hal_dma.o
 .comment       0x00000043       0x44 ./Drivers/STM32F7xx_HAL_Driver/Src/stm32f7xx_hal_gpio.o
 .comment       0x00000043       0x44 ./Drivers/STM32F7xx_HAL_Driver/Src/stm32f7xx_hal_pwr_ex.o
 .comment       0x00000043       0x44 ./Drivers/STM32F7xx_HAL_Driver/Src/stm32f7xx_hal_rcc.o
 .comment       0x00000043       0x44 ./Drivers/STM32F7xx_HAL_Driver/Src/stm32f7xx_hal_rcc_ex.o
 .comment       0x00000043       0x44 ./Drivers/STM32F7xx_HAL_Driver/Src/stm32f7xx_hal_sd.o
 .comment       0x00000043       0x44 ./Drivers/STM32F7xx_HAL_Driver/Src/stm32f7xx_ll_sdmmc.o
 .comment       0x00000043       0x44 ./FATFS/diskio.o
 .comment       0x00000043       0x44 ./FATFS/ff.o
 .comment       0x00000043       0x44 ./FATFS/ffunicode.o

.debug_frame    0x00000000     0x2fe8
 .debug_frame   0x00000000      0x23c ./BSP/bsp_sd_sdmmc.o
 .debug_frame   0x0000023c       0xfc ./Core/Src/main.o
 .debug_frame   0x00000338       0x84 ./Core/Src/stm32f7xx_hal_msp.o
 .debug_frame   0x000003bc      0x120 ./Core/Src/stm32f7xx_it.o
 .debug_frame   0x000004dc       0x58 ./Core/Src/system_stm32f7xx.o
 .debug_frame   0x00000534      0x3b4 ./Drivers/STM32F7xx_HAL_Driver/Src/stm32f7xx_hal.o
 .debug_frame   0x000008e8      0x4e8 ./Drivers/STM32F7xx_HAL_Driver/Src/stm32f7xx_hal_cortex.o
 .debug_frame   0x00000dd0      0x250 ./Drivers/STM32F7xx_HAL_Driver/Src/stm32f7xx_hal_dma.o
 .debug_frame   0x00001020      0x14c ./Drivers/STM32F7xx_HAL_Driver/Src/stm32f7xx_hal_gpio.o
 .debug_frame   0x0000116c      0x1c8 ./Drivers/STM32F7xx_HAL_Driver/Src/stm32f7xx_hal_pwr_ex.o
 .debug_frame   0x00001334      0x1f8 ./Drivers/STM32F7xx_HAL_Driver/Src/stm32f7xx_hal_rcc.o
 .debug_frame   0x0000152c      0x118 ./Drivers/STM32F7xx_HAL_Driver/Src/stm32f7xx_hal_rcc_ex.o
 .debug_frame   0x00001644      0x650 ./Drivers/STM32F7xx_HAL_Driver/Src/stm32f7xx_hal_sd.o
 .debug_frame   0x00001c94      0x6d0 ./Drivers/STM32F7xx_HAL_Driver/Src/stm32f7xx_ll_sdmmc.o
 .debug_frame   0x00002364      0x16c ./FATFS/diskio.o
 .debug_frame   0x000024d0      0x974 ./FATFS/ff.o
 .debug_frame   0x00002e44       0x88 ./FATFS/ffunicode.o
 .debug_frame   0x00002ecc       0x28 C:/ST/STM32CubeIDE_1.16.0/STM32CubeIDE/plugins/com.st.stm32cube.ide.mcu.externaltools.gnu-tools-for-stm32.12.3.rel1.win32_1.0.200.202406191623/tools/bin/../lib/gcc/arm-none-eabi/12.3.1/../../../../arm-none-eabi/lib/thumb/v7e-m+fp/hard\libc_nano.a(libc_a-memcmp.o)
 .debug_frame   0x00002ef4       0x20 C:/ST/STM32CubeIDE_1.16.0/STM32CubeIDE/plugins/com.st.stm32cube.ide.mcu.externaltools.gnu-tools-for-stm32.12.3.rel1.win32_1.0.200.202406191623/tools/bin/../lib/gcc/arm-none-eabi/12.3.1/../../../../arm-none-eabi/lib/thumb/v7e-m+fp/hard\libc_nano.a(libc_a-memset.o)
 .debug_frame   0x00002f14       0x20 C:/ST/STM32CubeIDE_1.16.0/STM32CubeIDE/plugins/com.st.stm32cube.ide.mcu.externaltools.gnu-tools-for-stm32.12.3.rel1.win32_1.0.200.202406191623/tools/bin/../lib/gcc/arm-none-eabi/12.3.1/../../../../arm-none-eabi/lib/thumb/v7e-m+fp/hard\libc_nano.a(libc_a-strchr.o)
 .debug_frame   0x00002f34       0x2c C:/ST/STM32CubeIDE_1.16.0/STM32CubeIDE/plugins/com.st.stm32cube.ide.mcu.externaltools.gnu-tools-for-stm32.12.3.rel1.win32_1.0.200.202406191623/tools/bin/../lib/gcc/arm-none-eabi/12.3.1/../../../../arm-none-eabi/lib/thumb/v7e-m+fp/hard\libc_nano.a(libc_a-init.o)
 .debug_frame   0x00002f60       0x28 C:/ST/STM32CubeIDE_1.16.0/STM32CubeIDE/plugins/com.st.stm32cube.ide.mcu.externaltools.gnu-tools-for-stm32.12.3.rel1.win32_1.0.200.202406191623/tools/bin/../lib/gcc/arm-none-eabi/12.3.1/../../../../arm-none-eabi/lib/thumb/v7e-m+fp/hard\libc_nano.a(libc_a-memcpy-stub.o)
 .debug_frame   0x00002f88       0x2c C:/ST/STM32CubeIDE_1.16.0/STM32CubeIDE/plugins/com.st.stm32cube.ide.mcu.externaltools.gnu-tools-for-stm32.12.3.rel1.win32_1.0.200.202406191623/tools/bin/../lib/gcc/arm-none-eabi/12.3.1/thumb/v7e-m+fp/hard\libgcc.a(_aeabi_uldivmod.o)
 .debug_frame   0x00002fb4       0x34 C:/ST/STM32CubeIDE_1.16.0/STM32CubeIDE/plugins/com.st.stm32cube.ide.mcu.externaltools.gnu-tools-for-stm32.12.3.rel1.win32_1.0.200.202406191623/tools/bin/../lib/gcc/arm-none-eabi/12.3.1/thumb/v7e-m+fp/hard\libgcc.a(_udivmoddi4.o)

.debug_line_str
                0x00000000       0x4c
 .debug_line_str
                0x00000000       0x4c ./Core/Startup/startup_stm32f746nghx.o
